Archive member included to satisfy reference by file (symbol)

c:/program files (x86)/atmel/studio/7.0/toolchain/arm/arm-gnu-toolchain/bin/../lib/gcc/arm-none-eabi/6.3.1/../../../../arm-none-eabi/lib/thumb/v7e-m\libc.a(lib_a-exit.o)
                              c:/program files (x86)/atmel/studio/7.0/toolchain/arm/arm-gnu-toolchain/bin/../lib/gcc/arm-none-eabi/6.3.1/../../../../arm-none-eabi/lib/thumb/v7e-m/crt0.o (exit)
c:/program files (x86)/atmel/studio/7.0/toolchain/arm/arm-gnu-toolchain/bin/../lib/gcc/arm-none-eabi/6.3.1/../../../../arm-none-eabi/lib/thumb/v7e-m\libc.a(lib_a-impure.o)
                              c:/program files (x86)/atmel/studio/7.0/toolchain/arm/arm-gnu-toolchain/bin/../lib/gcc/arm-none-eabi/6.3.1/../../../../arm-none-eabi/lib/thumb/v7e-m\libc.a(lib_a-exit.o) (_global_impure_ptr)
c:/program files (x86)/atmel/studio/7.0/toolchain/arm/arm-gnu-toolchain/bin/../lib/gcc/arm-none-eabi/6.3.1/../../../../arm-none-eabi/lib/thumb/v7e-m\libc.a(lib_a-init.o)
                              c:/program files (x86)/atmel/studio/7.0/toolchain/arm/arm-gnu-toolchain/bin/../lib/gcc/arm-none-eabi/6.3.1/../../../../arm-none-eabi/lib/thumb/v7e-m/crt0.o (__libc_init_array)
c:/program files (x86)/atmel/studio/7.0/toolchain/arm/arm-gnu-toolchain/bin/../lib/gcc/arm-none-eabi/6.3.1/../../../../arm-none-eabi/lib/thumb/v7e-m\libc.a(lib_a-iprintf.o)
                              src/main.o (iprintf)
c:/program files (x86)/atmel/studio/7.0/toolchain/arm/arm-gnu-toolchain/bin/../lib/gcc/arm-none-eabi/6.3.1/../../../../arm-none-eabi/lib/thumb/v7e-m\libc.a(lib_a-memset.o)
                              c:/program files (x86)/atmel/studio/7.0/toolchain/arm/arm-gnu-toolchain/bin/../lib/gcc/arm-none-eabi/6.3.1/../../../../arm-none-eabi/lib/thumb/v7e-m/crt0.o (memset)
c:/program files (x86)/atmel/studio/7.0/toolchain/arm/arm-gnu-toolchain/bin/../lib/gcc/arm-none-eabi/6.3.1/../../../../arm-none-eabi/lib/thumb/v7e-m\libc.a(lib_a-setbuf.o)
                              src/uart.o (setbuf)
c:/program files (x86)/atmel/studio/7.0/toolchain/arm/arm-gnu-toolchain/bin/../lib/gcc/arm-none-eabi/6.3.1/../../../../arm-none-eabi/lib/thumb/v7e-m\libc.a(lib_a-setvbuf.o)
                              c:/program files (x86)/atmel/studio/7.0/toolchain/arm/arm-gnu-toolchain/bin/../lib/gcc/arm-none-eabi/6.3.1/../../../../arm-none-eabi/lib/thumb/v7e-m\libc.a(lib_a-setbuf.o) (setvbuf)
c:/program files (x86)/atmel/studio/7.0/toolchain/arm/arm-gnu-toolchain/bin/../lib/gcc/arm-none-eabi/6.3.1/../../../../arm-none-eabi/lib/thumb/v7e-m\libc.a(lib_a-vfiprintf.o)
                              c:/program files (x86)/atmel/studio/7.0/toolchain/arm/arm-gnu-toolchain/bin/../lib/gcc/arm-none-eabi/6.3.1/../../../../arm-none-eabi/lib/thumb/v7e-m\libc.a(lib_a-iprintf.o) (_vfiprintf_r)
c:/program files (x86)/atmel/studio/7.0/toolchain/arm/arm-gnu-toolchain/bin/../lib/gcc/arm-none-eabi/6.3.1/../../../../arm-none-eabi/lib/thumb/v7e-m\libc.a(lib_a-wsetup.o)
                              c:/program files (x86)/atmel/studio/7.0/toolchain/arm/arm-gnu-toolchain/bin/../lib/gcc/arm-none-eabi/6.3.1/../../../../arm-none-eabi/lib/thumb/v7e-m\libc.a(lib_a-vfiprintf.o) (__swsetup_r)
c:/program files (x86)/atmel/studio/7.0/toolchain/arm/arm-gnu-toolchain/bin/../lib/gcc/arm-none-eabi/6.3.1/../../../../arm-none-eabi/lib/thumb/v7e-m\libc.a(lib_a-__call_atexit.o)
                              c:/program files (x86)/atmel/studio/7.0/toolchain/arm/arm-gnu-toolchain/bin/../lib/gcc/arm-none-eabi/6.3.1/../../../../arm-none-eabi/lib/thumb/v7e-m\libc.a(lib_a-exit.o) (__call_exitprocs)
c:/program files (x86)/atmel/studio/7.0/toolchain/arm/arm-gnu-toolchain/bin/../lib/gcc/arm-none-eabi/6.3.1/../../../../arm-none-eabi/lib/thumb/v7e-m\libc.a(lib_a-atexit.o)
                              c:/program files (x86)/atmel/studio/7.0/toolchain/arm/arm-gnu-toolchain/bin/../lib/gcc/arm-none-eabi/6.3.1/../../../../arm-none-eabi/lib/thumb/v7e-m\libc.a(lib_a-__call_atexit.o) (atexit)
c:/program files (x86)/atmel/studio/7.0/toolchain/arm/arm-gnu-toolchain/bin/../lib/gcc/arm-none-eabi/6.3.1/../../../../arm-none-eabi/lib/thumb/v7e-m\libc.a(lib_a-fflush.o)
                              c:/program files (x86)/atmel/studio/7.0/toolchain/arm/arm-gnu-toolchain/bin/../lib/gcc/arm-none-eabi/6.3.1/../../../../arm-none-eabi/lib/thumb/v7e-m\libc.a(lib_a-setvbuf.o) (_fflush_r)
c:/program files (x86)/atmel/studio/7.0/toolchain/arm/arm-gnu-toolchain/bin/../lib/gcc/arm-none-eabi/6.3.1/../../../../arm-none-eabi/lib/thumb/v7e-m\libc.a(lib_a-findfp.o)
                              c:/program files (x86)/atmel/studio/7.0/toolchain/arm/arm-gnu-toolchain/bin/../lib/gcc/arm-none-eabi/6.3.1/../../../../arm-none-eabi/lib/thumb/v7e-m\libc.a(lib_a-setvbuf.o) (__sinit)
c:/program files (x86)/atmel/studio/7.0/toolchain/arm/arm-gnu-toolchain/bin/../lib/gcc/arm-none-eabi/6.3.1/../../../../arm-none-eabi/lib/thumb/v7e-m\libc.a(lib_a-fini.o)
[...]
Memory Configuration

Name             Origin             Length             Attributes
rom              0x00000000         0x00040000         xr
ram              0x20000000         0x00008000         xrw
*default*        0x00000000         0xffffffff

Linker script and memory map

LOAD c:/program files (x86)/atmel/studio/7.0/toolchain/arm/arm-gnu-toolchain/bin/../lib/gcc/arm-none-eabi/6.3.1/thumb/v7e-m/crti.o
LOAD c:/program files (x86)/atmel/studio/7.0/toolchain/arm/arm-gnu-toolchain/bin/../lib/gcc/arm-none-eabi/6.3.1/thumb/v7e-m/crtbegin.o
LOAD c:/program files (x86)/atmel/studio/7.0/toolchain/arm/arm-gnu-toolchain/bin/../lib/gcc/arm-none-eabi/6.3.1/../../../../arm-none-eabi/lib/thumb/v7e-m/crt0.o
LOAD src/ASF/common/utils/stdio/read.o
LOAD src/ASF/sam/drivers/usart/usart.o
LOAD src/ASF/common/utils/stdio/write.o
LOAD src/ASF/common/services/serial/usart_serial.o
LOAD src/ASF/sam/drivers/tc/tc.o
LOAD src/uart.o
LOAD src/ASF/common/services/clock/sam4l/dfll.o
LOAD src/ASF/common/services/clock/sam4l/osc.o
LOAD src/ASF/common/services/clock/sam4l/pll.o
LOAD src/ASF/common/services/clock/sam4l/sysclk.o
LOAD src/ASF/common/utils/interrupt/interrupt_sam_nvic.o
LOAD src/ASF/sam/boards/sam4l_xplained_pro/init.o
LOAD src/ASF/sam/drivers/bpm/bpm.o
LOAD src/ASF/sam/drivers/flashcalw/flashcalw.o
LOAD src/ASF/sam/drivers/wdt/wdt_sam4l.o
LOAD src/ASF/sam/utils/cmsis/sam4l/source/templates/exceptions.o
LOAD src/ASF/sam/utils/cmsis/sam4l/source/templates/gcc/startup_sam4l.o
LOAD src/ASF/sam/utils/cmsis/sam4l/source/templates/system_sam4l.o
LOAD src/ASF/sam/utils/syscalls/gcc/syscalls.o
LOAD src/main.o
START GROUP
LOAD ../src/ASF/thirdparty/CMSIS/Lib/GCC\libarm_cortexM4l_math.a
LOAD c:/program files (x86)/atmel/studio/7.0/toolchain/arm/arm-gnu-toolchain/bin/../lib/gcc/arm-none-eabi/6.3.1/../../../../arm-none-eabi/lib/thumb/v7e-m\libm.a
END GROUP
START GROUP
LOAD c:/program files (x86)/atmel/studio/7.0/toolchain/arm/arm-gnu-toolchain/bin/../lib/gcc/arm-none-eabi/6.3.1/thumb/v7e-m\libgcc.a
LOAD c:/program files (x86)/atmel/studio/7.0/toolchain/arm/arm-gnu-toolchain/bin/../lib/gcc/arm-none-eabi/6.3.1/../../../../arm-none-eabi/lib/thumb/v7e-m\libc.a
END GROUP
LOAD c:/program files (x86)/atmel/studio/7.0/toolchain/arm/arm-gnu-toolchain/bin/../lib/gcc/arm-none-eabi/6.3.1/thumb/v7e-m/crtend.o
LOAD c:/program files (x86)/atmel/studio/7.0/toolchain/arm/arm-gnu-toolchain/bin/../lib/gcc/arm-none-eabi/6.3.1/thumb/v7e-m/crtn.o
                0x00001000                __stack_size__ = DEFINED (__stack_size__)?__stack_size__:0x1000
                0x20007ffc                __ram_end__ = ((ORIGIN (ram) + LENGTH (ram)) - 0x4)

.text           0x00000000     0x48b0
                0x00000000                . = ALIGN (0x4)
                0x00000000                _sfixed = .
 *(.vectors .vectors.*)
 .vectors       0x00000000      0x180 src/ASF/sam/utils/cmsis/sam4l/source/templates/gcc/startup_sam4l.o
                0x00000000                exception_table
 *(.text .text.* .gnu.linkonce.t.*)
 .text          0x00000180       0x6c c:/program files (x86)/atmel/studio/7.0/toolchain/arm/arm-gnu-toolchain/bin/../lib/gcc/arm-none-eabi/6.3.1/thumb/v7e-m/crtbegin.o
 .text._read    0x000001ec       0x3c src/ASF/common/utils/stdio/read.o
                0x000001ec                _read
 .text.usart_set_async_baudrate
                0x00000228       0x58 src/ASF/sam/drivers/usart/usart.o
                0x00000228                usart_set_async_baudrate
 .text.usart_reset
                0x00000280       0x30 src/ASF/sam/drivers/usart/usart.o
                0x00000280                usart_reset
 .text.usart_init_rs232
                0x000002b0       0x54 src/ASF/sam/drivers/usart/usart.o
                0x000002b0                usart_init_rs232
 .text.usart_enable_tx
                0x00000304        0x6 src/ASF/sam/drivers/usart/usart.o
                0x00000304                usart_enable_tx
 .text.usart_enable_rx
                0x0000030a        0x6 src/ASF/sam/drivers/usart/usart.o
                0x0000030a                usart_enable_rx
 .text.usart_write
                0x00000310       0x14 src/ASF/sam/drivers/usart/usart.o
                0x00000310                usart_write
 .text.usart_read
                0x00000324       0x18 src/ASF/sam/drivers/usart/usart.o
                0x00000324                usart_read
 .text._write   0x0000033c       0x50 src/ASF/common/utils/stdio/write.o
                0x0000033c                _write
 .text.tc_init  0x0000038c       0x18 src/ASF/sam/drivers/tc/tc.o
                0x0000038c                tc_init
 .text.tc_start
                0x000003a4        0x8 src/ASF/sam/drivers/tc/tc.o
                0x000003a4                tc_start
 .text.tc_read_ra
                0x000003ac        0x8 src/ASF/sam/drivers/tc/tc.o
                0x000003ac                tc_read_ra
 .text.tc_read_rb
                0x000003b4        0x8 src/ASF/sam/drivers/tc/tc.o
                0x000003b4                tc_read_rb
 .text.tc_write_ra
                0x000003bc        0x8 src/ASF/sam/drivers/tc/tc.o
                0x000003bc                tc_write_ra
 .text.tc_write_rc
                0x000003c4        0x8 src/ASF/sam/drivers/tc/tc.o
                0x000003c4                tc_write_rc
 .text.tc_enable_interrupt
                0x000003cc        0x8 src/ASF/sam/drivers/tc/tc.o
                0x000003cc                tc_enable_interrupt
 .text.tc_get_status
                0x000003d4        0x8 src/ASF/sam/drivers/tc/tc.o
                0x000003d4                tc_get_status
 .text.usart_serial_getchar
                0x000003dc       0x8c src/uart.o
 .text.usart_serial_putchar
                0x00000468       0x7c src/uart.o
 .text.uart_init
                0x000004e4       0x9c src/uart.o
                0x000004e4                uart_init
 .text.sysclk_priv_enable_module
                0x00000580       0x60 src/ASF/common/services/clock/sam4l/sysclk.o
                0x00000580                sysclk_priv_enable_module
 .text.sysclk_priv_disable_module
                0x000005e0       0x60 src/ASF/common/services/clock/sam4l/sysclk.o
                0x000005e0                sysclk_priv_disable_module
 .text.sysclk_enable_pba_module
                0x00000640       0x58 src/ASF/common/services/clock/sam4l/sysclk.o
                0x00000640                sysclk_enable_pba_module
 .text.sysclk_disable_pba_module
                0x00000698       0x54 src/ASF/common/services/clock/sam4l/sysclk.o
                0x00000698                sysclk_disable_pba_module
 .text.sysclk_enable_pbb_module
                0x000006ec       0x58 src/ASF/common/services/clock/sam4l/sysclk.o
                0x000006ec                sysclk_enable_pbb_module
 .text.sysclk_disable_pbb_module
                0x00000744       0x54 src/ASF/common/services/clock/sam4l/sysclk.o
                0x00000744                sysclk_disable_pbb_module
 .text.sysclk_get_peripheral_bus_hz
                0x00000798      0x1b0 src/ASF/common/services/clock/sam4l/sysclk.o
                0x00000798                sysclk_get_peripheral_bus_hz
 .text.sysclk_enable_peripheral_clock
                0x00000948      0x3f4 src/ASF/common/services/clock/sam4l/sysclk.o
                0x00000948                sysclk_enable_peripheral_clock
 .text.sysclk_disable_peripheral_clock
                0x00000d3c      0x3ac src/ASF/common/services/clock/sam4l/sysclk.o
                0x00000d3c                sysclk_disable_peripheral_clock
 .text.sysclk_init
                0x000010e8       0x7c src/ASF/common/services/clock/sam4l/sysclk.o
                0x000010e8                sysclk_init
 .text.board_init
                0x00001164       0xa0 src/ASF/sam/boards/sam4l_xplained_pro/init.o
                0x00001164                board_init
 .text.bpm_power_scaling_cpu_failsafe
                0x00001204       0x74 src/ASF/sam/drivers/bpm/bpm.o
                0x00001204                bpm_power_scaling_cpu_failsafe
 .text.bpm_get_status
                0x00001278        0x4 src/ASF/sam/drivers/bpm/bpm.o
                0x00001278                bpm_get_status
 .text.wdt_set_ctrl
                0x0000127c       0x38 src/ASF/sam/drivers/wdt/wdt_sam4l.o
 .text.wdt_get_config_defaults
                0x000012b4       0x18 src/ASF/sam/drivers/wdt/wdt_sam4l.o
                0x000012b4                wdt_get_config_defaults
 .text.wdt_init
                0x000012cc       0xb4 src/ASF/sam/drivers/wdt/wdt_sam4l.o
                0x000012cc                wdt_init
 .text.wdt_disable
                0x00001380       0x28 src/ASF/sam/drivers/wdt/wdt_sam4l.o
                0x00001380                wdt_disable
 .text.Dummy_Handler
                0x000013a8        0x2 src/ASF/sam/utils/cmsis/sam4l/source/templates/exceptions.o
                0x000013a8                EIC_5_Handler
                0x000013a8                DACC_Handler
                0x000013a8                DebugMon_Handler
                0x000013a8                TRNG_Handler
                0x000013a8                HardFault_Handler
                0x000013a8                SPI_Handler
                0x000013a8                EIC_4_Handler
                0x000013a8                GPIO_5_Handler
                0x000013a8                SysTick_Handler
                0x000013a8                PDCA_10_Handler
                0x000013a8                USART3_Handler
                0x000013a8                AST_PER_Handler
                0x000013a8                AST_CLKREADY_Handler
                0x000013a8                AST_OVF_Handler
                0x000013a8                PDCA_5_Handler
                0x000013a8                PendSV_Handler
                0x000013a8                NMI_Handler
                0x000013a8                GPIO_10_Handler
                0x000013a8                SCIF_Handler
                0x000013a8                GPIO_9_Handler
                0x000013a8                GPIO_2_Handler
                0x000013a8                PDCA_15_Handler
                0x000013a8                CRCCU_Handler
                0x000013a8                USART0_Handler
                0x000013a8                EIC_3_Handler
                0x000013a8                GPIO_4_Handler
                0x000013a8                TWIM3_Handler
                0x000013a8                UsageFault_Handler
                0x000013a8                PDCA_0_Handler
                0x000013a8                TC12_Handler
                0x000013a8                PDCA_14_Handler
                0x000013a8                BPM_Handler
                0x000013a8                PARC_Handler
                0x000013a8                WDT_Handler
                0x000013a8                EIC_8_Handler
                0x000013a8                TWIS0_Handler
                0x000013a8                PDCA_8_Handler
                0x000013a8                GPIO_11_Handler
                0x000013a8                TWIS1_Handler
                0x000013a8                TWIM2_Handler
                0x000013a8                AESA_Handler
                0x000013a8                PDCA_13_Handler
                0x000013a8                Dummy_Handler
                0x000013a8                PDCA_3_Handler
                0x000013a8                ABDACB_Handler
                0x000013a8                CATB_Handler
                0x000013a8                LCDCA_Handler
                0x000013a8                USART1_Handler
                0x000013a8                AST_READY_Handler
                0x000013a8                PDCA_2_Handler
                0x000013a8                GPIO_8_Handler
                0x000013a8                AST_ALARM_Handler
                0x000013a8                TWIM0_Handler
                0x000013a8                PM_Handler
                0x000013a8                GPIO_7_Handler
                0x000013a8                PDCA_1_Handler
                0x000013a8                PDCA_11_Handler
                0x000013a8                ACIFC_Handler
                0x000013a8                TC00_Handler
                0x000013a8                TC02_Handler
                0x000013a8                PDCA_6_Handler
                0x000013a8                MemManage_Handler
                0x000013a8                SVC_Handler
                0x000013a8                GPIO_0_Handler
                0x000013a8                PDCA_12_Handler
                0x000013a8                PDCA_9_Handler
                0x000013a8                ADCIFE_Handler
                0x000013a8                GPIO_6_Handler
                0x000013a8                EIC_2_Handler
                0x000013a8                PDCA_7_Handler
                0x000013a8                PEVC_TR_Handler
                0x000013a8                USART2_Handler
                0x000013a8                EIC_6_Handler
                0x000013a8                TC10_Handler
                0x000013a8                TWIM1_Handler
                0x000013a8                EIC_1_Handler
                0x000013a8                EIC_7_Handler
                0x000013a8                HFLASHC_Handler
                0x000013a8                TC01_Handler
                0x000013a8                BSCIF_Handler
                0x000013a8                GPIO_1_Handler
                0x000013a8                USBC_Handler
                0x000013a8                IISC_Handler
                0x000013a8                BusFault_Handler
                0x000013a8                FREQM_Handler
                0x000013a8                GPIO_3_Handler
                0x000013a8                PDCA_4_Handler
                0x000013a8                PEVC_OV_Handler
 *fill*         0x000013aa        0x2 
 .text.Reset_Handler
                0x000013ac       0x84 src/ASF/sam/utils/cmsis/sam4l/source/templates/gcc/startup_sam4l.o
                0x000013ac                Reset_Handler
 .text._sbrk    0x00001430       0x38 src/ASF/sam/utils/syscalls/gcc/syscalls.o
                0x00001430                _sbrk
 .text._close   0x00001468        0x6 src/ASF/sam/utils/syscalls/gcc/syscalls.o
                0x00001468                _close
 .text._fstat   0x0000146e        0xa src/ASF/sam/utils/syscalls/gcc/syscalls.o
                0x0000146e                _fstat
 .text._isatty  0x00001478        0x4 src/ASF/sam/utils/syscalls/gcc/syscalls.o
                0x00001478                _isatty
 .text._lseek   0x0000147c        0x4 src/ASF/sam/utils/syscalls/gcc/syscalls.o
                0x0000147c                _lseek
 .text.TC11_Handler
                0x00001480       0x44 src/main.o
                0x00001480                TC11_Handler
 .text.main     0x000014c4      0x18c src/main.o
                0x000014c4                main
 .text.__libc_init_array
                0x00001650       0x50 c:/program files (x86)/atmel/studio/7.0/toolchain/arm/arm-gnu-toolchain/bin/../lib/gcc/arm-none-eabi/6.3.1/../../../../arm-none-eabi/lib/thumb/v7e-m\libc.a(lib_a-init.o)
                0x00001650                __libc_init_array
 .text.iprintf  0x000016a0       0x28 c:/program files (x86)/atmel/studio/7.0/toolchain/arm/arm-gnu-toolchain/bin/../lib/gcc/arm-none-eabi/6.3.1/../../../../arm-none-eabi/lib/thumb/v7e-m\libc.a(lib_a-iprintf.o)
                0x000016a0                iprintf
 .text.memset   0x000016c8       0x9c c:/program files (x86)/atmel/studio/7.0/toolchain/arm/arm-gnu-toolchain/bin/../lib/gcc/arm-none-eabi/6.3.1/../../../../arm-none-eabi/lib/thumb/v7e-m\libc.a(lib_a-memset.o)
                0x000016c8                memset
 .text.setbuf   0x00001764       0x10 c:/program files (x86)/atmel/studio/7.0/toolchain/arm/arm-gnu-toolchain/bin/../lib/gcc/arm-none-eabi/6.3.1/../../../../arm-none-eabi/lib/thumb/v7e-m\libc.a(lib_a-setbuf.o)
                0x00001764                setbuf
 .text.setvbuf  0x00001774      0x190 c:/program files (x86)/atmel/studio/7.0/toolchain/arm/arm-gnu-toolchain/bin/../lib/gcc/arm-none-eabi/6.3.1/../../../../arm-none-eabi/lib/thumb/v7e-m\libc.a(lib_a-setvbuf.o)
                0x00001774                setvbuf
 .text.__sprint_r.part.0
                0x00001904       0x80 c:/program files (x86)/atmel/studio/7.0/toolchain/arm/arm-gnu-toolchain/bin/../lib/gcc/arm-none-eabi/6.3.1/../../../../arm-none-eabi/lib/thumb/v7e-m\libc.a(lib_a-vfiprintf.o)
 .text._vfiprintf_r
                0x00001984      0xc90 c:/program files (x86)/atmel/studio/7.0/toolchain/arm/arm-gnu-toolchain/bin/../lib/gcc/arm-none-eabi/6.3.1/../../../../arm-none-eabi/lib/thumb/v7e-m\libc.a(lib_a-vfiprintf.o)
                0x00001984                _vfiprintf_r
 .text.__sbprintf
                0x00002614       0x84 c:/program files (x86)/atmel/studio/7.0/toolchain/arm/arm-gnu-toolchain/bin/../lib/gcc/arm-none-eabi/6.3.1/../../../../arm-none-eabi/lib/thumb/v7e-m\libc.a(lib_a-vfiprintf.o)
 .text.__swsetup_r
                0x00002698       0xc8 c:/program files (x86)/atmel/studio/7.0/toolchain/arm/arm-gnu-toolchain/bin/../lib/gcc/arm-none-eabi/6.3.1/../../../../arm-none-eabi/lib/thumb/v7e-m\libc.a(lib_a-wsetup.o)
                0x00002698                __swsetup_r
 .text.startup.register_fini
                0x00002760       0x14 c:/program files (x86)/atmel/studio/7.0/toolchain/arm/arm-gnu-toolchain/bin/../lib/gcc/arm-none-eabi/6.3.1/../../../../arm-none-eabi/lib/thumb/v7e-m\libc.a(lib_a-__call_atexit.o)
 .text.atexit   0x00002774        0xc c:/program files (x86)/atmel/studio/7.0/toolchain/arm/arm-gnu-toolchain/bin/../lib/gcc/arm-none-eabi/6.3.1/../../../../arm-none-eabi/lib/thumb/v7e-m\libc.a(lib_a-atexit.o)
                0x00002774                atexit
 .text.__sflush_r
                0x00002780      0x140 c:/program files (x86)/atmel/studio/7.0/toolchain/arm/arm-gnu-toolchain/bin/../lib/gcc/arm-none-eabi/6.3.1/../../../../arm-none-eabi/lib/thumb/v7e-m\libc.a(lib_a-fflush.o)
                0x00002780                __sflush_r
 .text._fflush_r
                0x000028c0       0x54 c:/program files (x86)/atmel/studio/7.0/toolchain/arm/arm-gnu-toolchain/bin/../lib/gcc/arm-none-eabi/6.3.1/../../../../arm-none-eabi/lib/thumb/v7e-m\libc.a(lib_a-fflush.o)
                0x000028c0                _fflush_r
 .text._cleanup_r
                0x00002914        0xc c:/program files (x86)/atmel/studio/7.0/toolchain/arm/arm-gnu-toolchain/bin/../lib/gcc/arm-none-eabi/6.3.1/../../../../arm-none-eabi/lib/thumb/v7e-m\libc.a(lib_a-findfp.o)
                0x00002914                _cleanup_r
 .text.std.isra.0
                0x00002920       0x50 c:/program files (x86)/atmel/studio/7.0/toolchain/arm/arm-gnu-toolchain/bin/../lib/gcc/arm-none-eabi/6.3.1/../../../../arm-none-eabi/lib/thumb/v7e-m\libc.a(lib_a-findfp.o)
 .text.__sinit  0x00002970       0x58 c:/program files (x86)/atmel/studio/7.0/toolchain/arm/arm-gnu-toolchain/bin/../lib/gcc/arm-none-eabi/6.3.1/../../../../arm-none-eabi/lib/thumb/v7e-m\libc.a(lib_a-findfp.o)
                0x00002970                __sinit
 .text.__sfp_lock_acquire
                0x000029c8        0xc c:/program files (x86)/atmel/studio/7.0/toolchain/arm/arm-gnu-toolchain/bin/../lib/gcc/arm-none-eabi/6.3.1/../../../../arm-none-eabi/lib/thumb/v7e-m\libc.a(lib_a-findfp.o)
                0x000029c8                __sfp_lock_acquire
 .text.__sfp_lock_release
                0x000029d4        0xc c:/program files (x86)/atmel/studio/7.0/toolchain/arm/arm-gnu-toolchain/bin/../lib/gcc/arm-none-eabi/6.3.1/../../../../arm-none-eabi/lib/thumb/v7e-m\libc.a(lib_a-findfp.o)
                0x000029d4                __sfp_lock_release
 .text.__libc_fini_array
                0x000029e0       0x34 c:/program files (x86)/atmel/studio/7.0/toolchain/arm/arm-gnu-toolchain/bin/../lib/gcc/arm-none-eabi/6.3.1/../../../../arm-none-eabi/lib/thumb/v7e-m\libc.a(lib_a-fini.o)
                0x000029e0                __libc_fini_array
 .text.__fputwc
                0x00002a14       0xa0 c:/program files (x86)/atmel/studio/7.0/toolchain/arm/arm-gnu-toolchain/bin/../lib/gcc/arm-none-eabi/6.3.1/../../../../arm-none-eabi/lib/thumb/v7e-m\libc.a(lib_a-fputwc.o)
                0x00002a14                __fputwc
 .text._fputwc_r
                0x00002ab4       0x68 c:/program files (x86)/atmel/studio/7.0/toolchain/arm/arm-gnu-toolchain/bin/../lib/gcc/arm-none-eabi/6.3.1/../../../../arm-none-eabi/lib/thumb/v7e-m\libc.a(lib_a-fputwc.o)
                0x00002ab4                _fputwc_r
 .text._malloc_trim_r
                0x00002b1c       0xa0 c:/program files (x86)/atmel/studio/7.0/toolchain/arm/arm-gnu-toolchain/bin/../lib/gcc/arm-none-eabi/6.3.1/../../../../arm-none-eabi/lib/thumb/v7e-m\libc.a(lib_a-freer.o)
                0x00002b1c                _malloc_trim_r
 .text._free_r  0x00002bbc      0x1cc c:/program files (x86)/atmel/studio/7.0/toolchain/arm/arm-gnu-toolchain/bin/../lib/gcc/arm-none-eabi/6.3.1/../../../../arm-none-eabi/lib/thumb/v7e-m\libc.a(lib_a-freer.o)
                0x00002bbc                _free_r
 .text.__sfvwrite_r
                0x00002d88      0x2f0 c:/program files (x86)/atmel/studio/7.0/toolchain/arm/arm-gnu-toolchain/bin/../lib/gcc/arm-none-eabi/6.3.1/../../../../arm-none-eabi/lib/thumb/v7e-m\libc.a(lib_a-fvwrite.o)
                0x00002d88                __sfvwrite_r
 .text._fwalk_reent
                0x00003078       0x54 c:/program files (x86)/atmel/studio/7.0/toolchain/arm/arm-gnu-toolchain/bin/../lib/gcc/arm-none-eabi/6.3.1/../../../../arm-none-eabi/lib/thumb/v7e-m\libc.a(lib_a-fwalk.o)
                0x00003078                _fwalk_reent
 .text.__locale_mb_cur_max
                0x000030cc       0x1c c:/program files (x86)/atmel/studio/7.0/toolchain/arm/arm-gnu-toolchain/bin/../lib/gcc/arm-none-eabi/6.3.1/../../../../arm-none-eabi/lib/thumb/v7e-m\libc.a(lib_a-locale.o)
                0x000030cc                __locale_mb_cur_max
 .text.__retarget_lock_init_recursive
                0x000030e8        0x4 c:/program files (x86)/atmel/studio/7.0/toolchain/arm/arm-gnu-toolchain/bin/../lib/gcc/arm-none-eabi/6.3.1/../../../../arm-none-eabi/lib/thumb/v7e-m\libc.a(lib_a-lock.o)
                0x000030e8                __retarget_lock_init_recursive
 .text.__retarget_lock_close_recursive
                0x000030ec        0x4 c:/program files (x86)/atmel/studio/7.0/toolchain/arm/arm-gnu-toolchain/bin/../lib/gcc/arm-none-eabi/6.3.1/../../../../arm-none-eabi/lib/thumb/v7e-m\libc.a(lib_a-lock.o)
                0x000030ec                __retarget_lock_close_recursive
 .text.__retarget_lock_acquire_recursive
                0x000030f0        0x4 c:/program files (x86)/atmel/studio/7.0/toolchain/arm/arm-gnu-toolchain/bin/../lib/gcc/arm-none-eabi/6.3.1/../../../../arm-none-eabi/lib/thumb/v7e-m\libc.a(lib_a-lock.o)
                0x000030f0                __retarget_lock_acquire_recursive
 .text.__retarget_lock_release_recursive
                0x000030f4        0x4 c:/program files (x86)/atmel/studio/7.0/toolchain/arm/arm-gnu-toolchain/bin/../lib/gcc/arm-none-eabi/6.3.1/../../../../arm-none-eabi/lib/thumb/v7e-m\libc.a(lib_a-lock.o)
                0x000030f4                __retarget_lock_release_recursive
 .text.__swhatbuf_r
                0x000030f8       0x5c c:/program files (x86)/atmel/studio/7.0/toolchain/arm/arm-gnu-toolchain/bin/../lib/gcc/arm-none-eabi/6.3.1/../../../../arm-none-eabi/lib/thumb/v7e-m\libc.a(lib_a-makebuf.o)
                0x000030f8                __swhatbuf_r
 .text.__smakebuf_r
                0x00003154       0x94 c:/program files (x86)/atmel/studio/7.0/toolchain/arm/arm-gnu-toolchain/bin/../lib/gcc/arm-none-eabi/6.3.1/../../../../arm-none-eabi/lib/thumb/v7e-m\libc.a(lib_a-makebuf.o)
                0x00003154                __smakebuf_r
 .text.malloc   0x000031e8       0x10 c:/program files (x86)/atmel/studio/7.0/toolchain/arm/arm-gnu-toolchain/bin/../lib/gcc/arm-none-eabi/6.3.1/../../../../arm-none-eabi/lib/thumb/v7e-m\libc.a(lib_a-malloc.o)
                0x000031e8                malloc
 .text._malloc_r
                0x000031f8      0x560 c:/program files (x86)/atmel/studio/7.0/toolchain/arm/arm-gnu-toolchain/bin/../lib/gcc/arm-none-eabi/6.3.1/../../../../arm-none-eabi/lib/thumb/v7e-m\libc.a(lib_a-mallocr.o)
                0x000031f8                _malloc_r
 .text.__ascii_mbtowc
                0x00003758       0x2c c:/program files (x86)/atmel/studio/7.0/toolchain/arm/arm-gnu-toolchain/bin/../lib/gcc/arm-none-eabi/6.3.1/../../../../arm-none-eabi/lib/thumb/v7e-m\libc.a(lib_a-mbtowc_r.o)
                0x00003758                __ascii_mbtowc
 *fill*         0x00003784        0xc 
 .text          0x00003790       0xa0 c:/program files (x86)/atmel/studio/7.0/toolchain/arm/arm-gnu-toolchain/bin/../lib/gcc/arm-none-eabi/6.3.1/../../../../arm-none-eabi/lib/thumb/v7e-m\libc.a(lib_a-memchr.o)
                0x00003790                memchr
 .text          0x00003830      0x134 c:/program files (x86)/atmel/studio/7.0/toolchain/arm/arm-gnu-toolchain/bin/../lib/gcc/arm-none-eabi/6.3.1/../../../../arm-none-eabi/lib/thumb/v7e-m\libc.a(lib_a-memcpy.o)
                0x00003830                memcpy
 .text.memmove  0x00003964       0xc8 c:/program files (x86)/atmel/studio/7.0/toolchain/arm/arm-gnu-toolchain/bin/../lib/gcc/arm-none-eabi/6.3.1/../../../../arm-none-eabi/lib/thumb/v7e-m\libc.a(lib_a-memmove.o)
                0x00003964                memmove
 .text.__malloc_lock
                0x00003a2c        0xc c:/program files (x86)/atmel/studio/7.0/toolchain/arm/arm-gnu-toolchain/bin/../lib/gcc/arm-none-eabi/6.3.1/../../../../arm-none-eabi/lib/thumb/v7e-m\libc.a(lib_a-mlock.o)
                0x00003a2c                __malloc_lock
 .text.__malloc_unlock
                0x00003a38        0xc c:/program files (x86)/atmel/studio/7.0/toolchain/arm/arm-gnu-toolchain/bin/../lib/gcc/arm-none-eabi/6.3.1/../../../../arm-none-eabi/lib/thumb/v7e-m\libc.a(lib_a-mlock.o)
                0x00003a38                __malloc_unlock
 .text._realloc_r
                0x00003a44      0x34c c:/program files (x86)/atmel/studio/7.0/toolchain/arm/arm-gnu-toolchain/bin/../lib/gcc/arm-none-eabi/6.3.1/../../../../arm-none-eabi/lib/thumb/v7e-m\libc.a(lib_a-reallocr.o)
                0x00003a44                _realloc_r
 .text._sbrk_r  0x00003d90       0x24 c:/program files (x86)/atmel/studio/7.0/toolchain/arm/arm-gnu-toolchain/bin/../lib/gcc/arm-none-eabi/6.3.1/../../../../arm-none-eabi/lib/thumb/v7e-m\libc.a(lib_a-sbrkr.o)
                0x00003d90                _sbrk_r
 .text.__sread  0x00003db4       0x24 c:/program files (x86)/atmel/studio/7.0/toolchain/arm/arm-gnu-toolchain/bin/../lib/gcc/arm-none-eabi/6.3.1/../../../../arm-none-eabi/lib/thumb/v7e-m\libc.a(lib_a-stdio.o)
                0x00003db4                __sread
 .text.__swrite
                0x00003dd8       0x3c c:/program files (x86)/atmel/studio/7.0/toolchain/arm/arm-gnu-toolchain/bin/../lib/gcc/arm-none-eabi/6.3.1/../../../../arm-none-eabi/lib/thumb/v7e-m\libc.a(lib_a-stdio.o)
                0x00003dd8                __swrite
 .text.__sseek  0x00003e14       0x20 c:/program files (x86)/atmel/studio/7.0/toolchain/arm/arm-gnu-toolchain/bin/../lib/gcc/arm-none-eabi/6.3.1/../../../../arm-none-eabi/lib/thumb/v7e-m\libc.a(lib_a-stdio.o)
                0x00003e14                __sseek
 .text.__sclose
                0x00003e34        0x8 c:/program files (x86)/atmel/studio/7.0/toolchain/arm/arm-gnu-toolchain/bin/../lib/gcc/arm-none-eabi/6.3.1/../../../../arm-none-eabi/lib/thumb/v7e-m\libc.a(lib_a-stdio.o)
                0x00003e34                __sclose
 *fill*         0x00003e3c        0x4 
 .text          0x00003e40       0xdc c:/program files (x86)/atmel/studio/7.0/toolchain/arm/arm-gnu-toolchain/bin/../lib/gcc/arm-none-eabi/6.3.1/../../../../arm-none-eabi/lib/thumb/v7e-m\libc.a(lib_a-strlen.o)
                0x00003e40                strlen
 .text.__swbuf_r
                0x00003f1c       0xb0 c:/program files (x86)/atmel/studio/7.0/toolchain/arm/arm-gnu-toolchain/bin/../lib/gcc/arm-none-eabi/6.3.1/../../../../arm-none-eabi/lib/thumb/v7e-m\libc.a(lib_a-wbuf.o)
                0x00003f1c                __swbuf_r
 .text._wcrtomb_r
                0x00003fcc       0x54 c:/program files (x86)/atmel/studio/7.0/toolchain/arm/arm-gnu-toolchain/bin/../lib/gcc/arm-none-eabi/6.3.1/../../../../arm-none-eabi/lib/thumb/v7e-m\libc.a(lib_a-wcrtomb.o)
                0x00003fcc                _wcrtomb_r
 .text.__ascii_wctomb
                0x00004020       0x1c c:/program files (x86)/atmel/studio/7.0/toolchain/arm/arm-gnu-toolchain/bin/../lib/gcc/arm-none-eabi/6.3.1/../../../../arm-none-eabi/lib/thumb/v7e-m\libc.a(lib_a-wctomb_r.o)
                0x00004020                __ascii_wctomb
 .text._write_r
                0x0000403c       0x2c c:/program files (x86)/atmel/studio/7.0/toolchain/arm/arm-gnu-toolchain/bin/../lib/gcc/arm-none-eabi/6.3.1/../../../../arm-none-eabi/lib/thumb/v7e-m\libc.a(lib_a-writer.o)
                0x0000403c                _write_r
 .text.__register_exitproc
                0x00004068       0xc4 c:/program files (x86)/atmel/studio/7.0/toolchain/arm/arm-gnu-toolchain/bin/../lib/gcc/arm-none-eabi/6.3.1/../../../../arm-none-eabi/lib/thumb/v7e-m\libc.a(lib_a-__atexit.o)
                0x00004068                __register_exitproc
 .text._close_r
                0x0000412c       0x24 c:/program files (x86)/atmel/studio/7.0/toolchain/arm/arm-gnu-toolchain/bin/../lib/gcc/arm-none-eabi/6.3.1/../../../../arm-none-eabi/lib/thumb/v7e-m\libc.a(lib_a-closer.o)
                0x0000412c                _close_r
 .text._fclose_r
                0x00004150       0xc4 c:/program files (x86)/atmel/studio/7.0/toolchain/arm/arm-gnu-toolchain/bin/../lib/gcc/arm-none-eabi/6.3.1/../../../../arm-none-eabi/lib/thumb/v7e-m\libc.a(lib_a-fclose.o)
                0x00004150                _fclose_r
 .text._fstat_r
                0x00004214       0x28 c:/program files (x86)/atmel/studio/7.0/toolchain/arm/arm-gnu-toolchain/bin/../lib/gcc/arm-none-eabi/6.3.1/../../../../arm-none-eabi/lib/thumb/v7e-m\libc.a(lib_a-fstatr.o)
                0x00004214                _fstat_r
 .text._isatty_r
                0x0000423c       0x24 c:/program files (x86)/atmel/studio/7.0/toolchain/arm/arm-gnu-toolchain/bin/../lib/gcc/arm-none-eabi/6.3.1/../../../../arm-none-eabi/lib/thumb/v7e-m\libc.a(lib_a-isattyr.o)
                0x0000423c                _isatty_r
 .text._lseek_r
                0x00004260       0x2c c:/program files (x86)/atmel/studio/7.0/toolchain/arm/arm-gnu-toolchain/bin/../lib/gcc/arm-none-eabi/6.3.1/../../../../arm-none-eabi/lib/thumb/v7e-m\libc.a(lib_a-lseekr.o)
                0x00004260                _lseek_r
 .text._read_r  0x0000428c       0x2c c:/program files (x86)/atmel/studio/7.0/toolchain/arm/arm-gnu-toolchain/bin/../lib/gcc/arm-none-eabi/6.3.1/../../../../arm-none-eabi/lib/thumb/v7e-m\libc.a(lib_a-readr.o)
                0x0000428c                _read_r
 .text          0x000042b8       0x30 c:/program files (x86)/atmel/studio/7.0/toolchain/arm/arm-gnu-toolchain/bin/../lib/gcc/arm-none-eabi/6.3.1/thumb/v7e-m\libgcc.a(_aeabi_uldivmod.o)
                0x000042b8                __aeabi_uldivmod
 .text          0x000042e8      0x2dc c:/program files (x86)/atmel/studio/7.0/toolchain/arm/arm-gnu-toolchain/bin/../lib/gcc/arm-none-eabi/6.3.1/thumb/v7e-m\libgcc.a(_udivmoddi4.o)
                0x000042e8                __udivmoddi4
 .text          0x000045c4        0x4 c:/program files (x86)/atmel/studio/7.0/toolchain/arm/arm-gnu-toolchain/bin/../lib/gcc/arm-none-eabi/6.3.1/thumb/v7e-m\libgcc.a(_dvmd_tls.o)
                0x000045c4                __aeabi_idiv0
                0x000045c4                __aeabi_ldiv0
 *(.glue_7t)
 .glue_7t       0x000045c8        0x0 linker stubs
 *(.glue_7)
 .glue_7        0x000045c8        0x0 linker stubs
 *(.rodata .rodata* .gnu.linkonce.r.*)
 .rodata.main.str1.4
                0x000045c8      0x159 src/main.o
 *fill*         0x00004721        0x3 
 .rodata._global_impure_ptr
                0x00004724        0x4 c:/program files (x86)/atmel/studio/7.0/toolchain/arm/arm-gnu-toolchain/bin/../lib/gcc/arm-none-eabi/6.3.1/../../../../arm-none-eabi/lib/thumb/v7e-m\libc.a(lib_a-impure.o)
                0x00004724                _global_impure_ptr
 .rodata._vfiprintf_r.str1.4
                0x00004728       0x2f c:/program files (x86)/atmel/studio/7.0/toolchain/arm/arm-gnu-toolchain/bin/../lib/gcc/arm-none-eabi/6.3.1/../../../../arm-none-eabi/lib/thumb/v7e-m\libc.a(lib_a-vfiprintf.o)
 *fill*         0x00004757        0x1 
 .rodata.blanks.7217
                0x00004758       0x10 c:/program files (x86)/atmel/studio/7.0/toolchain/arm/arm-gnu-toolchain/bin/../lib/gcc/arm-none-eabi/6.3.1/../../../../arm-none-eabi/lib/thumb/v7e-m\libc.a(lib_a-vfiprintf.o)
 .rodata.zeroes.7218
                0x00004768       0x10 c:/program files (x86)/atmel/studio/7.0/toolchain/arm/arm-gnu-toolchain/bin/../lib/gcc/arm-none-eabi/6.3.1/../../../../arm-none-eabi/lib/thumb/v7e-m\libc.a(lib_a-vfiprintf.o)
 .rodata._setlocale_r.str1.4
                0x00004778        0xa c:/program files (x86)/atmel/studio/7.0/toolchain/arm/arm-gnu-toolchain/bin/../lib/gcc/arm-none-eabi/6.3.1/../../../../arm-none-eabi/lib/thumb/v7e-m\libc.a(lib_a-locale.o)
                                  0xd (size before relaxing)
 *fill*         0x00004782        0x2 
 .rodata.str1.4
                0x00004784        0x4 c:/program files (x86)/atmel/studio/7.0/toolchain/arm/arm-gnu-toolchain/bin/../lib/gcc/arm-none-eabi/6.3.1/../../../../arm-none-eabi/lib/thumb/v7e-m\libc.a(lib_a-locale.o)
                                  0x2 (size before relaxing)
 .rodata._ctype_
                0x00004788      0x101 c:/program files (x86)/atmel/studio/7.0/toolchain/arm/arm-gnu-toolchain/bin/../lib/gcc/arm-none-eabi/6.3.1/../../../../arm-none-eabi/lib/thumb/v7e-m\libc.a(lib_a-ctype_.o)
                0x00004788                _ctype_
 *(.ARM.extab* .gnu.linkonce.armextab.*)
                0x0000488c                . = ALIGN (0x4)
 *fill*         0x00004889        0x3 
 *(.init)
 .init          0x0000488c        0x4 c:/program files (x86)/atmel/studio/7.0/toolchain/arm/arm-gnu-toolchain/bin/../lib/gcc/arm-none-eabi/6.3.1/thumb/v7e-m/crti.o
                0x0000488c                _init
 .init          0x00004890        0x8 c:/program files (x86)/atmel/studio/7.0/toolchain/arm/arm-gnu-toolchain/bin/../lib/gcc/arm-none-eabi/6.3.1/thumb/v7e-m/crtn.o
                0x00004898                . = ALIGN (0x4)
                0x00004898                __preinit_array_start = .
 *(.preinit_array)
                0x00004898                __preinit_array_end = .
                0x00004898                . = ALIGN (0x4)
                0x00004898                __init_array_start = .
 *(SORT(.init_array.*))
 .init_array.00000
                0x00004898        0x4 c:/program files (x86)/atmel/studio/7.0/toolchain/arm/arm-gnu-toolchain/bin/../lib/gcc/arm-none-eabi/6.3.1/../../../../arm-none-eabi/lib/thumb/v7e-m\libc.a(lib_a-__call_atexit.o)
 *(.init_array)
 .init_array    0x0000489c        0x4 c:/program files (x86)/atmel/studio/7.0/toolchain/arm/arm-gnu-toolchain/bin/../lib/gcc/arm-none-eabi/6.3.1/thumb/v7e-m/crtbegin.o
                0x000048a0                __init_array_end = .
                0x000048a0                . = ALIGN (0x4)
 *crtbegin.o(.ctors)
 *(EXCLUDE_FILE(*crtend.o) .ctors)
 *(SORT(.ctors.*))
 *crtend.o(.ctors)
                0x000048a0                . = ALIGN (0x4)
 *(.fini)
 .fini          0x000048a0        0x4 c:/program files (x86)/atmel/studio/7.0/toolchain/arm/arm-gnu-toolchain/bin/../lib/gcc/arm-none-eabi/6.3.1/thumb/v7e-m/crti.o
                0x000048a0                _fini
 .fini          0x000048a4        0x8 c:/program files (x86)/atmel/studio/7.0/toolchain/arm/arm-gnu-toolchain/bin/../lib/gcc/arm-none-eabi/6.3.1/thumb/v7e-m/crtn.o
                0x000048ac                . = ALIGN (0x4)
                0x000048ac                __fini_array_start = .
 *(.fini_array)
 .fini_array    0x000048ac        0x4 c:/program files (x86)/atmel/studio/7.0/toolchain/arm/arm-gnu-toolchain/bin/../lib/gcc/arm-none-eabi/6.3.1/thumb/v7e-m/crtbegin.o
 *(SORT(.fini_array.*))
                0x000048b0                __fini_array_end = .
 *crtbegin.o(.dtors)
 *(EXCLUDE_FILE(*crtend.o) .dtors)
 *(SORT(.dtors.*))
 *crtend.o(.dtors)
                0x000048b0                . = ALIGN (0x4)
                0x000048b0                _efixed = .
                [!provide]                PROVIDE (__exidx_start, .)

.vfp11_veneer   0x000048b0        0x0
 .vfp11_veneer  0x000048b0        0x0 linker stubs

.v4_bx          0x000048b0        0x0
 .v4_bx         0x000048b0        0x0 linker stubs

.iplt           0x000048b0        0x0
 .iplt          0x000048b0        0x0 c:/program files (x86)/atmel/studio/7.0/toolchain/arm/arm-gnu-toolchain/bin/../lib/gcc/arm-none-eabi/6.3.1/thumb/v7e-m/crtbegin.o

.ARM.exidx      0x000048b0        0x8
 *(.ARM.exidx* .gnu.linkonce.armexidx.*)
 .ARM.exidx     0x000048b0        0x8 c:/program files (x86)/atmel/studio/7.0/toolchain/arm/arm-gnu-toolchain/bin/../lib/gcc/arm-none-eabi/6.3.1/thumb/v7e-m\libgcc.a(_udivmoddi4.o)
                [!provide]                PROVIDE (__exidx_end, .)

.eh_frame       0x000048b8        0x0
 .eh_frame      0x000048b8        0x0 c:/program files (x86)/atmel/studio/7.0/toolchain/arm/arm-gnu-toolchain/bin/../lib/gcc/arm-none-eabi/6.3.1/thumb/v7e-m/crtbegin.o

.rel.dyn        0x000048b8        0x0
 .rel.iplt      0x000048b8        0x0 c:/program files (x86)/atmel/studio/7.0/toolchain/arm/arm-gnu-toolchain/bin/../lib/gcc/arm-none-eabi/6.3.1/thumb/v7e-m/crtbegin.o

.jcr            0x000048b8        0x0
 .jcr           0x000048b8        0x0 c:/program files (x86)/atmel/studio/7.0/toolchain/arm/arm-gnu-toolchain/bin/../lib/gcc/arm-none-eabi/6.3.1/thumb/v7e-m/crtbegin.o

.igot.plt       0x000048b8        0x0
 .igot.plt      0x000048b8        0x0 c:/program files (x86)/atmel/studio/7.0/toolchain/arm/arm-gnu-toolchain/bin/../lib/gcc/arm-none-eabi/6.3.1/thumb/v7e-m/crtbegin.o
                0x000048b8                . = ALIGN (0x4)
                0x000048b8                _etext = .

.relocate       0x20000000      0x9e0 load address 0x000048b8
                0x20000000                . = ALIGN (0x4)
                0x20000000                _srelocate = .
 *(.ramfunc .ramfunc.*)
 .ramfunc       0x20000000       0x2c src/ASF/sam/drivers/bpm/bpm.o
                0x20000000                bpm_ps_no_halt_exec
 *(.data .data.*)
 .data.g_interrupt_enabled
                0x2000002c        0x1 src/ASF/common/utils/interrupt/interrupt_sam_nvic.o
                0x2000002c                g_interrupt_enabled
 *fill*         0x2000002d        0x3 
 .data._impure_ptr
                0x20000030        0x4 c:/program files (x86)/atmel/studio/7.0/toolchain/arm/arm-gnu-toolchain/bin/../lib/gcc/arm-none-eabi/6.3.1/../../../../arm-none-eabi/lib/thumb/v7e-m\libc.a(lib_a-impure.o)
                0x20000030                _impure_ptr
 *fill*         0x20000034        0x4 
 .data.impure_data
                0x20000038      0x428 c:/program files (x86)/atmel/studio/7.0/toolchain/arm/arm-gnu-toolchain/bin/../lib/gcc/arm-none-eabi/6.3.1/../../../../arm-none-eabi/lib/thumb/v7e-m\libc.a(lib_a-impure.o)
 .data.__atexit_recursive_mutex
                0x20000460        0x4 c:/program files (x86)/atmel/studio/7.0/toolchain/arm/arm-gnu-toolchain/bin/../lib/gcc/arm-none-eabi/6.3.1/../../../../arm-none-eabi/lib/thumb/v7e-m\libc.a(lib_a-__call_atexit.o)
                0x20000460                __atexit_recursive_mutex
 .data.__global_locale
                0x20000464      0x16c c:/program files (x86)/atmel/studio/7.0/toolchain/arm/arm-gnu-toolchain/bin/../lib/gcc/arm-none-eabi/6.3.1/../../../../arm-none-eabi/lib/thumb/v7e-m\libc.a(lib_a-locale.o)
                0x20000464                __global_locale
 .data.__malloc_av_
                0x200005d0      0x408 c:/program files (x86)/atmel/studio/7.0/toolchain/arm/arm-gnu-toolchain/bin/../lib/gcc/arm-none-eabi/6.3.1/../../../../arm-none-eabi/lib/thumb/v7e-m\libc.a(lib_a-mallocr.o)
                0x200005d0                __malloc_av_
 .data.__malloc_sbrk_base
                0x200009d8        0x4 c:/program files (x86)/atmel/studio/7.0/toolchain/arm/arm-gnu-toolchain/bin/../lib/gcc/arm-none-eabi/6.3.1/../../../../arm-none-eabi/lib/thumb/v7e-m\libc.a(lib_a-mallocr.o)
                0x200009d8                __malloc_sbrk_base
 .data.__malloc_trim_threshold
                0x200009dc        0x4 c:/program files (x86)/atmel/studio/7.0/toolchain/arm/arm-gnu-toolchain/bin/../lib/gcc/arm-none-eabi/6.3.1/../../../../arm-none-eabi/lib/thumb/v7e-m\libc.a(lib_a-mallocr.o)
                0x200009dc                __malloc_trim_threshold
                0x200009e0                . = ALIGN (0x4)
                0x200009e0                _erelocate = .

.bss            0x200009e0       0x90 load address 0x00005298
                0x200009e0                . = ALIGN (0x4)
                0x200009e0                _sbss = .
                0x200009e0                _szero = .
 *(.bss .bss.*)
 .bss           0x200009e0       0x1c c:/program files (x86)/atmel/studio/7.0/toolchain/arm/arm-gnu-toolchain/bin/../lib/gcc/arm-none-eabi/6.3.1/thumb/v7e-m/crtbegin.o
 .bss.ul_reg_val.8108
                0x200009fc        0x4 src/ASF/sam/drivers/usart/usart.o
 .bss.heap.5297
                0x20000a00        0x4 src/ASF/sam/utils/syscalls/gcc/syscalls.o
 .bss.gs_ul_captured_pulses
                0x20000a04        0x4 src/main.o
 .bss.__malloc_current_mallinfo
                0x20000a08       0x28 c:/program files (x86)/atmel/studio/7.0/toolchain/arm/arm-gnu-toolchain/bin/../lib/gcc/arm-none-eabi/6.3.1/../../../../arm-none-eabi/lib/thumb/v7e-m\libc.a(lib_a-mallocr.o)
                0x20000a08                __malloc_current_mallinfo
 .bss.__malloc_max_sbrked_mem
                0x20000a30        0x4 c:/program files (x86)/atmel/studio/7.0/toolchain/arm/arm-gnu-toolchain/bin/../lib/gcc/arm-none-eabi/6.3.1/../../../../arm-none-eabi/lib/thumb/v7e-m\libc.a(lib_a-mallocr.o)
                0x20000a30                __malloc_max_sbrked_mem
 .bss.__malloc_max_total_mem
                0x20000a34        0x4 c:/program files (x86)/atmel/studio/7.0/toolchain/arm/arm-gnu-toolchain/bin/../lib/gcc/arm-none-eabi/6.3.1/../../../../arm-none-eabi/lib/thumb/v7e-m\libc.a(lib_a-mallocr.o)
                0x20000a34                __malloc_max_total_mem
 .bss.__malloc_top_pad
                0x20000a38        0x4 c:/program files (x86)/atmel/studio/7.0/toolchain/arm/arm-gnu-toolchain/bin/../lib/gcc/arm-none-eabi/6.3.1/../../../../arm-none-eabi/lib/thumb/v7e-m\libc.a(lib_a-mallocr.o)
                0x20000a38                __malloc_top_pad
 *(COMMON)
 COMMON         0x20000a3c        0x4 src/ASF/common/utils/stdio/read.o
                0x20000a3c                ptr_get
 COMMON         0x20000a40        0x8 src/ASF/common/utils/stdio/write.o
                0x20000a40                ptr_put
                0x20000a44                stdio_base
 COMMON         0x20000a48       0x21 c:/program files (x86)/atmel/studio/7.0/toolchain/arm/arm-gnu-toolchain/bin/../lib/gcc/arm-none-eabi/6.3.1/../../../../arm-none-eabi/lib/thumb/v7e-m\libc.a(lib_a-lock.o)
                0x20000a48                __lock___atexit_recursive_mutex
                0x20000a4c                __lock___arc4random_mutex
                0x20000a50                __lock___env_recursive_mutex
                0x20000a54                __lock___sinit_recursive_mutex
                0x20000a58                __lock___malloc_recursive_mutex
                0x20000a5c                __lock___at_quick_exit_mutex
                0x20000a60                __lock___dd_hash_mutex
                0x20000a64                __lock___tz_mutex
                0x20000a68                __lock___sfp_recursive_mutex
 *fill*         0x20000a69        0x3 
 COMMON         0x20000a6c        0x4 c:/program files (x86)/atmel/studio/7.0/toolchain/arm/arm-gnu-toolchain/bin/../lib/gcc/arm-none-eabi/6.3.1/../../../../arm-none-eabi/lib/thumb/v7e-m\libc.a(lib_a-reent.o)
                0x20000a6c                errno
                0x20000a70                . = ALIGN (0x4)
                0x20000a70                _ebss = .
                0x20000a70                _ezero = .

.stack          0x20000a70     0x1000 load address 0x00005328
                0x20000a70                . = ALIGN (0x8)
                0x20000a70                _sstack = .
                0x20001a70                . = (. + __stack_size__)
 *fill*         0x20000a70     0x1000 
                0x20001a70                . = ALIGN (0x8)
                0x20001a70                _estack = .
                0x20001a70                . = ALIGN (0x4)
                0x20001a70                _end = .
OUTPUT(GccBoardProject1.elf elf32-littlearm)

.ARM.attributes
                0x00000000       0x2a
 .ARM.attributes
                0x00000000       0x1e c:/program files (x86)/atmel/studio/7.0/toolchain/arm/arm-gnu-toolchain/bin/../lib/gcc/arm-none-eabi/6.3.1/thumb/v7e-m/crti.o
 .ARM.attributes
                0x0000001e       0x2e c:/program files (x86)/atmel/studio/7.0/toolchain/arm/arm-gnu-toolchain/bin/../lib/gcc/arm-none-eabi/6.3.1/thumb/v7e-m/crtbegin.o
 .ARM.attributes
                0x0000004c       0x33 src/ASF/common/utils/stdio/read.o
 .ARM.attributes
                0x0000007f       0x33 src/ASF/sam/drivers/usart/usart.o
 .ARM.attributes
                0x000000b2       0x33 src/ASF/common/utils/stdio/write.o
 .ARM.attributes
                0x000000e5       0x33 src/ASF/sam/drivers/tc/tc.o
 .ARM.attributes
                0x00000118       0x33 src/uart.o
 .ARM.attributes
                0x0000014b       0x33 src/ASF/common/services/clock/sam4l/sysclk.o
 .ARM.attributes
                0x0000017e       0x33 src/ASF/common/utils/interrupt/interrupt_sam_nvic.o
 .ARM.attributes
                0x000001b1       0x33 src/ASF/sam/boards/sam4l_xplained_pro/init.o
 .ARM.attributes
                0x000001e4       0x33 src/ASF/sam/drivers/bpm/bpm.o
 .ARM.attributes
                0x00000217       0x33 src/ASF/sam/drivers/wdt/wdt_sam4l.o
 .ARM.attributes
                0x0000024a       0x33 src/ASF/sam/utils/cmsis/sam4l/source/templates/exceptions.o
 .ARM.attributes
                0x0000027d       0x33 src/ASF/sam/utils/cmsis/sam4l/source/templates/gcc/startup_sam4l.o
 .ARM.attributes
                0x000002b0       0x33 src/ASF/sam/utils/syscalls/gcc/syscalls.o
 .ARM.attributes
                0x000002e3       0x33 src/main.o
 .ARM.attributes
                0x00000316       0x2e c:/program files (x86)/atmel/studio/7.0/toolchain/arm/arm-gnu-toolchain/bin/../lib/gcc/arm-none-eabi/6.3.1/../../../../arm-none-eabi/lib/thumb/v7e-m\libc.a(lib_a-impure.o)
 .ARM.attributes
                0x00000344       0x2e c:/program files (x86)/atmel/studio/7.0/toolchain/arm/arm-gnu-toolchain/bin/../lib/gcc/arm-none-eabi/6.3.1/../../../../arm-none-eabi/lib/thumb/v7e-m\libc.a(lib_a-init.o)
 .ARM.attributes
                0x00000372       0x2e c:/program files (x86)/atmel/studio/7.0/toolchain/arm/arm-gnu-toolchain/bin/../lib/gcc/arm-none-eabi/6.3.1/../../../../arm-none-eabi/lib/thumb/v7e-m\libc.a(lib_a-iprintf.o)
 .ARM.attributes
                0x000003a0       0x2e c:/program files (x86)/atmel/studio/7.0/toolchain/arm/arm-gnu-toolchain/bin/../lib/gcc/arm-none-eabi/6.3.1/../../../../arm-none-eabi/lib/thumb/v7e-m\libc.a(lib_a-memset.o)
 .ARM.attributes
                0x000003ce       0x2e c:/program files (x86)/atmel/studio/7.0/toolchain/arm/arm-gnu-toolchain/bin/../lib/gcc/arm-none-eabi/6.3.1/../../../../arm-none-eabi/lib/thumb/v7e-m\libc.a(lib_a-setbuf.o)
 .ARM.attributes
                0x000003fc       0x2e c:/program files (x86)/atmel/studio/7.0/toolchain/arm/arm-gnu-toolchain/bin/../lib/gcc/arm-none-eabi/6.3.1/../../../../arm-none-eabi/lib/thumb/v7e-m\libc.a(lib_a-setvbuf.o)
 .ARM.attributes
                0x0000042a       0x2e c:/program files (x86)/atmel/studio/7.0/toolchain/arm/arm-gnu-toolchain/bin/../lib/gcc/arm-none-eabi/6.3.1/../../../../arm-none-eabi/lib/thumb/v7e-m\libc.a(lib_a-vfiprintf.o)
 .ARM.attributes
                0x00000458       0x2e c:/program files (x86)/atmel/studio/7.0/toolchain/arm/arm-gnu-toolchain/bin/../lib/gcc/arm-none-eabi/6.3.1/../../../../arm-none-eabi/lib/thumb/v7e-m\libc.a(lib_a-wsetup.o)
 .ARM.attributes
                0x00000486       0x2e c:/program files (x86)/atmel/studio/7.0/toolchain/arm/arm-gnu-toolchain/bin/../lib/gcc/arm-none-eabi/6.3.1/../../../../arm-none-eabi/lib/thumb/v7e-m\libc.a(lib_a-__call_atexit.o)
 .ARM.attributes
                0x000004b4       0x2e c:/program files (x86)/atmel/studio/7.0/toolchain/arm/arm-gnu-toolchain/bin/../lib/gcc/arm-none-eabi/6.3.1/../../../../arm-none-eabi/lib/thumb/v7e-m\libc.a(lib_a-atexit.o)
 .ARM.attributes
                0x000004e2       0x2e c:/program files (x86)/atmel/studio/7.0/toolchain/arm/arm-gnu-toolchain/bin/../lib/gcc/arm-none-eabi/6.3.1/../../../../arm-none-eabi/lib/thumb/v7e-m\libc.a(lib_a-fflush.o)
 .ARM.attributes
                0x00000510       0x2e c:/program files (x86)/atmel/studio/7.0/toolchain/arm/arm-gnu-toolchain/bin/../lib/gcc/arm-none-eabi/6.3.1/../../../../arm-none-eabi/lib/thumb/v7e-m\libc.a(lib_a-findfp.o)
 .ARM.attributes
                0x0000053e       0x2e c:/program files (x86)/atmel/studio/7.0/toolchain/arm/arm-gnu-toolchain/bin/../lib/gcc/arm-none-eabi/6.3.1/../../../../arm-none-eabi/lib/thumb/v7e-m\libc.a(lib_a-fini.o)
 .ARM.attributes
                0x0000056c       0x2e c:/program files (x86)/atmel/studio/7.0/toolchain/arm/arm-gnu-toolchain/bin/../lib/gcc/arm-none-eabi/6.3.1/../../../../arm-none-eabi/lib/thumb/v7e-m\libc.a(lib_a-fputwc.o)
 .ARM.attributes
                0x0000059a       0x2e c:/program files (x86)/atmel/studio/7.0/toolchain/arm/arm-gnu-toolchain/bin/../lib/gcc/arm-none-eabi/6.3.1/../../../../arm-none-eabi/lib/thumb/v7e-m\libc.a(lib_a-freer.o)
 .ARM.attributes
                0x000005c8       0x2e c:/program files (x86)/atmel/studio/7.0/toolchain/arm/arm-gnu-toolchain/bin/../lib/gcc/arm-none-eabi/6.3.1/../../../../arm-none-eabi/lib/thumb/v7e-m\libc.a(lib_a-fvwrite.o)
 .ARM.attributes
                0x000005f6       0x2e c:/program files (x86)/atmel/studio/7.0/toolchain/arm/arm-gnu-toolchain/bin/../lib/gcc/arm-none-eabi/6.3.1/../../../../arm-none-eabi/lib/thumb/v7e-m\libc.a(lib_a-fwalk.o)
 .ARM.attributes
                0x00000624       0x2e c:/program files (x86)/atmel/studio/7.0/toolchain/arm/arm-gnu-toolchain/bin/../lib/gcc/arm-none-eabi/6.3.1/../../../../arm-none-eabi/lib/thumb/v7e-m\libc.a(lib_a-locale.o)
 .ARM.attributes
                0x00000652       0x2e c:/program files (x86)/atmel/studio/7.0/toolchain/arm/arm-gnu-toolchain/bin/../lib/gcc/arm-none-eabi/6.3.1/../../../../arm-none-eabi/lib/thumb/v7e-m\libc.a(lib_a-lock.o)
 .ARM.attributes
                0x00000680       0x2e c:/program files (x86)/atmel/studio/7.0/toolchain/arm/arm-gnu-toolchain/bin/../lib/gcc/arm-none-eabi/6.3.1/../../../../arm-none-eabi/lib/thumb/v7e-m\libc.a(lib_a-makebuf.o)
 .ARM.attributes
                0x000006ae       0x2e c:/program files (x86)/atmel/studio/7.0/toolchain/arm/arm-gnu-toolchain/bin/../lib/gcc/arm-none-eabi/6.3.1/../../../../arm-none-eabi/lib/thumb/v7e-m\libc.a(lib_a-malloc.o)
 .ARM.attributes
                0x000006dc       0x2e c:/program files (x86)/atmel/studio/7.0/toolchain/arm/arm-gnu-toolchain/bin/../lib/gcc/arm-none-eabi/6.3.1/../../../../arm-none-eabi/lib/thumb/v7e-m\libc.a(lib_a-mallocr.o)
 .ARM.attributes
                0x0000070a       0x2e c:/program files (x86)/atmel/studio/7.0/toolchain/arm/arm-gnu-toolchain/bin/../lib/gcc/arm-none-eabi/6.3.1/../../../../arm-none-eabi/lib/thumb/v7e-m\libc.a(lib_a-mbtowc_r.o)
 .ARM.attributes
                0x00000738       0x1c c:/program files (x86)/atmel/studio/7.0/toolchain/arm/arm-gnu-toolchain/bin/../lib/gcc/arm-none-eabi/6.3.1/../../../../arm-none-eabi/lib/thumb/v7e-m\libc.a(lib_a-memchr.o)
 .ARM.attributes
                0x00000754       0x1c c:/program files (x86)/atmel/studio/7.0/toolchain/arm/arm-gnu-toolchain/bin/../lib/gcc/arm-none-eabi/6.3.1/../../../../arm-none-eabi/lib/thumb/v7e-m\libc.a(lib_a-memcpy.o)
 .ARM.attributes
                0x00000770       0x2e c:/program files (x86)/atmel/studio/7.0/toolchain/arm/arm-gnu-toolchain/bin/../lib/gcc/arm-none-eabi/6.3.1/../../../../arm-none-eabi/lib/thumb/v7e-m\libc.a(lib_a-memmove.o)
 .ARM.attributes
                0x0000079e       0x2e c:/program files (x86)/atmel/studio/7.0/toolchain/arm/arm-gnu-toolchain/bin/../lib/gcc/arm-none-eabi/6.3.1/../../../../arm-none-eabi/lib/thumb/v7e-m\libc.a(lib_a-mlock.o)
 .ARM.attributes
                0x000007cc       0x2e c:/program files (x86)/atmel/studio/7.0/toolchain/arm/arm-gnu-toolchain/bin/../lib/gcc/arm-none-eabi/6.3.1/../../../../arm-none-eabi/lib/thumb/v7e-m\libc.a(lib_a-reallocr.o)
 .ARM.attributes
                0x000007fa       0x2e c:/program files (x86)/atmel/studio/7.0/toolchain/arm/arm-gnu-toolchain/bin/../lib/gcc/arm-none-eabi/6.3.1/../../../../arm-none-eabi/lib/thumb/v7e-m\libc.a(lib_a-sbrkr.o)
 .ARM.attributes
                0x00000828       0x2e c:/program files (x86)/atmel/studio/7.0/toolchain/arm/arm-gnu-toolchain/bin/../lib/gcc/arm-none-eabi/6.3.1/../../../../arm-none-eabi/lib/thumb/v7e-m\libc.a(lib_a-stdio.o)
 .ARM.attributes
                0x00000856       0x1c c:/program files (x86)/atmel/studio/7.0/toolchain/arm/arm-gnu-toolchain/bin/../lib/gcc/arm-none-eabi/6.3.1/../../../../arm-none-eabi/lib/thumb/v7e-m\libc.a(lib_a-strlen.o)
 .ARM.attributes
                0x00000872       0x2e c:/program files (x86)/atmel/studio/7.0/toolchain/arm/arm-gnu-toolchain/bin/../lib/gcc/arm-none-eabi/6.3.1/../../../../arm-none-eabi/lib/thumb/v7e-m\libc.a(lib_a-wbuf.o)
 .ARM.attributes
                0x000008a0       0x2e c:/program files (x86)/atmel/studio/7.0/toolchain/arm/arm-gnu-toolchain/bin/../lib/gcc/arm-none-eabi/6.3.1/../../../../arm-none-eabi/lib/thumb/v7e-m\libc.a(lib_a-wcrtomb.o)
 .ARM.attributes
                0x000008ce       0x2e c:/program files (x86)/atmel/studio/7.0/toolchain/arm/arm-gnu-toolchain/bin/../lib/gcc/arm-none-eabi/6.3.1/../../../../arm-none-eabi/lib/thumb/v7e-m\libc.a(lib_a-wctomb_r.o)
 .ARM.attributes
                0x000008fc       0x2e c:/program files (x86)/atmel/studio/7.0/toolchain/arm/arm-gnu-toolchain/bin/../lib/gcc/arm-none-eabi/6.3.1/../../../../arm-none-eabi/lib/thumb/v7e-m\libc.a(lib_a-writer.o)
 .ARM.attributes
                0x0000092a       0x2e c:/program files (x86)/atmel/studio/7.0/toolchain/arm/arm-gnu-toolchain/bin/../lib/gcc/arm-none-eabi/6.3.1/../../../../arm-none-eabi/lib/thumb/v7e-m\libc.a(lib_a-__atexit.o)
 .ARM.attributes
                0x00000958       0x2e c:/program files (x86)/atmel/studio/7.0/toolchain/arm/arm-gnu-toolchain/bin/../lib/gcc/arm-none-eabi/6.3.1/../../../../arm-none-eabi/lib/thumb/v7e-m\libc.a(lib_a-closer.o)
 .ARM.attributes
                0x00000986       0x2e c:/program files (x86)/atmel/studio/7.0/toolchain/arm/arm-gnu-toolchain/bin/../lib/gcc/arm-none-eabi/6.3.1/../../../../arm-none-eabi/lib/thumb/v7e-m\libc.a(lib_a-ctype_.o)
 .ARM.attributes
                0x000009b4       0x2e c:/program files (x86)/atmel/studio/7.0/toolchain/arm/arm-gnu-toolchain/bin/../lib/gcc/arm-none-eabi/6.3.1/../../../../arm-none-eabi/lib/thumb/v7e-m\libc.a(lib_a-fclose.o)
 .ARM.attributes
                0x000009e2       0x2e c:/program files (x86)/atmel/studio/7.0/toolchain/arm/arm-gnu-toolchain/bin/../lib/gcc/arm-none-eabi/6.3.1/../../../../arm-none-eabi/lib/thumb/v7e-m\libc.a(lib_a-fstatr.o)
 .ARM.attributes
                0x00000a10       0x2e c:/program files (x86)/atmel/studio/7.0/toolchain/arm/arm-gnu-toolchain/bin/../lib/gcc/arm-none-eabi/6.3.1/../../../../arm-none-eabi/lib/thumb/v7e-m\libc.a(lib_a-isattyr.o)
 .ARM.attributes
                0x00000a3e       0x2e c:/program files (x86)/atmel/studio/7.0/toolchain/arm/arm-gnu-toolchain/bin/../lib/gcc/arm-none-eabi/6.3.1/../../../../arm-none-eabi/lib/thumb/v7e-m\libc.a(lib_a-lseekr.o)
 .ARM.attributes
                0x00000a6c       0x2e c:/program files (x86)/atmel/studio/7.0/toolchain/arm/arm-gnu-toolchain/bin/../lib/gcc/arm-none-eabi/6.3.1/../../../../arm-none-eabi/lib/thumb/v7e-m\libc.a(lib_a-readr.o)
 .ARM.attributes
                0x00000a9a       0x2e c:/program files (x86)/atmel/studio/7.0/toolchain/arm/arm-gnu-toolchain/bin/../lib/gcc/arm-none-eabi/6.3.1/../../../../arm-none-eabi/lib/thumb/v7e-m\libc.a(lib_a-reent.o)
 .ARM.attributes
                0x00000ac8       0x1e c:/program files (x86)/atmel/studio/7.0/toolchain/arm/arm-gnu-toolchain/bin/../lib/gcc/arm-none-eabi/6.3.1/thumb/v7e-m\libgcc.a(_aeabi_uldivmod.o)
 .ARM.attributes
                0x00000ae6       0x2e c:/program files (x86)/atmel/studio/7.0/toolchain/arm/arm-gnu-toolchain/bin/../lib/gcc/arm-none-eabi/6.3.1/thumb/v7e-m\libgcc.a(_udivmoddi4.o)
 .ARM.attributes
                0x00000b14       0x1e c:/program files (x86)/atmel/studio/7.0/toolchain/arm/arm-gnu-toolchain/bin/../lib/gcc/arm-none-eabi/6.3.1/thumb/v7e-m\libgcc.a(_dvmd_tls.o)
 .ARM.attributes
                0x00000b32       0x1e c:/program files (x86)/atmel/studio/7.0/toolchain/arm/arm-gnu-toolchain/bin/../lib/gcc/arm-none-eabi/6.3.1/thumb/v7e-m/crtn.o

.comment        0x00000000       0x59
 .comment       0x00000000       0x59 src/ASF/common/utils/stdio/read.o
                                 0x5a (size before relaxing)
 .comment       0x00000059       0x5a src/ASF/sam/drivers/usart/usart.o
 .comment       0x00000059       0x5a src/ASF/common/utils/stdio/write.o
 .comment       0x00000059       0x5a src/ASF/sam/drivers/tc/tc.o
 .comment       0x00000059       0x5a src/uart.o
 .comment       0x00000059       0x5a src/ASF/common/services/clock/sam4l/sysclk.o
 .comment       0x00000059       0x5a src/ASF/common/utils/interrupt/interrupt_sam_nvic.o
 .comment       0x00000059       0x5a src/ASF/sam/boards/sam4l_xplained_pro/init.o
 .comment       0x00000059       0x5a src/ASF/sam/drivers/bpm/bpm.o
 .comment       0x00000059       0x5a src/ASF/sam/drivers/wdt/wdt_sam4l.o
 .comment       0x00000059       0x5a src/ASF/sam/utils/cmsis/sam4l/source/templates/exceptions.o
 .comment       0x00000059       0x5a src/ASF/sam/utils/cmsis/sam4l/source/templates/gcc/startup_sam4l.o
 .comment       0x00000059       0x5a src/ASF/sam/utils/syscalls/gcc/syscalls.o
 .comment       0x00000059       0x5a src/main.o

.debug_info     0x00000000    0x11049
 .debug_info    0x00000000      0xac9 src/ASF/common/utils/stdio/read.o
 .debug_info    0x00000ac9     0x2406 src/ASF/sam/drivers/usart/usart.o
 .debug_info    0x00002ecf      0xac6 src/ASF/common/utils/stdio/write.o
 .debug_info    0x00003995     0x1222 src/ASF/sam/drivers/tc/tc.o
 .debug_info    0x00004bb7     0x10f5 src/uart.o
 .debug_info    0x00005cac     0x33e2 src/ASF/common/services/clock/sam4l/sysclk.o
 .debug_info    0x0000908e      0xb01 src/ASF/common/utils/interrupt/interrupt_sam_nvic.o
 .debug_info    0x00009b8f     0x1974 src/ASF/sam/boards/sam4l_xplained_pro/init.o
 .debug_info    0x0000b503     0x1713 src/ASF/sam/drivers/bpm/bpm.o
 .debug_info    0x0000cc16      0xfa7 src/ASF/sam/drivers/wdt/wdt_sam4l.o
 .debug_info    0x0000dbbd       0xdd src/ASF/sam/utils/cmsis/sam4l/source/templates/exceptions.o
 .debug_info    0x0000dc9a      0x3cb src/ASF/sam/utils/cmsis/sam4l/source/templates/gcc/startup_sam4l.o
 .debug_info    0x0000e065      0xdb0 src/ASF/sam/utils/syscalls/gcc/syscalls.o
 .debug_info    0x0000ee15     0x2234 src/main.o

.debug_abbrev   0x00000000     0x24d9
 .debug_abbrev  0x00000000      0x1fe src/ASF/common/utils/stdio/read.o
 .debug_abbrev  0x000001fe      0x3ea src/ASF/sam/drivers/usart/usart.o
 .debug_abbrev  0x000005e8      0x1e9 src/ASF/common/utils/stdio/write.o
 .debug_abbrev  0x000007d1      0x2a0 src/ASF/sam/drivers/tc/tc.o
 .debug_abbrev  0x00000a71      0x2d2 src/uart.o
 .debug_abbrev  0x00000d43      0x482 src/ASF/common/services/clock/sam4l/sysclk.o
 .debug_abbrev  0x000011c5      0x212 src/ASF/common/utils/interrupt/interrupt_sam_nvic.o
 .debug_abbrev  0x000013d7      0x30c src/ASF/sam/boards/sam4l_xplained_pro/init.o
 .debug_abbrev  0x000016e3      0x357 src/ASF/sam/drivers/bpm/bpm.o
 .debug_abbrev  0x00001a3a      0x2fb src/ASF/sam/drivers/wdt/wdt_sam4l.o
 .debug_abbrev  0x00001d35       0x7d src/ASF/sam/utils/cmsis/sam4l/source/templates/exceptions.o
 .debug_abbrev  0x00001db2      0x11d src/ASF/sam/utils/cmsis/sam4l/source/templates/gcc/startup_sam4l.o
 .debug_abbrev  0x00001ecf      0x264 src/ASF/sam/utils/syscalls/gcc/syscalls.o
 .debug_abbrev  0x00002133      0x3a6 src/main.o

.debug_loc      0x00000000     0x3928
 .debug_loc     0x00000000       0xb3 src/ASF/common/utils/stdio/read.o
 .debug_loc     0x000000b3     0x1055 src/ASF/sam/drivers/usart/usart.o
 .debug_loc     0x00001108      0x12b src/ASF/common/utils/stdio/write.o
 .debug_loc     0x00001233      0x557 src/ASF/sam/drivers/tc/tc.o
 .debug_loc     0x0000178a      0x2da src/uart.o
 .debug_loc     0x00001a64     0x13e2 src/ASF/common/services/clock/sam4l/sysclk.o
 .debug_loc     0x00002e46      0x158 src/ASF/sam/boards/sam4l_xplained_pro/init.o
 .debug_loc     0x00002f9e      0x47e src/ASF/sam/drivers/bpm/bpm.o
 .debug_loc     0x0000341c      0x1e5 src/ASF/sam/drivers/wdt/wdt_sam4l.o
 .debug_loc     0x00003601       0x6b src/ASF/sam/utils/cmsis/sam4l/source/templates/gcc/startup_sam4l.o
 .debug_loc     0x0000366c       0xfd src/ASF/sam/utils/syscalls/gcc/syscalls.o
 .debug_loc     0x00003769      0x1bf src/main.o

.debug_aranges  0x00000000      0x670
 .debug_aranges
                0x00000000       0x20 src/ASF/common/utils/stdio/read.o
 .debug_aranges
                0x00000020      0x298 src/ASF/sam/drivers/usart/usart.o
 .debug_aranges
                0x000002b8       0x20 src/ASF/common/utils/stdio/write.o
 .debug_aranges
                0x000002d8       0xc0 src/ASF/sam/drivers/tc/tc.o
 .debug_aranges
                0x00000398       0x30 src/uart.o
 .debug_aranges
                0x000003c8       0x88 src/ASF/common/services/clock/sam4l/sysclk.o
 .debug_aranges
                0x00000450       0x28 src/ASF/common/utils/interrupt/interrupt_sam_nvic.o
 .debug_aranges
                0x00000478       0x20 src/ASF/sam/boards/sam4l_xplained_pro/init.o
 .debug_aranges
                0x00000498       0xc0 src/ASF/sam/drivers/bpm/bpm.o
 .debug_aranges
                0x00000558       0x50 src/ASF/sam/drivers/wdt/wdt_sam4l.o
 .debug_aranges
                0x000005a8       0x20 src/ASF/sam/utils/cmsis/sam4l/source/templates/exceptions.o
 .debug_aranges
                0x000005c8       0x20 src/ASF/sam/utils/cmsis/sam4l/source/templates/gcc/startup_sam4l.o
 .debug_aranges
                0x000005e8       0x60 src/ASF/sam/utils/syscalls/gcc/syscalls.o
 .debug_aranges
                0x00000648       0x28 src/main.o

.debug_ranges   0x00000000      0x5f0
 .debug_ranges  0x00000000       0x10 src/ASF/common/utils/stdio/read.o
 .debug_ranges  0x00000010      0x288 src/ASF/sam/drivers/usart/usart.o
 .debug_ranges  0x00000298       0x10 src/ASF/common/utils/stdio/write.o
 .debug_ranges  0x000002a8       0xb0 src/ASF/sam/drivers/tc/tc.o
 .debug_ranges  0x00000358       0x20 src/uart.o
 .debug_ranges  0x00000378       0xc0 src/ASF/common/services/clock/sam4l/sysclk.o
 .debug_ranges  0x00000438       0x18 src/ASF/common/utils/interrupt/interrupt_sam_nvic.o
 .debug_ranges  0x00000450       0x10 src/ASF/sam/boards/sam4l_xplained_pro/init.o
 .debug_ranges  0x00000460       0xb0 src/ASF/sam/drivers/bpm/bpm.o
 .debug_ranges  0x00000510       0x40 src/ASF/sam/drivers/wdt/wdt_sam4l.o
 .debug_ranges  0x00000550       0x10 src/ASF/sam/utils/cmsis/sam4l/source/templates/exceptions.o
 .debug_ranges  0x00000560       0x10 src/ASF/sam/utils/cmsis/sam4l/source/templates/gcc/startup_sam4l.o
 .debug_ranges  0x00000570       0x50 src/ASF/sam/utils/syscalls/gcc/syscalls.o
 .debug_ranges  0x000005c0       0x30 src/main.o

.debug_macro    0x00000000    0x2e48c
 .debug_macro   0x00000000      0x5db src/ASF/common/utils/stdio/read.o
 .debug_macro   0x000005db      0x8da src/ASF/common/utils/stdio/read.o
 .debug_macro   0x00000eb5      0x16d src/ASF/common/utils/stdio/read.o
 .debug_macro   0x00001022      0x64b src/ASF/common/utils/stdio/read.o
 .debug_macro   0x0000166d       0x76 src/ASF/common/utils/stdio/read.o
 .debug_macro   0x000016e3       0x16 src/ASF/common/utils/stdio/read.o
 .debug_macro   0x000016f9      0x6e4 src/ASF/common/utils/stdio/read.o
 .debug_macro   0x00001ddd       0x22 src/ASF/common/utils/stdio/read.o
 .debug_macro   0x00001dff       0x87 src/ASF/common/utils/stdio/read.o
 .debug_macro   0x00001e86       0x51 src/ASF/common/utils/stdio/read.o
 .debug_macro   0x00001ed7       0xef src/ASF/common/utils/stdio/read.o
 .debug_macro   0x00001fc6       0x6a src/ASF/common/utils/stdio/read.o
 .debug_macro   0x00002030      0x1df src/ASF/common/utils/stdio/read.o
 .debug_macro   0x0000220f       0x64 src/ASF/common/utils/stdio/read.o
 .debug_macro   0x00002273       0x3b src/ASF/common/utils/stdio/read.o
 .debug_macro   0x000022ae       0x2d src/ASF/common/utils/stdio/read.o
 .debug_macro   0x000022db       0x26 src/ASF/common/utils/stdio/read.o
 .debug_macro   0x00002301      0xbbf src/ASF/common/utils/stdio/read.o
 .debug_macro   0x00002ec0      0x330 src/ASF/common/utils/stdio/read.o
 .debug_macro   0x000031f0      0x9b1 src/ASF/common/utils/stdio/read.o
 .debug_macro   0x00003ba1      0x81b src/ASF/common/utils/stdio/read.o
 .debug_macro   0x000043bc      0x30d src/ASF/common/utils/stdio/read.o
 .debug_macro   0x000046c9      0x913 src/ASF/common/utils/stdio/read.o
 .debug_macro   0x00004fdc      0x4e7 src/ASF/common/utils/stdio/read.o
 .debug_macro   0x000054c3      0xb32 src/ASF/common/utils/stdio/read.o
 .debug_macro   0x00005ff5      0x509 src/ASF/common/utils/stdio/read.o
 .debug_macro   0x000064fe      0x2c9 src/ASF/common/utils/stdio/read.o
 .debug_macro   0x000067c7      0x28b src/ASF/common/utils/stdio/read.o
 .debug_macro   0x00006a52      0x1df src/ASF/common/utils/stdio/read.o
 .debug_macro   0x00006c31      0xdf2 src/ASF/common/utils/stdio/read.o
 .debug_macro   0x00007a23      0x6c4 src/ASF/common/utils/stdio/read.o
 .debug_macro   0x000080e7      0x1f2 src/ASF/common/utils/stdio/read.o
 .debug_macro   0x000082d9       0xb8 src/ASF/common/utils/stdio/read.o
 .debug_macro   0x00008391     0x8f16 src/ASF/common/utils/stdio/read.o
 .debug_macro   0x000112a7      0x170 src/ASF/common/utils/stdio/read.o
 .debug_macro   0x00011417      0x420 src/ASF/common/utils/stdio/read.o
 .debug_macro   0x00011837      0x682 src/ASF/common/utils/stdio/read.o
 .debug_macro   0x00011eb9      0x77a src/ASF/common/utils/stdio/read.o
 .debug_macro   0x00012633      0x219 src/ASF/common/utils/stdio/read.o
 .debug_macro   0x0001284c      0x52c src/ASF/common/utils/stdio/read.o
 .debug_macro   0x00012d78      0x4c3 src/ASF/common/utils/stdio/read.o
 .debug_macro   0x0001323b      0x100 src/ASF/common/utils/stdio/read.o
 .debug_macro   0x0001333b      0xa2d src/ASF/common/utils/stdio/read.o
 .debug_macro   0x00013d68      0xbf6 src/ASF/common/utils/stdio/read.o
 .debug_macro   0x0001495e      0x343 src/ASF/common/utils/stdio/read.o
 .debug_macro   0x00014ca1      0x98e src/ASF/common/utils/stdio/read.o
 .debug_macro   0x0001562f      0xff2 src/ASF/common/utils/stdio/read.o
 .debug_macro   0x00016621      0x10c src/ASF/common/utils/stdio/read.o
 .debug_macro   0x0001672d      0x913 src/ASF/common/utils/stdio/read.o
 .debug_macro   0x00017040      0x832 src/ASF/common/utils/stdio/read.o
 .debug_macro   0x00017872     0x3d76 src/ASF/common/utils/stdio/read.o
 .debug_macro   0x0001b5e8     0x64db src/ASF/common/utils/stdio/read.o
 .debug_macro   0x00021ac3      0x20f src/ASF/common/utils/stdio/read.o
 .debug_macro   0x00021cd2       0x64 src/ASF/common/utils/stdio/read.o
 .debug_macro   0x00021d36       0x8e src/ASF/common/utils/stdio/read.o
 .debug_macro   0x00021dc4       0xa6 src/ASF/common/utils/stdio/read.o
 .debug_macro   0x00021e6a       0xb8 src/ASF/common/utils/stdio/read.o
 .debug_macro   0x00021f22       0xa6 src/ASF/common/utils/stdio/read.o
 .debug_macro   0x00021fc8       0x9a src/ASF/common/utils/stdio/read.o
 .debug_macro   0x00022062      0x118 src/ASF/common/utils/stdio/read.o
 .debug_macro   0x0002217a       0xa0 src/ASF/common/utils/stdio/read.o
 .debug_macro   0x0002221a       0x16 src/ASF/common/utils/stdio/read.o
 .debug_macro   0x00022230       0x6a src/ASF/common/utils/stdio/read.o
 .debug_macro   0x0002229a       0x58 src/ASF/common/utils/stdio/read.o
 .debug_macro   0x000222f2       0xa0 src/ASF/common/utils/stdio/read.o
 .debug_macro   0x00022392       0x34 src/ASF/common/utils/stdio/read.o
 .debug_macro   0x000223c6      0x106 src/ASF/common/utils/stdio/read.o
 .debug_macro   0x000224cc       0x3a src/ASF/common/utils/stdio/read.o
 .debug_macro   0x00022506      0x830 src/ASF/common/utils/stdio/read.o
 .debug_macro   0x00022d36       0x40 src/ASF/common/utils/stdio/read.o
 .debug_macro   0x00022d76      0x2b1 src/ASF/common/utils/stdio/read.o
 .debug_macro   0x00023027       0x70 src/ASF/common/utils/stdio/read.o
 .debug_macro   0x00023097       0xb2 src/ASF/common/utils/stdio/read.o
 .debug_macro   0x00023149       0x46 src/ASF/common/utils/stdio/read.o
 .debug_macro   0x0002318f      0x5c8 src/ASF/common/utils/stdio/read.o
 .debug_macro   0x00023757      0x38a src/ASF/common/utils/stdio/read.o
 .debug_macro   0x00023ae1       0x28 src/ASF/common/utils/stdio/read.o
 .debug_macro   0x00023b09      0x14b src/ASF/common/utils/stdio/read.o
 .debug_macro   0x00023c54      0x2cd src/ASF/common/utils/stdio/read.o
 .debug_macro   0x00023f21       0x46 src/ASF/common/utils/stdio/read.o
 .debug_macro   0x00023f67       0x7c src/ASF/common/utils/stdio/read.o
 .debug_macro   0x00023fe3      0x119 src/ASF/common/utils/stdio/read.o
 .debug_macro   0x000240fc      0x119 src/ASF/common/utils/stdio/read.o
 .debug_macro   0x00024215       0x34 src/ASF/common/utils/stdio/read.o
 .debug_macro   0x00024249       0x7c src/ASF/common/utils/stdio/read.o
 .debug_macro   0x000242c5       0x7c src/ASF/common/utils/stdio/read.o
 .debug_macro   0x00024341       0x7c src/ASF/common/utils/stdio/read.o
 .debug_macro   0x000243bd       0x7c src/ASF/common/utils/stdio/read.o
 .debug_macro   0x00024439       0x76 src/ASF/common/utils/stdio/read.o
 .debug_macro   0x000244af       0x76 src/ASF/common/utils/stdio/read.o
 .debug_macro   0x00024525       0x9a src/ASF/common/utils/stdio/read.o
 .debug_macro   0x000245bf       0x9a src/ASF/common/utils/stdio/read.o
 .debug_macro   0x00024659       0x9a src/ASF/common/utils/stdio/read.o
 .debug_macro   0x000246f3       0x9a src/ASF/common/utils/stdio/read.o
 .debug_macro   0x0002478d      0x447 src/ASF/common/utils/stdio/read.o
 .debug_macro   0x00024bd4       0x46 src/ASF/common/utils/stdio/read.o
 .debug_macro   0x00024c1a      0x591 src/ASF/common/utils/stdio/read.o
 .debug_macro   0x000251ab     0x2eee src/ASF/common/utils/stdio/read.o
 .debug_macro   0x00028099      0x146 src/ASF/common/utils/stdio/read.o
 .debug_macro   0x000281df       0x58 src/ASF/common/utils/stdio/read.o
 .debug_macro   0x00028237       0x35 src/ASF/common/utils/stdio/read.o
 .debug_macro   0x0002826c       0x9c src/ASF/common/utils/stdio/read.o
 .debug_macro   0x00028308       0x16 src/ASF/common/utils/stdio/read.o
 .debug_macro   0x0002831e       0x35 src/ASF/common/utils/stdio/read.o
 .debug_macro   0x00028353      0x353 src/ASF/common/utils/stdio/read.o
 .debug_macro   0x000286a6       0x10 src/ASF/common/utils/stdio/read.o
 .debug_macro   0x000286b6       0x58 src/ASF/common/utils/stdio/read.o
 .debug_macro   0x0002870e       0x1f src/ASF/common/utils/stdio/read.o
 .debug_macro   0x0002872d       0x43 src/ASF/common/utils/stdio/read.o
 .debug_macro   0x00028770       0x20 src/ASF/common/utils/stdio/read.o
 .debug_macro   0x00028790      0x187 src/ASF/common/utils/stdio/read.o
 .debug_macro   0x00028917       0x10 src/ASF/common/utils/stdio/read.o
 .debug_macro   0x00028927       0x1c src/ASF/common/utils/stdio/read.o
 .debug_macro   0x00028943       0x52 src/ASF/common/utils/stdio/read.o
 .debug_macro   0x00028995       0x40 src/ASF/common/utils/stdio/read.o
 .debug_macro   0x000289d5       0x10 src/ASF/common/utils/stdio/read.o
 .debug_macro   0x000289e5       0x40 src/ASF/common/utils/stdio/read.o
 .debug_macro   0x00028a25       0xd7 src/ASF/common/utils/stdio/read.o
 .debug_macro   0x00028afc       0x16 src/ASF/common/utils/stdio/read.o
 .debug_macro   0x00028b12      0x18b src/ASF/common/utils/stdio/read.o
 .debug_macro   0x00028c9d       0x22 src/ASF/common/utils/stdio/read.o
 .debug_macro   0x00028cbf       0x16 src/ASF/common/utils/stdio/read.o
 .debug_macro   0x00028cd5       0x16 src/ASF/common/utils/stdio/read.o
 .debug_macro   0x00028ceb       0x29 src/ASF/common/utils/stdio/read.o
 .debug_macro   0x00028d14       0x75 src/ASF/common/utils/stdio/read.o
 .debug_macro   0x00028d89       0x3f src/ASF/common/utils/stdio/read.o
 .debug_macro   0x00028dc8      0x3ca src/ASF/common/utils/stdio/read.o
 .debug_macro   0x00029192      0x627 src/ASF/sam/drivers/usart/usart.o
 .debug_macro   0x000297b9       0x28 src/ASF/sam/drivers/usart/usart.o
 .debug_macro   0x000297e1      0x5db src/ASF/common/utils/stdio/write.o
 .debug_macro   0x00029dbc      0x5f2 src/ASF/sam/drivers/tc/tc.o
 .debug_macro   0x0002a3ae       0x52 src/ASF/sam/drivers/tc/tc.o
 .debug_macro   0x0002a400       0x8d src/ASF/sam/drivers/tc/tc.o
 .debug_macro   0x0002a48d       0x16 src/ASF/sam/drivers/tc/tc.o
 .debug_macro   0x0002a4a3       0x57 src/ASF/sam/drivers/tc/tc.o
 .debug_macro   0x0002a4fa       0x1c src/ASF/sam/drivers/tc/tc.o
 .debug_macro   0x0002a516      0x72f src/uart.o
 .debug_macro   0x0002ac45       0x47 src/uart.o
 .debug_macro   0x0002ac8c      0x217 src/uart.o
 .debug_macro   0x0002aea3       0x8e src/uart.o
 .debug_macro   0x0002af31       0xce src/uart.o
 .debug_macro   0x0002afff       0x1c src/uart.o
 .debug_macro   0x0002b01b       0x32 src/uart.o
 .debug_macro   0x0002b04d      0x6d0 src/ASF/common/services/clock/sam4l/sysclk.o
 .debug_macro   0x0002b71d      0x5db src/ASF/common/utils/interrupt/interrupt_sam_nvic.o
 .debug_macro   0x0002bcf8      0x6b2 src/ASF/sam/boards/sam4l_xplained_pro/init.o
 .debug_macro   0x0002c3aa      0x5e5 src/ASF/sam/drivers/bpm/bpm.o
 .debug_macro   0x0002c98f      0x6a2 src/ASF/sam/drivers/wdt/wdt_sam4l.o
 .debug_macro   0x0002d031       0x2c src/ASF/sam/drivers/wdt/wdt_sam4l.o
 .debug_macro   0x0002d05d      0x3df src/ASF/sam/utils/cmsis/sam4l/source/templates/exceptions.o
 .debug_macro   0x0002d43c      0x3df src/ASF/sam/utils/cmsis/sam4l/source/templates/gcc/startup_sam4l.o
 .debug_macro   0x0002d81b      0x1d6 src/ASF/sam/utils/syscalls/gcc/syscalls.o
 .debug_macro   0x0002d9f1       0x97 src/ASF/sam/utils/syscalls/gcc/syscalls.o
 .debug_macro   0x0002da88       0xf6 src/ASF/sam/utils/syscalls/gcc/syscalls.o
 .debug_macro   0x0002db7e       0x4c src/ASF/sam/utils/syscalls/gcc/syscalls.o
 .debug_macro   0x0002dbca       0x16 src/ASF/sam/utils/syscalls/gcc/syscalls.o
 .debug_macro   0x0002dbe0       0x10 src/ASF/sam/utils/syscalls/gcc/syscalls.o
 .debug_macro   0x0002dbf0       0x10 src/ASF/sam/utils/syscalls/gcc/syscalls.o
 .debug_macro   0x0002dc00       0x35 src/ASF/sam/utils/syscalls/gcc/syscalls.o
 .debug_macro   0x0002dc35      0x122 src/ASF/sam/utils/syscalls/gcc/syscalls.o
 .debug_macro   0x0002dd57      0x735 src/main.o

.debug_line     0x00000000     0xbe16
 .debug_line    0x00000000      0xc77 src/ASF/common/utils/stdio/read.o
 .debug_line    0x00000c77     0x1330 src/ASF/sam/drivers/usart/usart.o
 .debug_line    0x00001fa7      0xc6f src/ASF/common/utils/stdio/write.o
 .debug_line    0x00002c16      0xdf2 src/ASF/sam/drivers/tc/tc.o
 .debug_line    0x00003a08     0x1035 src/uart.o
 .debug_line    0x00004a3d     0x13aa src/ASF/common/services/clock/sam4l/sysclk.o
 .debug_line    0x00005de7      0xc91 src/ASF/common/utils/interrupt/interrupt_sam_nvic.o
 .debug_line    0x00006a78      0xe4b src/ASF/sam/boards/sam4l_xplained_pro/init.o
 .debug_line    0x000078c3      0xe69 src/ASF/sam/drivers/bpm/bpm.o
 .debug_line    0x0000872c      0xe89 src/ASF/sam/drivers/wdt/wdt_sam4l.o
 .debug_line    0x000095b5      0x9f3 src/ASF/sam/utils/cmsis/sam4l/source/templates/exceptions.o
 .debug_line    0x00009fa8      0xa3a src/ASF/sam/utils/cmsis/sam4l/source/templates/gcc/startup_sam4l.o
 .debug_line    0x0000a9e2      0x40b src/ASF/sam/utils/syscalls/gcc/syscalls.o
 .debug_line    0x0000aded     0x1029 src/main.o

.debug_str      0x00000000    0xe62d2
 .debug_str     0x00000000    0xdd72c src/ASF/common/utils/stdio/read.o
                              0xddfc0 (size before relaxing)
 .debug_str     0x000dd72c      0xbac src/ASF/sam/drivers/usart/usart.o
                              0xdeb6a (size before relaxing)
 .debug_str     0x000de2d8       0x2e src/ASF/common/utils/stdio/write.o
                              0xddfc1 (size before relaxing)
 .debug_str     0x000de306      0x344 src/ASF/sam/drivers/tc/tc.o
                              0xde311 (size before relaxing)
 .debug_str     0x000de64a     0x528c src/uart.o
                              0xe348f (size before relaxing)
 .debug_str     0x000e38d6      0xe9f src/ASF/common/services/clock/sam4l/sysclk.o
                              0xe3c3b (size before relaxing)
 .debug_str     0x000e4775       0x65 src/ASF/common/utils/interrupt/interrupt_sam_nvic.o
                              0xde017 (size before relaxing)
 .debug_str     0x000e47da      0x968 src/ASF/sam/boards/sam4l_xplained_pro/init.o
                              0xe3291 (size before relaxing)
 .debug_str     0x000e5142      0x26e src/ASF/sam/drivers/bpm/bpm.o
                              0xdea19 (size before relaxing)
 .debug_str     0x000e53b0       0x94 src/ASF/sam/drivers/wdt/wdt_sam4l.o
                              0xe2a6b (size before relaxing)
 .debug_str     0x000e5444       0x4d src/ASF/sam/utils/cmsis/sam4l/source/templates/exceptions.o
                              0xce5ba (size before relaxing)
 .debug_str     0x000e5491       0xd9 src/ASF/sam/utils/cmsis/sam4l/source/templates/gcc/startup_sam4l.o
                              0xce6b6 (size before relaxing)
 .debug_str     0x000e556a      0x779 src/ASF/sam/utils/syscalls/gcc/syscalls.o
                               0x743a (size before relaxing)
 .debug_str     0x000e5ce3      0x5ef src/main.o
                              0xe3f44 (size before relaxing)

.debug_frame    0x00000000     0x1ad8
 .debug_frame   0x00000000       0x30 src/ASF/common/utils/stdio/read.o
 .debug_frame   0x00000030      0x5b4 src/ASF/sam/drivers/usart/usart.o
 .debug_frame   0x000005e4       0x48 src/ASF/common/utils/stdio/write.o
 .debug_frame   0x0000062c      0x184 src/ASF/sam/drivers/tc/tc.o
 .debug_frame   0x000007b0       0x78 src/uart.o
 .debug_frame   0x00000828      0x1bc src/ASF/common/services/clock/sam4l/sysclk.o
 .debug_frame   0x000009e4       0x30 src/ASF/common/utils/interrupt/interrupt_sam_nvic.o
 .debug_frame   0x00000a14       0x2c src/ASF/sam/boards/sam4l_xplained_pro/init.o
 .debug_frame   0x00000a40      0x184 src/ASF/sam/drivers/bpm/bpm.o
 .debug_frame   0x00000bc4       0xb8 src/ASF/sam/drivers/wdt/wdt_sam4l.o
 .debug_frame   0x00000c7c       0x20 src/ASF/sam/utils/cmsis/sam4l/source/templates/exceptions.o
 .debug_frame   0x00000c9c       0x28 src/ASF/sam/utils/cmsis/sam4l/source/templates/gcc/startup_sam4l.o
 .debug_frame   0x00000cc4       0xa0 src/ASF/sam/utils/syscalls/gcc/syscalls.o
 .debug_frame   0x00000d64       0x40 src/main.o
 .debug_frame   0x00000da4       0x2c c:/program files (x86)/atmel/studio/7.0/toolchain/arm/arm-gnu-toolchain/bin/../lib/gcc/arm-none-eabi/6.3.1/../../../../arm-none-eabi/lib/thumb/v7e-m\libc.a(lib_a-init.o)
 .debug_frame   0x00000dd0       0x74 c:/program files (x86)/atmel/studio/7.0/toolchain/arm/arm-gnu-toolchain/bin/../lib/gcc/arm-none-eabi/6.3.1/../../../../arm-none-eabi/lib/thumb/v7e-m\libc.a(lib_a-iprintf.o)
 .debug_frame   0x00000e44       0x34 c:/program files (x86)/atmel/studio/7.0/toolchain/arm/arm-gnu-toolchain/bin/../lib/gcc/arm-none-eabi/6.3.1/../../../../arm-none-eabi/lib/thumb/v7e-m\libc.a(lib_a-memset.o)
 .debug_frame   0x00000e78       0x20 c:/program files (x86)/atmel/studio/7.0/toolchain/arm/arm-gnu-toolchain/bin/../lib/gcc/arm-none-eabi/6.3.1/../../../../arm-none-eabi/lib/thumb/v7e-m\libc.a(lib_a-setbuf.o)
 .debug_frame   0x00000e98       0x48 c:/program files (x86)/atmel/studio/7.0/toolchain/arm/arm-gnu-toolchain/bin/../lib/gcc/arm-none-eabi/6.3.1/../../../../arm-none-eabi/lib/thumb/v7e-m\libc.a(lib_a-setvbuf.o)
 .debug_frame   0x00000ee0       0xd8 c:/program files (x86)/atmel/studio/7.0/toolchain/arm/arm-gnu-toolchain/bin/../lib/gcc/arm-none-eabi/6.3.1/../../../../arm-none-eabi/lib/thumb/v7e-m\libc.a(lib_a-vfiprintf.o)
 .debug_frame   0x00000fb8       0x2c c:/program files (x86)/atmel/studio/7.0/toolchain/arm/arm-gnu-toolchain/bin/../lib/gcc/arm-none-eabi/6.3.1/../../../../arm-none-eabi/lib/thumb/v7e-m\libc.a(lib_a-wsetup.o)
 .debug_frame   0x00000fe4       0x5c c:/program files (x86)/atmel/studio/7.0/toolchain/arm/arm-gnu-toolchain/bin/../lib/gcc/arm-none-eabi/6.3.1/../../../../arm-none-eabi/lib/thumb/v7e-m\libc.a(lib_a-__call_atexit.o)
 .debug_frame   0x00001040       0x20 c:/program files (x86)/atmel/studio/7.0/toolchain/arm/arm-gnu-toolchain/bin/../lib/gcc/arm-none-eabi/6.3.1/../../../../arm-none-eabi/lib/thumb/v7e-m\libc.a(lib_a-atexit.o)
 .debug_frame   0x00001060       0x5c c:/program files (x86)/atmel/studio/7.0/toolchain/arm/arm-gnu-toolchain/bin/../lib/gcc/arm-none-eabi/6.3.1/../../../../arm-none-eabi/lib/thumb/v7e-m\libc.a(lib_a-fflush.o)
 .debug_frame   0x000010bc      0x148 c:/program files (x86)/atmel/studio/7.0/toolchain/arm/arm-gnu-toolchain/bin/../lib/gcc/arm-none-eabi/6.3.1/../../../../arm-none-eabi/lib/thumb/v7e-m\libc.a(lib_a-findfp.o)
 .debug_frame   0x00001204       0x34 c:/program files (x86)/atmel/studio/7.0/toolchain/arm/arm-gnu-toolchain/bin/../lib/gcc/arm-none-eabi/6.3.1/../../../../arm-none-eabi/lib/thumb/v7e-m\libc.a(lib_a-fini.o)
 .debug_frame   0x00001238       0x94 c:/program files (x86)/atmel/studio/7.0/toolchain/arm/arm-gnu-toolchain/bin/../lib/gcc/arm-none-eabi/6.3.1/../../../../arm-none-eabi/lib/thumb/v7e-m\libc.a(lib_a-fputwc.o)
 .debug_frame   0x000012cc       0x74 c:/program files (x86)/atmel/studio/7.0/toolchain/arm/arm-gnu-toolchain/bin/../lib/gcc/arm-none-eabi/6.3.1/../../../../arm-none-eabi/lib/thumb/v7e-m\libc.a(lib_a-freer.o)
 .debug_frame   0x00001340       0x68 c:/program files (x86)/atmel/studio/7.0/toolchain/arm/arm-gnu-toolchain/bin/../lib/gcc/arm-none-eabi/6.3.1/../../../../arm-none-eabi/lib/thumb/v7e-m\libc.a(lib_a-fvwrite.o)
 .debug_frame   0x000013a8       0x54 c:/program files (x86)/atmel/studio/7.0/toolchain/arm/arm-gnu-toolchain/bin/../lib/gcc/arm-none-eabi/6.3.1/../../../../arm-none-eabi/lib/thumb/v7e-m\libc.a(lib_a-fwalk.o)
 .debug_frame   0x000013fc       0x6c c:/program files (x86)/atmel/studio/7.0/toolchain/arm/arm-gnu-toolchain/bin/../lib/gcc/arm-none-eabi/6.3.1/../../../../arm-none-eabi/lib/thumb/v7e-m\libc.a(lib_a-locale.o)
 .debug_frame   0x00001468       0xb0 c:/program files (x86)/atmel/studio/7.0/toolchain/arm/arm-gnu-toolchain/bin/../lib/gcc/arm-none-eabi/6.3.1/../../../../arm-none-eabi/lib/thumb/v7e-m\libc.a(lib_a-lock.o)
 .debug_frame   0x00001518       0x68 c:/program files (x86)/atmel/studio/7.0/toolchain/arm/arm-gnu-toolchain/bin/../lib/gcc/arm-none-eabi/6.3.1/../../../../arm-none-eabi/lib/thumb/v7e-m\libc.a(lib_a-makebuf.o)
 .debug_frame   0x00001580       0x30 c:/program files (x86)/atmel/studio/7.0/toolchain/arm/arm-gnu-toolchain/bin/../lib/gcc/arm-none-eabi/6.3.1/../../../../arm-none-eabi/lib/thumb/v7e-m\libc.a(lib_a-malloc.o)
 .debug_frame   0x000015b0       0x58 c:/program files (x86)/atmel/studio/7.0/toolchain/arm/arm-gnu-toolchain/bin/../lib/gcc/arm-none-eabi/6.3.1/../../../../arm-none-eabi/lib/thumb/v7e-m\libc.a(lib_a-mallocr.o)
 .debug_frame   0x00001608       0x4c c:/program files (x86)/atmel/studio/7.0/toolchain/arm/arm-gnu-toolchain/bin/../lib/gcc/arm-none-eabi/6.3.1/../../../../arm-none-eabi/lib/thumb/v7e-m\libc.a(lib_a-mbtowc_r.o)
 .debug_frame   0x00001654       0x30 c:/program files (x86)/atmel/studio/7.0/toolchain/arm/arm-gnu-toolchain/bin/../lib/gcc/arm-none-eabi/6.3.1/../../../../arm-none-eabi/lib/thumb/v7e-m\libc.a(lib_a-memmove.o)
 .debug_frame   0x00001684       0x30 c:/program files (x86)/atmel/studio/7.0/toolchain/arm/arm-gnu-toolchain/bin/../lib/gcc/arm-none-eabi/6.3.1/../../../../arm-none-eabi/lib/thumb/v7e-m\libc.a(lib_a-mlock.o)
 .debug_frame   0x000016b4       0x68 c:/program files (x86)/atmel/studio/7.0/toolchain/arm/arm-gnu-toolchain/bin/../lib/gcc/arm-none-eabi/6.3.1/../../../../arm-none-eabi/lib/thumb/v7e-m\libc.a(lib_a-reallocr.o)
 .debug_frame   0x0000171c       0x2c c:/program files (x86)/atmel/studio/7.0/toolchain/arm/arm-gnu-toolchain/bin/../lib/gcc/arm-none-eabi/6.3.1/../../../../arm-none-eabi/lib/thumb/v7e-m\libc.a(lib_a-sbrkr.o)
 .debug_frame   0x00001748       0x88 c:/program files (x86)/atmel/studio/7.0/toolchain/arm/arm-gnu-toolchain/bin/../lib/gcc/arm-none-eabi/6.3.1/../../../../arm-none-eabi/lib/thumb/v7e-m\libc.a(lib_a-stdio.o)
 .debug_frame   0x000017d0       0x40 c:/program files (x86)/atmel/studio/7.0/toolchain/arm/arm-gnu-toolchain/bin/../lib/gcc/arm-none-eabi/6.3.1/../../../../arm-none-eabi/lib/thumb/v7e-m\libc.a(lib_a-wbuf.o)
 .debug_frame   0x00001810       0x5c c:/program files (x86)/atmel/studio/7.0/toolchain/arm/arm-gnu-toolchain/bin/../lib/gcc/arm-none-eabi/6.3.1/../../../../arm-none-eabi/lib/thumb/v7e-m\libc.a(lib_a-wcrtomb.o)
 .debug_frame   0x0000186c       0x3c c:/program files (x86)/atmel/studio/7.0/toolchain/arm/arm-gnu-toolchain/bin/../lib/gcc/arm-none-eabi/6.3.1/../../../../arm-none-eabi/lib/thumb/v7e-m\libc.a(lib_a-wctomb_r.o)
 .debug_frame   0x000018a8       0x2c c:/program files (x86)/atmel/studio/7.0/toolchain/arm/arm-gnu-toolchain/bin/../lib/gcc/arm-none-eabi/6.3.1/../../../../arm-none-eabi/lib/thumb/v7e-m\libc.a(lib_a-writer.o)
 .debug_frame   0x000018d4       0x34 c:/program files (x86)/atmel/studio/7.0/toolchain/arm/arm-gnu-toolchain/bin/../lib/gcc/arm-none-eabi/6.3.1/../../../../arm-none-eabi/lib/thumb/v7e-m\libc.a(lib_a-__atexit.o)
 .debug_frame   0x00001908       0x2c c:/program files (x86)/atmel/studio/7.0/toolchain/arm/arm-gnu-toolchain/bin/../lib/gcc/arm-none-eabi/6.3.1/../../../../arm-none-eabi/lib/thumb/v7e-m\libc.a(lib_a-closer.o)
 .debug_frame   0x00001934       0x3c c:/program files (x86)/atmel/studio/7.0/toolchain/arm/arm-gnu-toolchain/bin/../lib/gcc/arm-none-eabi/6.3.1/../../../../arm-none-eabi/lib/thumb/v7e-m\libc.a(lib_a-fclose.o)
 .debug_frame   0x00001970       0x2c c:/program files (x86)/atmel/studio/7.0/toolchain/arm/arm-gnu-toolchain/bin/../lib/gcc/arm-none-eabi/6.3.1/../../../../arm-none-eabi/lib/thumb/v7e-m\libc.a(lib_a-fstatr.o)
 .debug_frame   0x0000199c       0x2c c:/program files (x86)/atmel/studio/7.0/toolchain/arm/arm-gnu-toolchain/bin/../lib/gcc/arm-none-eabi/6.3.1/../../../../arm-none-eabi/lib/thumb/v7e-m\libc.a(lib_a-isattyr.o)
 .debug_frame   0x000019c8       0x2c c:/program files (x86)/atmel/studio/7.0/toolchain/arm/arm-gnu-toolchain/bin/../lib/gcc/arm-none-eabi/6.3.1/../../../../arm-none-eabi/lib/thumb/v7e-m\libc.a(lib_a-lseekr.o)
 .debug_frame   0x000019f4       0x2c c:/program files (x86)/atmel/studio/7.0/toolchain/arm/arm-gnu-toolchain/bin/../lib/gcc/arm-none-eabi/6.3.1/../../../../arm-none-eabi/lib/thumb/v7e-m\libc.a(lib_a-readr.o)
 .debug_frame   0x00001a20       0x58 c:/program files (x86)/atmel/studio/7.0/toolchain/arm/arm-gnu-toolchain/bin/../lib/gcc/arm-none-eabi/6.3.1/../../../../arm-none-eabi/lib/thumb/v7e-m\libc.a(lib_a-reent.o)
 .debug_frame   0x00001a78       0x2c c:/program files (x86)/atmel/studio/7.0/toolchain/arm/arm-gnu-toolchain/bin/../lib/gcc/arm-none-eabi/6.3.1/thumb/v7e-m\libgcc.a(_aeabi_uldivmod.o)
 .debug_frame   0x00001aa4       0x34 c:/program files (x86)/atmel/studio/7.0/toolchain/arm/arm-gnu-toolchain/bin/../lib/gcc/arm-none-eabi/6.3.1/thumb/v7e-m\libgcc.a(_udivmoddi4.o)

Cross Reference Table

Symbol                                            File
ABDACB_Handler                                    src/ASF/sam/utils/cmsis/sam4l/source/templates/exceptions.o
                                                  src/ASF/sam/utils/cmsis/sam4l/source/templates/gcc/startup_sam4l.o
ACIFC_Handler                                     src/ASF/sam/utils/cmsis/sam4l/source/templates/exceptions.o
                                                  src/ASF/sam/utils/cmsis/sam4l/source/templates/gcc/startup_sam4l.o
ADCIFE_Handler                                    src/ASF/sam/utils/cmsis/sam4l/source/templates/exceptions.o
                                                  src/ASF/sam/utils/cmsis/sam4l/source/templates/gcc/startup_sam4l.o
AESA_Handler                                      src/ASF/sam/utils/cmsis/sam4l/source/templates/exceptions.o
                                                  src/ASF/sam/utils/cmsis/sam4l/source/templates/gcc/startup_sam4l.o
AST_ALARM_Handler                                 src/ASF/sam/utils/cmsis/sam4l/source/templates/exceptions.o
                                                  src/ASF/sam/utils/cmsis/sam4l/source/templates/gcc/startup_sam4l.o
AST_CLKREADY_Handler                              src/ASF/sam/utils/cmsis/sam4l/source/templates/exceptions.o
                                                  src/ASF/sam/utils/cmsis/sam4l/source/templates/gcc/startup_sam4l.o
AST_OVF_Handler                                   src/ASF/sam/utils/cmsis/sam4l/source/templates/exceptions.o
                                                  src/ASF/sam/utils/cmsis/sam4l/source/templates/gcc/startup_sam4l.o
AST_PER_Handler                                   src/ASF/sam/utils/cmsis/sam4l/source/templates/exceptions.o
                                                  src/ASF/sam/utils/cmsis/sam4l/source/templates/gcc/startup_sam4l.o
AST_READY_Handler                                 src/ASF/sam/utils/cmsis/sam4l/source/templates/exceptions.o
                                                  src/ASF/sam/utils/cmsis/sam4l/source/templates/gcc/startup_sam4l.o
BPM_Handler                                       src/ASF/sam/utils/cmsis/sam4l/source/templates/exceptions.o
                                                  src/ASF/sam/utils/cmsis/sam4l/source/templates/gcc/startup_sam4l.o
BSCIF_Handler                                     src/ASF/sam/utils/cmsis/sam4l/source/templates/exceptions.o
                                                  src/ASF/sam/utils/cmsis/sam4l/source/templates/gcc/startup_sam4l.o
BusFault_Handler                                  src/ASF/sam/utils/cmsis/sam4l/source/templates/exceptions.o
                                                  src/ASF/sam/utils/cmsis/sam4l/source/templates/gcc/startup_sam4l.o
CATB_Handler                                      src/ASF/sam/utils/cmsis/sam4l/source/templates/exceptions.o
                                                  src/ASF/sam/utils/cmsis/sam4l/source/templates/gcc/startup_sam4l.o
CRCCU_Handler                                     src/ASF/sam/utils/cmsis/sam4l/source/templates/exceptions.o
                                                  src/ASF/sam/utils/cmsis/sam4l/source/templates/gcc/startup_sam4l.o
DACC_Handler                                      src/ASF/sam/utils/cmsis/sam4l/source/templates/exceptions.o
                                                  src/ASF/sam/utils/cmsis/sam4l/source/templates/gcc/startup_sam4l.o
DebugMon_Handler                                  src/ASF/sam/utils/cmsis/sam4l/source/templates/exceptions.o
                                                  src/ASF/sam/utils/cmsis/sam4l/source/templates/gcc/startup_sam4l.o
Dummy_Handler                                     src/ASF/sam/utils/cmsis/sam4l/source/templates/exceptions.o
                                                  src/ASF/sam/utils/cmsis/sam4l/source/templates/gcc/startup_sam4l.o
EIC_1_Handler                                     src/ASF/sam/utils/cmsis/sam4l/source/templates/exceptions.o
                                                  src/ASF/sam/utils/cmsis/sam4l/source/templates/gcc/startup_sam4l.o
EIC_2_Handler                                     src/ASF/sam/utils/cmsis/sam4l/source/templates/exceptions.o
                                                  src/ASF/sam/utils/cmsis/sam4l/source/templates/gcc/startup_sam4l.o
EIC_3_Handler                                     src/ASF/sam/utils/cmsis/sam4l/source/templates/exceptions.o
                                                  src/ASF/sam/utils/cmsis/sam4l/source/templates/gcc/startup_sam4l.o
EIC_4_Handler                                     src/ASF/sam/utils/cmsis/sam4l/source/templates/exceptions.o
                                                  src/ASF/sam/utils/cmsis/sam4l/source/templates/gcc/startup_sam4l.o
EIC_5_Handler                                     src/ASF/sam/utils/cmsis/sam4l/source/templates/exceptions.o
                                                  src/ASF/sam/utils/cmsis/sam4l/source/templates/gcc/startup_sam4l.o
EIC_6_Handler                                     src/ASF/sam/utils/cmsis/sam4l/source/templates/exceptions.o
                                                  src/ASF/sam/utils/cmsis/sam4l/source/templates/gcc/startup_sam4l.o
EIC_7_Handler                                     src/ASF/sam/utils/cmsis/sam4l/source/templates/exceptions.o
                                                  src/ASF/sam/utils/cmsis/sam4l/source/templates/gcc/startup_sam4l.o
EIC_8_Handler                                     src/ASF/sam/utils/cmsis/sam4l/source/templates/exceptions.o
                                                  src/ASF/sam/utils/cmsis/sam4l/source/templates/gcc/startup_sam4l.o
FREQM_Handler                                     src/ASF/sam/utils/cmsis/sam4l/source/templates/exceptions.o
                                                  src/ASF/sam/utils/cmsis/sam4l/source/templates/gcc/startup_sam4l.o
GPIO_0_Handler                                    src/ASF/sam/utils/cmsis/sam4l/source/templates/exceptions.o
                                                  src/ASF/sam/utils/cmsis/sam4l/source/templates/gcc/startup_sam4l.o
GPIO_10_Handler                                   src/ASF/sam/utils/cmsis/sam4l/source/templates/exceptions.o