Archive member included to satisfy reference by file (symbol)

c:/program files (x86)/atmel/studio/7.0/toolchain/arm/arm-gnu-toolchain/bin/../lib/gcc/arm-none-eabi/6.3.1/../../../../arm-none-eabi/lib/thumb/v7e-m\libc.a(lib_a-exit.o)
                              c:/program files (x86)/atmel/studio/7.0/toolchain/arm/arm-gnu-toolchain/bin/../lib/gcc/arm-none-eabi/6.3.1/../../../../arm-none-eabi/lib/thumb/v7e-m/crt0.o (exit)
c:/program files (x86)/atmel/studio/7.0/toolchain/arm/arm-gnu-toolchain/bin/../lib/gcc/arm-none-eabi/6.3.1/../../../../arm-none-eabi/lib/thumb/v7e-m\libc.a(lib_a-impure.o)
                              c:/program files (x86)/atmel/studio/7.0/toolchain/arm/arm-gnu-toolchain/bin/../lib/gcc/arm-none-eabi/6.3.1/../../../../arm-none-eabi/lib/thumb/v7e-m\libc.a(lib_a-exit.o) (_global_impure_ptr)
c:/program files (x86)/atmel/studio/7.0/toolchain/arm/arm-gnu-toolchain/bin/../lib/gcc/arm-none-eabi/6.3.1/../../../../arm-none-eabi/lib/thumb/v7e-m\libc.a(lib_a-init.o)
                              c:/program files (x86)/atmel/studio/7.0/toolchain/arm/arm-gnu-toolchain/bin/../lib/gcc/arm-none-eabi/6.3.1/../../../../arm-none-eabi/lib/thumb/v7e-m/crt0.o (__libc_init_array)
c:/program files (x86)/atmel/studio/7.0/toolchain/arm/arm-gnu-toolchain/bin/../lib/gcc/arm-none-eabi/6.3.1/../../../../arm-none-eabi/lib/thumb/v7e-m\libc.a(lib_a-iprintf.o)
                              src/main.o (iprintf)
c:/program files (x86)/atmel/studio/7.0/toolchain/arm/arm-gnu-toolchain/bin/../lib/gcc/arm-none-eabi/6.3.1/../../../../arm-none-eabi/lib/thumb/v7e-m\libc.a(lib_a-memset.o)
                              c:/program files (x86)/atmel/studio/7.0/toolchain/arm/arm-gnu-toolchain/bin/../lib/gcc/arm-none-eabi/6.3.1/../../../../arm-none-eabi/lib/thumb/v7e-m/crt0.o (memset)
c:/program files (x86)/atmel/studio/7.0/toolchain/arm/arm-gnu-toolchain/bin/../lib/gcc/arm-none-eabi/6.3.1/../../../../arm-none-eabi/lib/thumb/v7e-m\libc.a(lib_a-setbuf.o)
                              src/uart.o (setbuf)
c:/program files (x86)/atmel/studio/7.0/toolchain/arm/arm-gnu-toolchain/bin/../lib/gcc/arm-none-eabi/6.3.1/../../../../arm-none-eabi/lib/thumb/v7e-m\libc.a(lib_a-setvbuf.o)
                              c:/program files (x86)/atmel/studio/7.0/toolchain/arm/arm-gnu-toolchain/bin/../lib/gcc/arm-none-eabi/6.3.1/../../../../arm-none-eabi/lib/thumb/v7e-m\libc.a(lib_a-setbuf.o) (setvbuf)
c:/program files (x86)/atmel/studio/7.0/toolchain/arm/arm-gnu-toolchain/bin/../lib/gcc/arm-none-eabi/6.3.1/../../../../arm-none-eabi/lib/thumb/v7e-m\libc.a(lib_a-vfiprintf.o)
                              c:/program files (x86)/atmel/studio/7.0/toolchain/arm/arm-gnu-toolchain/bin/../lib/gcc/arm-none-eabi/6.3.1/../../../../arm-none-eabi/lib/thumb/v7e-m\libc.a(lib_a-iprintf.o) (_vfiprintf_r)
c:/program files (x86)/atmel/studio/7.0/toolchain/arm/arm-gnu-toolchain/bin/../lib/gcc/arm-none-eabi/6.3.1/../../../../arm-none-eabi/lib/thumb/v7e-m\libc.a(lib_a-wsetup.o)
                              c:/program files (x86)/atmel/studio/7.0/toolchain/arm/arm-gnu-toolchain/bin/../lib/gcc/arm-none-eabi/6.3.1/../../../../arm-none-eabi/lib/thumb/v7e-m\libc.a(lib_a-vfiprintf.o) (__swsetup_r)
c:/program files (x86)/atmel/studio/7.0/toolchain/arm/arm-gnu-toolchain/bin/../lib/gcc/arm-none-eabi/6.3.1/../../../../arm-none-eabi/lib/thumb/v7e-m\libc.a(lib_a-__call_atexit.o)
                              c:/program files (x86)/atmel/studio/7.0/toolchain/arm/arm-gnu-toolchain/bin/../lib/gcc/arm-none-eabi/6.3.1/../../../../arm-none-eabi/lib/thumb/v7e-m\libc.a(lib_a-exit.o) (__call_exitprocs)
c:/program files (x86)/atmel/studio/7.0/toolchain/arm/arm-gnu-toolchain/bin/../lib/gcc/arm-none-eabi/6.3.1/../../../../arm-none-eabi/lib/thumb/v7e-m\libc.a(lib_a-atexit.o)
                              c:/program files (x86)/atmel/studio/7.0/toolchain/arm/arm-gnu-toolchain/bin/../lib/gcc/arm-none-eabi/6.3.1/../../../../arm-none-eabi/lib/thumb/v7e-m\libc.a(lib_a-__call_atexit.o) (atexit)
c:/program files (x86)/atmel/studio/7.0/toolchain/arm/arm-gnu-toolchain/bin/../lib/gcc/arm-none-eabi/6.3.1/../../../../arm-none-eabi/lib/thumb/v7e-m\libc.a(lib_a-fflush.o)
                              c:/program files (x86)/atmel/studio/7.0/toolchain/arm/arm-gnu-toolchain/bin/../lib/gcc/arm-none-eabi/6.3.1/../../../../arm-none-eabi/lib/thumb/v7e-m\libc.a(lib_a-setvbuf.o) (_fflush_r)
c:/program files (x86)/atmel/studio/7.0/toolchain/arm/arm-gnu-toolchain/bin/../lib/gcc/arm-none-eabi/6.3.1/../../../../arm-none-eabi/lib/thumb/v7e-m\libc.a(lib_a-findfp.o)
                              c:/program files (x86)/atmel/studio/7.0/toolchain/arm/arm-gnu-toolchain/bin/../lib/gcc/arm-none-eabi/6.3.1/../../../../arm-none-eabi/lib/thumb/v7e-m\libc.a(lib_a-setvbuf.o) (__sinit)
c:/program files (x86)/atmel/studio/7.0/toolchain/arm/arm-gnu-toolchain/bin/../lib/gcc/arm-none-eabi/6.3.1/../../../../arm-none-eabi/lib/thumb/v7e-m\libc.a(lib_a-fini.o)
[...]
Memory Configuration

Name             Origin             Length             Attributes
rom              0x00000000         0x00040000         xr
ram              0x20000000         0x00008000         xrw
*default*        0x00000000         0xffffffff

Linker script and memory map

LOAD c:/program files (x86)/atmel/studio/7.0/toolchain/arm/arm-gnu-toolchain/bin/../lib/gcc/arm-none-eabi/6.3.1/thumb/v7e-m/crti.o
LOAD c:/program files (x86)/atmel/studio/7.0/toolchain/arm/arm-gnu-toolchain/bin/../lib/gcc/arm-none-eabi/6.3.1/thumb/v7e-m/crtbegin.o
LOAD c:/program files (x86)/atmel/studio/7.0/toolchain/arm/arm-gnu-toolchain/bin/../lib/gcc/arm-none-eabi/6.3.1/../../../../arm-none-eabi/lib/thumb/v7e-m/crt0.o
LOAD src/ASF/common/services/sleepmgr/sam4l/sleepmgr.o
LOAD src/ASF/common/utils/stdio/read.o
LOAD src/ASF/sam/drivers/ast/ast.o
LOAD src/ASF/sam/drivers/usart/usart.o
LOAD src/ASF/common/utils/stdio/write.o
LOAD src/ASF/common/services/serial/usart_serial.o
LOAD src/ASF/sam/drivers/tc/tc.o
LOAD src/uart.o
LOAD src/ASF/common/services/clock/sam4l/dfll.o
LOAD src/ASF/common/services/clock/sam4l/osc.o
LOAD src/ASF/common/services/clock/sam4l/pll.o
LOAD src/ASF/common/services/clock/sam4l/sysclk.o
LOAD src/ASF/common/utils/interrupt/interrupt_sam_nvic.o
LOAD src/ASF/sam/boards/sam4l_xplained_pro/init.o
LOAD src/ASF/sam/drivers/bpm/bpm.o
LOAD src/ASF/sam/drivers/flashcalw/flashcalw.o
LOAD src/ASF/sam/drivers/wdt/wdt_sam4l.o
LOAD src/ASF/sam/utils/cmsis/sam4l/source/templates/exceptions.o
LOAD src/ASF/sam/utils/cmsis/sam4l/source/templates/gcc/startup_sam4l.o
LOAD src/ASF/sam/utils/cmsis/sam4l/source/templates/system_sam4l.o
LOAD src/ASF/sam/utils/syscalls/gcc/syscalls.o
LOAD src/main.o
START GROUP
LOAD ../src/ASF/thirdparty/CMSIS/Lib/GCC\libarm_cortexM4l_math.a
LOAD c:/program files (x86)/atmel/studio/7.0/toolchain/arm/arm-gnu-toolchain/bin/../lib/gcc/arm-none-eabi/6.3.1/../../../../arm-none-eabi/lib/thumb/v7e-m\libm.a
END GROUP
START GROUP
LOAD c:/program files (x86)/atmel/studio/7.0/toolchain/arm/arm-gnu-toolchain/bin/../lib/gcc/arm-none-eabi/6.3.1/thumb/v7e-m\libgcc.a
LOAD c:/program files (x86)/atmel/studio/7.0/toolchain/arm/arm-gnu-toolchain/bin/../lib/gcc/arm-none-eabi/6.3.1/../../../../arm-none-eabi/lib/thumb/v7e-m\libc.a
END GROUP
LOAD c:/program files (x86)/atmel/studio/7.0/toolchain/arm/arm-gnu-toolchain/bin/../lib/gcc/arm-none-eabi/6.3.1/thumb/v7e-m/crtend.o
LOAD c:/program files (x86)/atmel/studio/7.0/toolchain/arm/arm-gnu-toolchain/bin/../lib/gcc/arm-none-eabi/6.3.1/thumb/v7e-m/crtn.o
                0x00001000                __stack_size__ = DEFINED (__stack_size__)?__stack_size__:0x1000
                0x20007ffc                __ram_end__ = ((ORIGIN (ram) + LENGTH (ram)) - 0x4)

.text           0x00000000     0x4bb0
                0x00000000                . = ALIGN (0x4)
                0x00000000                _sfixed = .
 *(.vectors .vectors.*)
 .vectors       0x00000000      0x180 src/ASF/sam/utils/cmsis/sam4l/source/templates/gcc/startup_sam4l.o
                0x00000000                exception_table
 *(.text .text.* .gnu.linkonce.t.*)
 .text          0x00000180       0x6c c:/program files (x86)/atmel/studio/7.0/toolchain/arm/arm-gnu-toolchain/bin/../lib/gcc/arm-none-eabi/6.3.1/thumb/v7e-m/crtbegin.o
 .text._read    0x000001ec       0x3c src/ASF/common/utils/stdio/read.o
                0x000001ec                _read
 .text.ast_enable
                0x00000228       0x54 src/ASF/sam/drivers/ast/ast.o
                0x00000228                ast_enable
 .text.ast_write_calendar_value
                0x0000027c       0x14 src/ASF/sam/drivers/ast/ast.o
                0x0000027c                ast_write_calendar_value
 .text.ast_write_counter_value
                0x00000290       0x14 src/ASF/sam/drivers/ast/ast.o
                0x00000290                ast_write_counter_value
 .text.ast_set_config
                0x000002a4       0xb4 src/ASF/sam/drivers/ast/ast.o
                0x000002a4                ast_set_config
 .text.ast_write_periodic0_value
                0x00000358       0x14 src/ASF/sam/drivers/ast/ast.o
                0x00000358                ast_write_periodic0_value
 .text.ast_enable_interrupt
                0x0000036c       0x44 src/ASF/sam/drivers/ast/ast.o
                0x0000036c                ast_enable_interrupt
 .text.ast_clear_interrupt_flag
                0x000003b0       0x44 src/ASF/sam/drivers/ast/ast.o
                0x000003b0                ast_clear_interrupt_flag
 .text.ast_set_callback
                0x000003f4       0x5c src/ASF/sam/drivers/ast/ast.o
                0x000003f4                ast_set_callback
 .text.AST_PER_Handler
                0x00000450       0x10 src/ASF/sam/drivers/ast/ast.o
                0x00000450                AST_PER_Handler
 .text.usart_set_async_baudrate
                0x00000460       0x58 src/ASF/sam/drivers/usart/usart.o
                0x00000460                usart_set_async_baudrate
 .text.usart_reset
                0x000004b8       0x30 src/ASF/sam/drivers/usart/usart.o
                0x000004b8                usart_reset
 .text.usart_init_rs232
                0x000004e8       0x54 src/ASF/sam/drivers/usart/usart.o
                0x000004e8                usart_init_rs232
 .text.usart_enable_tx
                0x0000053c        0x6 src/ASF/sam/drivers/usart/usart.o
                0x0000053c                usart_enable_tx
 .text.usart_enable_rx
                0x00000542        0x6 src/ASF/sam/drivers/usart/usart.o
                0x00000542                usart_enable_rx
 .text.usart_write
                0x00000548       0x14 src/ASF/sam/drivers/usart/usart.o
                0x00000548                usart_write
 .text.usart_read
                0x0000055c       0x18 src/ASF/sam/drivers/usart/usart.o
                0x0000055c                usart_read
 .text._write   0x00000574       0x50 src/ASF/common/utils/stdio/write.o
                0x00000574                _write
 .text.tc_init  0x000005c4       0x18 src/ASF/sam/drivers/tc/tc.o
                0x000005c4                tc_init
 .text.tc_start
                0x000005dc        0x8 src/ASF/sam/drivers/tc/tc.o
                0x000005dc                tc_start
 .text.tc_read_ra
                0x000005e4        0x8 src/ASF/sam/drivers/tc/tc.o
                0x000005e4                tc_read_ra
 .text.tc_read_rb
                0x000005ec        0x8 src/ASF/sam/drivers/tc/tc.o
                0x000005ec                tc_read_rb
 .text.tc_write_ra
                0x000005f4        0x8 src/ASF/sam/drivers/tc/tc.o
                0x000005f4                tc_write_ra
 .text.tc_write_rc
                0x000005fc        0x8 src/ASF/sam/drivers/tc/tc.o
                0x000005fc                tc_write_rc
 .text.tc_enable_interrupt
                0x00000604        0x8 src/ASF/sam/drivers/tc/tc.o
                0x00000604                tc_enable_interrupt
 .text.tc_get_status
                0x0000060c        0x8 src/ASF/sam/drivers/tc/tc.o
                0x0000060c                tc_get_status
 .text.usart_serial_getchar
                0x00000614       0x8c src/uart.o
 .text.usart_serial_putchar
                0x000006a0       0x7c src/uart.o
 .text.uart_init
                0x0000071c       0x9c src/uart.o
                0x0000071c                uart_init
 .text.osc_priv_enable_osc32
                0x000007b8       0x48 src/ASF/common/services/clock/sam4l/osc.o
                0x000007b8                osc_priv_enable_osc32
 .text.sysclk_priv_enable_module
                0x00000800       0x60 src/ASF/common/services/clock/sam4l/sysclk.o
                0x00000800                sysclk_priv_enable_module
 .text.sysclk_priv_disable_module
                0x00000860       0x60 src/ASF/common/services/clock/sam4l/sysclk.o
                0x00000860                sysclk_priv_disable_module
 .text.sysclk_enable_pba_module
                0x000008c0       0x58 src/ASF/common/services/clock/sam4l/sysclk.o
                0x000008c0                sysclk_enable_pba_module
 .text.sysclk_disable_pba_module
                0x00000918       0x54 src/ASF/common/services/clock/sam4l/sysclk.o
                0x00000918                sysclk_disable_pba_module
 .text.sysclk_enable_pbb_module
                0x0000096c       0x58 src/ASF/common/services/clock/sam4l/sysclk.o
                0x0000096c                sysclk_enable_pbb_module
 .text.sysclk_disable_pbb_module
                0x000009c4       0x54 src/ASF/common/services/clock/sam4l/sysclk.o
                0x000009c4                sysclk_disable_pbb_module
 .text.sysclk_get_peripheral_bus_hz
                0x00000a18      0x1b0 src/ASF/common/services/clock/sam4l/sysclk.o
                0x00000a18                sysclk_get_peripheral_bus_hz
 .text.sysclk_enable_peripheral_clock
                0x00000bc8      0x3f4 src/ASF/common/services/clock/sam4l/sysclk.o
                0x00000bc8                sysclk_enable_peripheral_clock
 .text.sysclk_disable_peripheral_clock
                0x00000fbc      0x3ac src/ASF/common/services/clock/sam4l/sysclk.o
                0x00000fbc                sysclk_disable_peripheral_clock
 .text.sysclk_init
                0x00001368       0x7c src/ASF/common/services/clock/sam4l/sysclk.o
                0x00001368                sysclk_init
 .text.board_init
                0x000013e4       0xa0 src/ASF/sam/boards/sam4l_xplained_pro/init.o
                0x000013e4                board_init
 .text.bpm_power_scaling_cpu_failsafe
                0x00001484       0x74 src/ASF/sam/drivers/bpm/bpm.o
                0x00001484                bpm_power_scaling_cpu_failsafe
 .text.bpm_get_status
                0x000014f8        0x4 src/ASF/sam/drivers/bpm/bpm.o
                0x000014f8                bpm_get_status
 .text.wdt_set_ctrl
                0x000014fc       0x38 src/ASF/sam/drivers/wdt/wdt_sam4l.o
 .text.wdt_get_config_defaults
                0x00001534       0x18 src/ASF/sam/drivers/wdt/wdt_sam4l.o
                0x00001534                wdt_get_config_defaults
 .text.wdt_init
                0x0000154c       0xb4 src/ASF/sam/drivers/wdt/wdt_sam4l.o
                0x0000154c                wdt_init
 .text.wdt_disable
                0x00001600       0x28 src/ASF/sam/drivers/wdt/wdt_sam4l.o
                0x00001600                wdt_disable
 .text.Dummy_Handler
                0x00001628        0x2 src/ASF/sam/utils/cmsis/sam4l/source/templates/exceptions.o
                0x00001628                EIC_5_Handler
                0x00001628                DACC_Handler
                0x00001628                DebugMon_Handler
                0x00001628                TRNG_Handler
                0x00001628                HardFault_Handler
                0x00001628                SPI_Handler
                0x00001628                EIC_4_Handler
                0x00001628                GPIO_5_Handler
                0x00001628                SysTick_Handler
                0x00001628                PDCA_10_Handler
                0x00001628                USART3_Handler
                0x00001628                AST_CLKREADY_Handler
                0x00001628                AST_OVF_Handler
                0x00001628                PDCA_5_Handler
                0x00001628                PendSV_Handler
                0x00001628                NMI_Handler
                0x00001628                GPIO_10_Handler
                0x00001628                SCIF_Handler
                0x00001628                GPIO_9_Handler
                0x00001628                GPIO_2_Handler
                0x00001628                PDCA_15_Handler
                0x00001628                CRCCU_Handler
                0x00001628                USART0_Handler
                0x00001628                EIC_3_Handler
                0x00001628                GPIO_4_Handler
                0x00001628                TWIM3_Handler
                0x00001628                UsageFault_Handler
                0x00001628                PDCA_0_Handler
                0x00001628                TC12_Handler
                0x00001628                PDCA_14_Handler
                0x00001628                BPM_Handler
                0x00001628                PARC_Handler
                0x00001628                WDT_Handler
                0x00001628                EIC_8_Handler
                0x00001628                TWIS0_Handler
                0x00001628                PDCA_8_Handler
                0x00001628                GPIO_11_Handler
                0x00001628                TWIS1_Handler
                0x00001628                TWIM2_Handler
                0x00001628                AESA_Handler
                0x00001628                PDCA_13_Handler
                0x00001628                Dummy_Handler
                0x00001628                PDCA_3_Handler
                0x00001628                ABDACB_Handler
                0x00001628                CATB_Handler
                0x00001628                LCDCA_Handler
                0x00001628                USART1_Handler
                0x00001628                AST_READY_Handler
                0x00001628                PDCA_2_Handler
                0x00001628                GPIO_8_Handler
                0x00001628                AST_ALARM_Handler
                0x00001628                TWIM0_Handler
                0x00001628                PM_Handler
                0x00001628                GPIO_7_Handler
                0x00001628                PDCA_1_Handler
                0x00001628                PDCA_11_Handler
                0x00001628                ACIFC_Handler
                0x00001628                TC00_Handler
                0x00001628                TC02_Handler
                0x00001628                PDCA_6_Handler
                0x00001628                MemManage_Handler
                0x00001628                SVC_Handler
                0x00001628                GPIO_0_Handler
                0x00001628                PDCA_12_Handler
                0x00001628                PDCA_9_Handler
                0x00001628                ADCIFE_Handler
                0x00001628                GPIO_6_Handler
                0x00001628                EIC_2_Handler
                0x00001628                PDCA_7_Handler
                0x00001628                PEVC_TR_Handler
                0x00001628                USART2_Handler
                0x00001628                EIC_6_Handler
                0x00001628                TC10_Handler
                0x00001628                TWIM1_Handler
                0x00001628                EIC_1_Handler
                0x00001628                EIC_7_Handler
                0x00001628                HFLASHC_Handler
                0x00001628                TC01_Handler
                0x00001628                BSCIF_Handler
                0x00001628                GPIO_1_Handler
                0x00001628                USBC_Handler
                0x00001628                IISC_Handler
                0x00001628                BusFault_Handler
                0x00001628                FREQM_Handler
                0x00001628                GPIO_3_Handler
                0x00001628                PDCA_4_Handler
                0x00001628                PEVC_OV_Handler
 *fill*         0x0000162a        0x2 
 .text.Reset_Handler
                0x0000162c       0x84 src/ASF/sam/utils/cmsis/sam4l/source/templates/gcc/startup_sam4l.o
                0x0000162c                Reset_Handler
 .text._sbrk    0x000016b0       0x38 src/ASF/sam/utils/syscalls/gcc/syscalls.o
                0x000016b0                _sbrk
 .text._close   0x000016e8        0x6 src/ASF/sam/utils/syscalls/gcc/syscalls.o
                0x000016e8                _close
 .text._fstat   0x000016ee        0xa src/ASF/sam/utils/syscalls/gcc/syscalls.o
                0x000016ee                _fstat
 .text._isatty  0x000016f8        0x4 src/ASF/sam/utils/syscalls/gcc/syscalls.o
                0x000016f8                _isatty
 .text._lseek   0x000016fc        0x4 src/ASF/sam/utils/syscalls/gcc/syscalls.o
                0x000016fc                _lseek
 .text.ast_per_callback
                0x00001700       0x14 src/main.o
                0x00001700                ast_per_callback
 .text.TC11_Handler
                0x00001714       0x44 src/main.o
                0x00001714                TC11_Handler
 .text.main     0x00001758      0x1e4 src/main.o
                0x00001758                main
 .text.__libc_init_array
                0x0000193c       0x50 c:/program files (x86)/atmel/studio/7.0/toolchain/arm/arm-gnu-toolchain/bin/../lib/gcc/arm-none-eabi/6.3.1/../../../../arm-none-eabi/lib/thumb/v7e-m\libc.a(lib_a-init.o)
                0x0000193c                __libc_init_array
 .text.iprintf  0x0000198c       0x28 c:/program files (x86)/atmel/studio/7.0/toolchain/arm/arm-gnu-toolchain/bin/../lib/gcc/arm-none-eabi/6.3.1/../../../../arm-none-eabi/lib/thumb/v7e-m\libc.a(lib_a-iprintf.o)
                0x0000198c                iprintf
 .text.memset   0x000019b4       0x9c c:/program files (x86)/atmel/studio/7.0/toolchain/arm/arm-gnu-toolchain/bin/../lib/gcc/arm-none-eabi/6.3.1/../../../../arm-none-eabi/lib/thumb/v7e-m\libc.a(lib_a-memset.o)
                0x000019b4                memset
 .text.setbuf   0x00001a50       0x10 c:/program files (x86)/atmel/studio/7.0/toolchain/arm/arm-gnu-toolchain/bin/../lib/gcc/arm-none-eabi/6.3.1/../../../../arm-none-eabi/lib/thumb/v7e-m\libc.a(lib_a-setbuf.o)
                0x00001a50                setbuf
 .text.setvbuf  0x00001a60      0x190 c:/program files (x86)/atmel/studio/7.0/toolchain/arm/arm-gnu-toolchain/bin/../lib/gcc/arm-none-eabi/6.3.1/../../../../arm-none-eabi/lib/thumb/v7e-m\libc.a(lib_a-setvbuf.o)
                0x00001a60                setvbuf
 .text.__sprint_r.part.0
                0x00001bf0       0x80 c:/program files (x86)/atmel/studio/7.0/toolchain/arm/arm-gnu-toolchain/bin/../lib/gcc/arm-none-eabi/6.3.1/../../../../arm-none-eabi/lib/thumb/v7e-m\libc.a(lib_a-vfiprintf.o)
 .text._vfiprintf_r
                0x00001c70      0xc90 c:/program files (x86)/atmel/studio/7.0/toolchain/arm/arm-gnu-toolchain/bin/../lib/gcc/arm-none-eabi/6.3.1/../../../../arm-none-eabi/lib/thumb/v7e-m\libc.a(lib_a-vfiprintf.o)
                0x00001c70                _vfiprintf_r
 .text.__sbprintf
                0x00002900       0x84 c:/program files (x86)/atmel/studio/7.0/toolchain/arm/arm-gnu-toolchain/bin/../lib/gcc/arm-none-eabi/6.3.1/../../../../arm-none-eabi/lib/thumb/v7e-m\libc.a(lib_a-vfiprintf.o)
 .text.__swsetup_r
                0x00002984       0xc8 c:/program files (x86)/atmel/studio/7.0/toolchain/arm/arm-gnu-toolchain/bin/../lib/gcc/arm-none-eabi/6.3.1/../../../../arm-none-eabi/lib/thumb/v7e-m\libc.a(lib_a-wsetup.o)
                0x00002984                __swsetup_r
 .text.startup.register_fini
                0x00002a4c       0x14 c:/program files (x86)/atmel/studio/7.0/toolchain/arm/arm-gnu-toolchain/bin/../lib/gcc/arm-none-eabi/6.3.1/../../../../arm-none-eabi/lib/thumb/v7e-m\libc.a(lib_a-__call_atexit.o)
 .text.atexit   0x00002a60        0xc c:/program files (x86)/atmel/studio/7.0/toolchain/arm/arm-gnu-toolchain/bin/../lib/gcc/arm-none-eabi/6.3.1/../../../../arm-none-eabi/lib/thumb/v7e-m\libc.a(lib_a-atexit.o)
                0x00002a60                atexit
 .text.__sflush_r
                0x00002a6c      0x140 c:/program files (x86)/atmel/studio/7.0/toolchain/arm/arm-gnu-toolchain/bin/../lib/gcc/arm-none-eabi/6.3.1/../../../../arm-none-eabi/lib/thumb/v7e-m\libc.a(lib_a-fflush.o)
                0x00002a6c                __sflush_r
 .text._fflush_r
                0x00002bac       0x54 c:/program files (x86)/atmel/studio/7.0/toolchain/arm/arm-gnu-toolchain/bin/../lib/gcc/arm-none-eabi/6.3.1/../../../../arm-none-eabi/lib/thumb/v7e-m\libc.a(lib_a-fflush.o)
                0x00002bac                _fflush_r
 .text._cleanup_r
                0x00002c00        0xc c:/program files (x86)/atmel/studio/7.0/toolchain/arm/arm-gnu-toolchain/bin/../lib/gcc/arm-none-eabi/6.3.1/../../../../arm-none-eabi/lib/thumb/v7e-m\libc.a(lib_a-findfp.o)
                0x00002c00                _cleanup_r
 .text.std.isra.0
                0x00002c0c       0x50 c:/program files (x86)/atmel/studio/7.0/toolchain/arm/arm-gnu-toolchain/bin/../lib/gcc/arm-none-eabi/6.3.1/../../../../arm-none-eabi/lib/thumb/v7e-m\libc.a(lib_a-findfp.o)
 .text.__sinit  0x00002c5c       0x58 c:/program files (x86)/atmel/studio/7.0/toolchain/arm/arm-gnu-toolchain/bin/../lib/gcc/arm-none-eabi/6.3.1/../../../../arm-none-eabi/lib/thumb/v7e-m\libc.a(lib_a-findfp.o)
                0x00002c5c                __sinit
 .text.__sfp_lock_acquire
                0x00002cb4        0xc c:/program files (x86)/atmel/studio/7.0/toolchain/arm/arm-gnu-toolchain/bin/../lib/gcc/arm-none-eabi/6.3.1/../../../../arm-none-eabi/lib/thumb/v7e-m\libc.a(lib_a-findfp.o)
                0x00002cb4                __sfp_lock_acquire
 .text.__sfp_lock_release
                0x00002cc0        0xc c:/program files (x86)/atmel/studio/7.0/toolchain/arm/arm-gnu-toolchain/bin/../lib/gcc/arm-none-eabi/6.3.1/../../../../arm-none-eabi/lib/thumb/v7e-m\libc.a(lib_a-findfp.o)
                0x00002cc0                __sfp_lock_release
 .text.__libc_fini_array
                0x00002ccc       0x34 c:/program files (x86)/atmel/studio/7.0/toolchain/arm/arm-gnu-toolchain/bin/../lib/gcc/arm-none-eabi/6.3.1/../../../../arm-none-eabi/lib/thumb/v7e-m\libc.a(lib_a-fini.o)
                0x00002ccc                __libc_fini_array
 .text.__fputwc
                0x00002d00       0xa0 c:/program files (x86)/atmel/studio/7.0/toolchain/arm/arm-gnu-toolchain/bin/../lib/gcc/arm-none-eabi/6.3.1/../../../../arm-none-eabi/lib/thumb/v7e-m\libc.a(lib_a-fputwc.o)
                0x00002d00                __fputwc
 .text._fputwc_r
                0x00002da0       0x68 c:/program files (x86)/atmel/studio/7.0/toolchain/arm/arm-gnu-toolchain/bin/../lib/gcc/arm-none-eabi/6.3.1/../../../../arm-none-eabi/lib/thumb/v7e-m\libc.a(lib_a-fputwc.o)
                0x00002da0                _fputwc_r
 .text._malloc_trim_r
                0x00002e08       0xa0 c:/program files (x86)/atmel/studio/7.0/toolchain/arm/arm-gnu-toolchain/bin/../lib/gcc/arm-none-eabi/6.3.1/../../../../arm-none-eabi/lib/thumb/v7e-m\libc.a(lib_a-freer.o)
                0x00002e08                _malloc_trim_r
 .text._free_r  0x00002ea8      0x1cc c:/program files (x86)/atmel/studio/7.0/toolchain/arm/arm-gnu-toolchain/bin/../lib/gcc/arm-none-eabi/6.3.1/../../../../arm-none-eabi/lib/thumb/v7e-m\libc.a(lib_a-freer.o)
                0x00002ea8                _free_r
 .text.__sfvwrite_r
                0x00003074      0x2f0 c:/program files (x86)/atmel/studio/7.0/toolchain/arm/arm-gnu-toolchain/bin/../lib/gcc/arm-none-eabi/6.3.1/../../../../arm-none-eabi/lib/thumb/v7e-m\libc.a(lib_a-fvwrite.o)
                0x00003074                __sfvwrite_r
 .text._fwalk_reent
                0x00003364       0x54 c:/program files (x86)/atmel/studio/7.0/toolchain/arm/arm-gnu-toolchain/bin/../lib/gcc/arm-none-eabi/6.3.1/../../../../arm-none-eabi/lib/thumb/v7e-m\libc.a(lib_a-fwalk.o)
                0x00003364                _fwalk_reent
 .text.__locale_mb_cur_max
                0x000033b8       0x1c c:/program files (x86)/atmel/studio/7.0/toolchain/arm/arm-gnu-toolchain/bin/../lib/gcc/arm-none-eabi/6.3.1/../../../../arm-none-eabi/lib/thumb/v7e-m\libc.a(lib_a-locale.o)
                0x000033b8                __locale_mb_cur_max
 .text.__retarget_lock_init_recursive
                0x000033d4        0x4 c:/program files (x86)/atmel/studio/7.0/toolchain/arm/arm-gnu-toolchain/bin/../lib/gcc/arm-none-eabi/6.3.1/../../../../arm-none-eabi/lib/thumb/v7e-m\libc.a(lib_a-lock.o)
                0x000033d4                __retarget_lock_init_recursive
 .text.__retarget_lock_close_recursive
                0x000033d8        0x4 c:/program files (x86)/atmel/studio/7.0/toolchain/arm/arm-gnu-toolchain/bin/../lib/gcc/arm-none-eabi/6.3.1/../../../../arm-none-eabi/lib/thumb/v7e-m\libc.a(lib_a-lock.o)
                0x000033d8                __retarget_lock_close_recursive
 .text.__retarget_lock_acquire_recursive
                0x000033dc        0x4 c:/program files (x86)/atmel/studio/7.0/toolchain/arm/arm-gnu-toolchain/bin/../lib/gcc/arm-none-eabi/6.3.1/../../../../arm-none-eabi/lib/thumb/v7e-m\libc.a(lib_a-lock.o)
                0x000033dc                __retarget_lock_acquire_recursive
 .text.__retarget_lock_release_recursive
                0x000033e0        0x4 c:/program files (x86)/atmel/studio/7.0/toolchain/arm/arm-gnu-toolchain/bin/../lib/gcc/arm-none-eabi/6.3.1/../../../../arm-none-eabi/lib/thumb/v7e-m\libc.a(lib_a-lock.o)
                0x000033e0                __retarget_lock_release_recursive
 .text.__swhatbuf_r
                0x000033e4       0x5c c:/program files (x86)/atmel/studio/7.0/toolchain/arm/arm-gnu-toolchain/bin/../lib/gcc/arm-none-eabi/6.3.1/../../../../arm-none-eabi/lib/thumb/v7e-m\libc.a(lib_a-makebuf.o)
                0x000033e4                __swhatbuf_r
 .text.__smakebuf_r
                0x00003440       0x94 c:/program files (x86)/atmel/studio/7.0/toolchain/arm/arm-gnu-toolchain/bin/../lib/gcc/arm-none-eabi/6.3.1/../../../../arm-none-eabi/lib/thumb/v7e-m\libc.a(lib_a-makebuf.o)
                0x00003440                __smakebuf_r
 .text.malloc   0x000034d4       0x10 c:/program files (x86)/atmel/studio/7.0/toolchain/arm/arm-gnu-toolchain/bin/../lib/gcc/arm-none-eabi/6.3.1/../../../../arm-none-eabi/lib/thumb/v7e-m\libc.a(lib_a-malloc.o)
                0x000034d4                malloc
 .text._malloc_r
                0x000034e4      0x560 c:/program files (x86)/atmel/studio/7.0/toolchain/arm/arm-gnu-toolchain/bin/../lib/gcc/arm-none-eabi/6.3.1/../../../../arm-none-eabi/lib/thumb/v7e-m\libc.a(lib_a-mallocr.o)
                0x000034e4                _malloc_r
 .text.__ascii_mbtowc
                0x00003a44       0x2c c:/program files (x86)/atmel/studio/7.0/toolchain/arm/arm-gnu-toolchain/bin/../lib/gcc/arm-none-eabi/6.3.1/../../../../arm-none-eabi/lib/thumb/v7e-m\libc.a(lib_a-mbtowc_r.o)
                0x00003a44                __ascii_mbtowc
 .text          0x00003a70       0xa0 c:/program files (x86)/atmel/studio/7.0/toolchain/arm/arm-gnu-toolchain/bin/../lib/gcc/arm-none-eabi/6.3.1/../../../../arm-none-eabi/lib/thumb/v7e-m\libc.a(lib_a-memchr.o)
                0x00003a70                memchr
 .text          0x00003b10      0x134 c:/program files (x86)/atmel/studio/7.0/toolchain/arm/arm-gnu-toolchain/bin/../lib/gcc/arm-none-eabi/6.3.1/../../../../arm-none-eabi/lib/thumb/v7e-m\libc.a(lib_a-memcpy.o)
                0x00003b10                memcpy
 .text.memmove  0x00003c44       0xc8 c:/program files (x86)/atmel/studio/7.0/toolchain/arm/arm-gnu-toolchain/bin/../lib/gcc/arm-none-eabi/6.3.1/../../../../arm-none-eabi/lib/thumb/v7e-m\libc.a(lib_a-memmove.o)
                0x00003c44                memmove
 .text.__malloc_lock
                0x00003d0c        0xc c:/program files (x86)/atmel/studio/7.0/toolchain/arm/arm-gnu-toolchain/bin/../lib/gcc/arm-none-eabi/6.3.1/../../../../arm-none-eabi/lib/thumb/v7e-m\libc.a(lib_a-mlock.o)
                0x00003d0c                __malloc_lock
 .text.__malloc_unlock
                0x00003d18        0xc c:/program files (x86)/atmel/studio/7.0/toolchain/arm/arm-gnu-toolchain/bin/../lib/gcc/arm-none-eabi/6.3.1/../../../../arm-none-eabi/lib/thumb/v7e-m\libc.a(lib_a-mlock.o)
                0x00003d18                __malloc_unlock
 .text._realloc_r
                0x00003d24      0x34c c:/program files (x86)/atmel/studio/7.0/toolchain/arm/arm-gnu-toolchain/bin/../lib/gcc/arm-none-eabi/6.3.1/../../../../arm-none-eabi/lib/thumb/v7e-m\libc.a(lib_a-reallocr.o)
                0x00003d24                _realloc_r
 .text._sbrk_r  0x00004070       0x24 c:/program files (x86)/atmel/studio/7.0/toolchain/arm/arm-gnu-toolchain/bin/../lib/gcc/arm-none-eabi/6.3.1/../../../../arm-none-eabi/lib/thumb/v7e-m\libc.a(lib_a-sbrkr.o)
                0x00004070                _sbrk_r
 .text.__sread  0x00004094       0x24 c:/program files (x86)/atmel/studio/7.0/toolchain/arm/arm-gnu-toolchain/bin/../lib/gcc/arm-none-eabi/6.3.1/../../../../arm-none-eabi/lib/thumb/v7e-m\libc.a(lib_a-stdio.o)
                0x00004094                __sread
 .text.__swrite
                0x000040b8       0x3c c:/program files (x86)/atmel/studio/7.0/toolchain/arm/arm-gnu-toolchain/bin/../lib/gcc/arm-none-eabi/6.3.1/../../../../arm-none-eabi/lib/thumb/v7e-m\libc.a(lib_a-stdio.o)
                0x000040b8                __swrite
 .text.__sseek  0x000040f4       0x20 c:/program files (x86)/atmel/studio/7.0/toolchain/arm/arm-gnu-toolchain/bin/../lib/gcc/arm-none-eabi/6.3.1/../../../../arm-none-eabi/lib/thumb/v7e-m\libc.a(lib_a-stdio.o)
                0x000040f4                __sseek
 .text.__sclose
                0x00004114        0x8 c:/program files (x86)/atmel/studio/7.0/toolchain/arm/arm-gnu-toolchain/bin/../lib/gcc/arm-none-eabi/6.3.1/../../../../arm-none-eabi/lib/thumb/v7e-m\libc.a(lib_a-stdio.o)
                0x00004114                __sclose
 *fill*         0x0000411c       0x24 
 .text          0x00004140       0xdc c:/program files (x86)/atmel/studio/7.0/toolchain/arm/arm-gnu-toolchain/bin/../lib/gcc/arm-none-eabi/6.3.1/../../../../arm-none-eabi/lib/thumb/v7e-m\libc.a(lib_a-strlen.o)
                0x00004140                strlen
 .text.__swbuf_r
                0x0000421c       0xb0 c:/program files (x86)/atmel/studio/7.0/toolchain/arm/arm-gnu-toolchain/bin/../lib/gcc/arm-none-eabi/6.3.1/../../../../arm-none-eabi/lib/thumb/v7e-m\libc.a(lib_a-wbuf.o)
                0x0000421c                __swbuf_r
 .text._wcrtomb_r
                0x000042cc       0x54 c:/program files (x86)/atmel/studio/7.0/toolchain/arm/arm-gnu-toolchain/bin/../lib/gcc/arm-none-eabi/6.3.1/../../../../arm-none-eabi/lib/thumb/v7e-m\libc.a(lib_a-wcrtomb.o)
                0x000042cc                _wcrtomb_r
 .text.__ascii_wctomb
                0x00004320       0x1c c:/program files (x86)/atmel/studio/7.0/toolchain/arm/arm-gnu-toolchain/bin/../lib/gcc/arm-none-eabi/6.3.1/../../../../arm-none-eabi/lib/thumb/v7e-m\libc.a(lib_a-wctomb_r.o)
                0x00004320                __ascii_wctomb
 .text._write_r
                0x0000433c       0x2c c:/program files (x86)/atmel/studio/7.0/toolchain/arm/arm-gnu-toolchain/bin/../lib/gcc/arm-none-eabi/6.3.1/../../../../arm-none-eabi/lib/thumb/v7e-m\libc.a(lib_a-writer.o)
                0x0000433c                _write_r
 .text.__register_exitproc
                0x00004368       0xc4 c:/program files (x86)/atmel/studio/7.0/toolchain/arm/arm-gnu-toolchain/bin/../lib/gcc/arm-none-eabi/6.3.1/../../../../arm-none-eabi/lib/thumb/v7e-m\libc.a(lib_a-__atexit.o)
                0x00004368                __register_exitproc
 .text._close_r
                0x0000442c       0x24 c:/program files (x86)/atmel/studio/7.0/toolchain/arm/arm-gnu-toolchain/bin/../lib/gcc/arm-none-eabi/6.3.1/../../../../arm-none-eabi/lib/thumb/v7e-m\libc.a(lib_a-closer.o)
                0x0000442c                _close_r
 .text._fclose_r
                0x00004450       0xc4 c:/program files (x86)/atmel/studio/7.0/toolchain/arm/arm-gnu-toolchain/bin/../lib/gcc/arm-none-eabi/6.3.1/../../../../arm-none-eabi/lib/thumb/v7e-m\libc.a(lib_a-fclose.o)
                0x00004450                _fclose_r
 .text._fstat_r
                0x00004514       0x28 c:/program files (x86)/atmel/studio/7.0/toolchain/arm/arm-gnu-toolchain/bin/../lib/gcc/arm-none-eabi/6.3.1/../../../../arm-none-eabi/lib/thumb/v7e-m\libc.a(lib_a-fstatr.o)
                0x00004514                _fstat_r
 .text._isatty_r
                0x0000453c       0x24 c:/program files (x86)/atmel/studio/7.0/toolchain/arm/arm-gnu-toolchain/bin/../lib/gcc/arm-none-eabi/6.3.1/../../../../arm-none-eabi/lib/thumb/v7e-m\libc.a(lib_a-isattyr.o)
                0x0000453c                _isatty_r
 .text._lseek_r
                0x00004560       0x2c c:/program files (x86)/atmel/studio/7.0/toolchain/arm/arm-gnu-toolchain/bin/../lib/gcc/arm-none-eabi/6.3.1/../../../../arm-none-eabi/lib/thumb/v7e-m\libc.a(lib_a-lseekr.o)
                0x00004560                _lseek_r
 .text._read_r  0x0000458c       0x2c c:/program files (x86)/atmel/studio/7.0/toolchain/arm/arm-gnu-toolchain/bin/../lib/gcc/arm-none-eabi/6.3.1/../../../../arm-none-eabi/lib/thumb/v7e-m\libc.a(lib_a-readr.o)
                0x0000458c                _read_r
 .text          0x000045b8       0x30 c:/program files (x86)/atmel/studio/7.0/toolchain/arm/arm-gnu-toolchain/bin/../lib/gcc/arm-none-eabi/6.3.1/thumb/v7e-m\libgcc.a(_aeabi_uldivmod.o)
                0x000045b8                __aeabi_uldivmod
 .text          0x000045e8      0x2dc c:/program files (x86)/atmel/studio/7.0/toolchain/arm/arm-gnu-toolchain/bin/../lib/gcc/arm-none-eabi/6.3.1/thumb/v7e-m\libgcc.a(_udivmoddi4.o)
                0x000045e8                __udivmoddi4
 .text          0x000048c4        0x4 c:/program files (x86)/atmel/studio/7.0/toolchain/arm/arm-gnu-toolchain/bin/../lib/gcc/arm-none-eabi/6.3.1/thumb/v7e-m\libgcc.a(_dvmd_tls.o)
                0x000048c4                __aeabi_idiv0
                0x000048c4                __aeabi_ldiv0
 *(.glue_7t)
 .glue_7t       0x000048c8        0x0 linker stubs
 *(.glue_7)
 .glue_7        0x000048c8        0x0 linker stubs
 *(.rodata .rodata* .gnu.linkonce.r.*)
 .rodata.main.str1.4
                0x000048c8      0x159 src/main.o
 *fill*         0x00004a21        0x3 
 .rodata._global_impure_ptr
                0x00004a24        0x4 c:/program files (x86)/atmel/studio/7.0/toolchain/arm/arm-gnu-toolchain/bin/../lib/gcc/arm-none-eabi/6.3.1/../../../../arm-none-eabi/lib/thumb/v7e-m\libc.a(lib_a-impure.o)
                0x00004a24                _global_impure_ptr
 .rodata._vfiprintf_r.str1.4
                0x00004a28       0x2f c:/program files (x86)/atmel/studio/7.0/toolchain/arm/arm-gnu-toolchain/bin/../lib/gcc/arm-none-eabi/6.3.1/../../../../arm-none-eabi/lib/thumb/v7e-m\libc.a(lib_a-vfiprintf.o)
 *fill*         0x00004a57        0x1 
 .rodata.blanks.7217
                0x00004a58       0x10 c:/program files (x86)/atmel/studio/7.0/toolchain/arm/arm-gnu-toolchain/bin/../lib/gcc/arm-none-eabi/6.3.1/../../../../arm-none-eabi/lib/thumb/v7e-m\libc.a(lib_a-vfiprintf.o)
 .rodata.zeroes.7218
                0x00004a68       0x10 c:/program files (x86)/atmel/studio/7.0/toolchain/arm/arm-gnu-toolchain/bin/../lib/gcc/arm-none-eabi/6.3.1/../../../../arm-none-eabi/lib/thumb/v7e-m\libc.a(lib_a-vfiprintf.o)
 .rodata._setlocale_r.str1.4
                0x00004a78        0xa c:/program files (x86)/atmel/studio/7.0/toolchain/arm/arm-gnu-toolchain/bin/../lib/gcc/arm-none-eabi/6.3.1/../../../../arm-none-eabi/lib/thumb/v7e-m\libc.a(lib_a-locale.o)
                                  0xd (size before relaxing)
 *fill*         0x00004a82        0x2 
 .rodata.str1.4
                0x00004a84        0x4 c:/program files (x86)/atmel/studio/7.0/toolchain/arm/arm-gnu-toolchain/bin/../lib/gcc/arm-none-eabi/6.3.1/../../../../arm-none-eabi/lib/thumb/v7e-m\libc.a(lib_a-locale.o)
                                  0x2 (size before relaxing)
 .rodata._ctype_
                0x00004a88      0x101 c:/program files (x86)/atmel/studio/7.0/toolchain/arm/arm-gnu-toolchain/bin/../lib/gcc/arm-none-eabi/6.3.1/../../../../arm-none-eabi/lib/thumb/v7e-m\libc.a(lib_a-ctype_.o)
                0x00004a88                _ctype_
 *(.ARM.extab* .gnu.linkonce.armextab.*)
                0x00004b8c                . = ALIGN (0x4)
 *fill*         0x00004b89        0x3 
 *(.init)
 .init          0x00004b8c        0x4 c:/program files (x86)/atmel/studio/7.0/toolchain/arm/arm-gnu-toolchain/bin/../lib/gcc/arm-none-eabi/6.3.1/thumb/v7e-m/crti.o
                0x00004b8c                _init
 .init          0x00004b90        0x8 c:/program files (x86)/atmel/studio/7.0/toolchain/arm/arm-gnu-toolchain/bin/../lib/gcc/arm-none-eabi/6.3.1/thumb/v7e-m/crtn.o
                0x00004b98                . = ALIGN (0x4)
                0x00004b98                __preinit_array_start = .
 *(.preinit_array)
                0x00004b98                __preinit_array_end = .
                0x00004b98                . = ALIGN (0x4)
                0x00004b98                __init_array_start = .
 *(SORT(.init_array.*))
 .init_array.00000
                0x00004b98        0x4 c:/program files (x86)/atmel/studio/7.0/toolchain/arm/arm-gnu-toolchain/bin/../lib/gcc/arm-none-eabi/6.3.1/../../../../arm-none-eabi/lib/thumb/v7e-m\libc.a(lib_a-__call_atexit.o)
 *(.init_array)
 .init_array    0x00004b9c        0x4 c:/program files (x86)/atmel/studio/7.0/toolchain/arm/arm-gnu-toolchain/bin/../lib/gcc/arm-none-eabi/6.3.1/thumb/v7e-m/crtbegin.o
                0x00004ba0                __init_array_end = .
                0x00004ba0                . = ALIGN (0x4)
 *crtbegin.o(.ctors)
 *(EXCLUDE_FILE(*crtend.o) .ctors)
 *(SORT(.ctors.*))
 *crtend.o(.ctors)
                0x00004ba0                . = ALIGN (0x4)
 *(.fini)
 .fini          0x00004ba0        0x4 c:/program files (x86)/atmel/studio/7.0/toolchain/arm/arm-gnu-toolchain/bin/../lib/gcc/arm-none-eabi/6.3.1/thumb/v7e-m/crti.o
                0x00004ba0                _fini
 .fini          0x00004ba4        0x8 c:/program files (x86)/atmel/studio/7.0/toolchain/arm/arm-gnu-toolchain/bin/../lib/gcc/arm-none-eabi/6.3.1/thumb/v7e-m/crtn.o
                0x00004bac                . = ALIGN (0x4)
                0x00004bac                __fini_array_start = .
 *(.fini_array)
 .fini_array    0x00004bac        0x4 c:/program files (x86)/atmel/studio/7.0/toolchain/arm/arm-gnu-toolchain/bin/../lib/gcc/arm-none-eabi/6.3.1/thumb/v7e-m/crtbegin.o
 *(SORT(.fini_array.*))
                0x00004bb0                __fini_array_end = .
 *crtbegin.o(.dtors)
 *(EXCLUDE_FILE(*crtend.o) .dtors)
 *(SORT(.dtors.*))
 *crtend.o(.dtors)
                0x00004bb0                . = ALIGN (0x4)
                0x00004bb0                _efixed = .
                [!provide]                PROVIDE (__exidx_start, .)

.vfp11_veneer   0x00004bb0        0x0
 .vfp11_veneer  0x00004bb0        0x0 linker stubs

.v4_bx          0x00004bb0        0x0
 .v4_bx         0x00004bb0        0x0 linker stubs

.iplt           0x00004bb0        0x0
 .iplt          0x00004bb0        0x0 c:/program files (x86)/atmel/studio/7.0/toolchain/arm/arm-gnu-toolchain/bin/../lib/gcc/arm-none-eabi/6.3.1/thumb/v7e-m/crtbegin.o

.ARM.exidx      0x00004bb0        0x8
 *(.ARM.exidx* .gnu.linkonce.armexidx.*)
 .ARM.exidx     0x00004bb0        0x8 c:/program files (x86)/atmel/studio/7.0/toolchain/arm/arm-gnu-toolchain/bin/../lib/gcc/arm-none-eabi/6.3.1/thumb/v7e-m\libgcc.a(_udivmoddi4.o)
                [!provide]                PROVIDE (__exidx_end, .)

.eh_frame       0x00004bb8        0x0
 .eh_frame      0x00004bb8        0x0 c:/program files (x86)/atmel/studio/7.0/toolchain/arm/arm-gnu-toolchain/bin/../lib/gcc/arm-none-eabi/6.3.1/thumb/v7e-m/crtbegin.o

.rel.dyn        0x00004bb8        0x0
 .rel.iplt      0x00004bb8        0x0 c:/program files (x86)/atmel/studio/7.0/toolchain/arm/arm-gnu-toolchain/bin/../lib/gcc/arm-none-eabi/6.3.1/thumb/v7e-m/crtbegin.o

.jcr            0x00004bb8        0x0
 .jcr           0x00004bb8        0x0 c:/program files (x86)/atmel/studio/7.0/toolchain/arm/arm-gnu-toolchain/bin/../lib/gcc/arm-none-eabi/6.3.1/thumb/v7e-m/crtbegin.o

.igot.plt       0x00004bb8        0x0
 .igot.plt      0x00004bb8        0x0 c:/program files (x86)/atmel/studio/7.0/toolchain/arm/arm-gnu-toolchain/bin/../lib/gcc/arm-none-eabi/6.3.1/thumb/v7e-m/crtbegin.o
                0x00004bb8                . = ALIGN (0x4)
                0x00004bb8                _etext = .

.relocate       0x20000000      0x9e0 load address 0x00004bb8
                0x20000000                . = ALIGN (0x4)
                0x20000000                _srelocate = .
 *(.ramfunc .ramfunc.*)
 .ramfunc       0x20000000       0x2c src/ASF/sam/drivers/bpm/bpm.o
                0x20000000                bpm_ps_no_halt_exec
 *(.data .data.*)
 .data.g_interrupt_enabled
                0x2000002c        0x1 src/ASF/common/utils/interrupt/interrupt_sam_nvic.o
                0x2000002c                g_interrupt_enabled
 *fill*         0x2000002d        0x3 
 .data._impure_ptr
                0x20000030        0x4 c:/program files (x86)/atmel/studio/7.0/toolchain/arm/arm-gnu-toolchain/bin/../lib/gcc/arm-none-eabi/6.3.1/../../../../arm-none-eabi/lib/thumb/v7e-m\libc.a(lib_a-impure.o)
                0x20000030                _impure_ptr
 *fill*         0x20000034        0x4 
 .data.impure_data
                0x20000038      0x428 c:/program files (x86)/atmel/studio/7.0/toolchain/arm/arm-gnu-toolchain/bin/../lib/gcc/arm-none-eabi/6.3.1/../../../../arm-none-eabi/lib/thumb/v7e-m\libc.a(lib_a-impure.o)
 .data.__atexit_recursive_mutex
                0x20000460        0x4 c:/program files (x86)/atmel/studio/7.0/toolchain/arm/arm-gnu-toolchain/bin/../lib/gcc/arm-none-eabi/6.3.1/../../../../arm-none-eabi/lib/thumb/v7e-m\libc.a(lib_a-__call_atexit.o)
                0x20000460                __atexit_recursive_mutex
 .data.__global_locale
                0x20000464      0x16c c:/program files (x86)/atmel/studio/7.0/toolchain/arm/arm-gnu-toolchain/bin/../lib/gcc/arm-none-eabi/6.3.1/../../../../arm-none-eabi/lib/thumb/v7e-m\libc.a(lib_a-locale.o)
                0x20000464                __global_locale
 .data.__malloc_av_
                0x200005d0      0x408 c:/program files (x86)/atmel/studio/7.0/toolchain/arm/arm-gnu-toolchain/bin/../lib/gcc/arm-none-eabi/6.3.1/../../../../arm-none-eabi/lib/thumb/v7e-m\libc.a(lib_a-mallocr.o)
                0x200005d0                __malloc_av_
 .data.__malloc_sbrk_base
                0x200009d8        0x4 c:/program files (x86)/atmel/studio/7.0/toolchain/arm/arm-gnu-toolchain/bin/../lib/gcc/arm-none-eabi/6.3.1/../../../../arm-none-eabi/lib/thumb/v7e-m\libc.a(lib_a-mallocr.o)
                0x200009d8                __malloc_sbrk_base
 .data.__malloc_trim_threshold
                0x200009dc        0x4 c:/program files (x86)/atmel/studio/7.0/toolchain/arm/arm-gnu-toolchain/bin/../lib/gcc/arm-none-eabi/6.3.1/../../../../arm-none-eabi/lib/thumb/v7e-m\libc.a(lib_a-mallocr.o)
                0x200009dc                __malloc_trim_threshold
                0x200009e0                . = ALIGN (0x4)
                0x200009e0                _erelocate = .

.bss            0x200009e0       0xac load address 0x00005598
                0x200009e0                . = ALIGN (0x4)
                0x200009e0                _sbss = .
                0x200009e0                _szero = .
 *(.bss .bss.*)
 .bss           0x200009e0       0x1c c:/program files (x86)/atmel/studio/7.0/toolchain/arm/arm-gnu-toolchain/bin/../lib/gcc/arm-none-eabi/6.3.1/thumb/v7e-m/crtbegin.o
 .bss.ul_reg_val.8108
                0x200009fc        0x4 src/ASF/sam/drivers/usart/usart.o
 .bss.heap.5297
                0x20000a00        0x4 src/ASF/sam/utils/syscalls/gcc/syscalls.o
 .bss.gs_ul_captured_pulses
                0x20000a04        0x4 src/main.o
 .bss.__malloc_current_mallinfo
                0x20000a08       0x28 c:/program files (x86)/atmel/studio/7.0/toolchain/arm/arm-gnu-toolchain/bin/../lib/gcc/arm-none-eabi/6.3.1/../../../../arm-none-eabi/lib/thumb/v7e-m\libc.a(lib_a-mallocr.o)
                0x20000a08                __malloc_current_mallinfo
 .bss.__malloc_max_sbrked_mem
                0x20000a30        0x4 c:/program files (x86)/atmel/studio/7.0/toolchain/arm/arm-gnu-toolchain/bin/../lib/gcc/arm-none-eabi/6.3.1/../../../../arm-none-eabi/lib/thumb/v7e-m\libc.a(lib_a-mallocr.o)
                0x20000a30                __malloc_max_sbrked_mem
 .bss.__malloc_max_total_mem
                0x20000a34        0x4 c:/program files (x86)/atmel/studio/7.0/toolchain/arm/arm-gnu-toolchain/bin/../lib/gcc/arm-none-eabi/6.3.1/../../../../arm-none-eabi/lib/thumb/v7e-m\libc.a(lib_a-mallocr.o)
                0x20000a34                __malloc_max_total_mem
 .bss.__malloc_top_pad
                0x20000a38        0x4 c:/program files (x86)/atmel/studio/7.0/toolchain/arm/arm-gnu-toolchain/bin/../lib/gcc/arm-none-eabi/6.3.1/../../../../arm-none-eabi/lib/thumb/v7e-m\libc.a(lib_a-mallocr.o)
                0x20000a38                __malloc_top_pad
 *(COMMON)
 COMMON         0x20000a3c        0x8 src/ASF/common/services/sleepmgr/sam4l/sleepmgr.o
                0x20000a3c                sleepmgr_locks
 COMMON         0x20000a44        0x4 src/ASF/common/utils/stdio/read.o
                0x20000a44                ptr_get
 COMMON         0x20000a48       0x14 src/ASF/sam/drivers/ast/ast.o
                0x20000a48                ast_callback_pointer
 COMMON         0x20000a5c        0x8 src/ASF/common/utils/stdio/write.o
                0x20000a5c                ptr_put
                0x20000a60                stdio_base
 COMMON         0x20000a64       0x21 c:/program files (x86)/atmel/studio/7.0/toolchain/arm/arm-gnu-toolchain/bin/../lib/gcc/arm-none-eabi/6.3.1/../../../../arm-none-eabi/lib/thumb/v7e-m\libc.a(lib_a-lock.o)
                0x20000a64                __lock___atexit_recursive_mutex
                0x20000a68                __lock___arc4random_mutex
                0x20000a6c                __lock___env_recursive_mutex
                0x20000a70                __lock___sinit_recursive_mutex
                0x20000a74                __lock___malloc_recursive_mutex
                0x20000a78                __lock___at_quick_exit_mutex
                0x20000a7c                __lock___dd_hash_mutex
                0x20000a80                __lock___tz_mutex
                0x20000a84                __lock___sfp_recursive_mutex
 *fill*         0x20000a85        0x3 
 COMMON         0x20000a88        0x4 c:/program files (x86)/atmel/studio/7.0/toolchain/arm/arm-gnu-toolchain/bin/../lib/gcc/arm-none-eabi/6.3.1/../../../../arm-none-eabi/lib/thumb/v7e-m\libc.a(lib_a-reent.o)
                0x20000a88                errno
                0x20000a8c                . = ALIGN (0x4)
                0x20000a8c                _ebss = .
                0x20000a8c                _ezero = .

.stack          0x20000a8c     0x1004 load address 0x00005644
                0x20000a90                . = ALIGN (0x8)
 *fill*         0x20000a8c        0x4 
                0x20000a90                _sstack = .
                0x20001a90                . = (. + __stack_size__)
 *fill*         0x20000a90     0x1000 
                0x20001a90                . = ALIGN (0x8)
                0x20001a90                _estack = .
                0x20001a90                . = ALIGN (0x4)
                0x20001a90                _end = .
OUTPUT(GccBoardProject1.elf elf32-littlearm)

.ARM.attributes
                0x00000000       0x2a
 .ARM.attributes
                0x00000000       0x1e c:/program files (x86)/atmel/studio/7.0/toolchain/arm/arm-gnu-toolchain/bin/../lib/gcc/arm-none-eabi/6.3.1/thumb/v7e-m/crti.o
 .ARM.attributes
                0x0000001e       0x2e c:/program files (x86)/atmel/studio/7.0/toolchain/arm/arm-gnu-toolchain/bin/../lib/gcc/arm-none-eabi/6.3.1/thumb/v7e-m/crtbegin.o
 .ARM.attributes
                0x0000004c       0x33 src/ASF/common/services/sleepmgr/sam4l/sleepmgr.o
 .ARM.attributes
                0x0000007f       0x33 src/ASF/common/utils/stdio/read.o
 .ARM.attributes
                0x000000b2       0x33 src/ASF/sam/drivers/ast/ast.o
 .ARM.attributes
                0x000000e5       0x33 src/ASF/sam/drivers/usart/usart.o
 .ARM.attributes
                0x00000118       0x33 src/ASF/common/utils/stdio/write.o
 .ARM.attributes
                0x0000014b       0x33 src/ASF/sam/drivers/tc/tc.o
 .ARM.attributes
                0x0000017e       0x33 src/uart.o
 .ARM.attributes
                0x000001b1       0x33 src/ASF/common/services/clock/sam4l/osc.o
 .ARM.attributes
                0x000001e4       0x33 src/ASF/common/services/clock/sam4l/sysclk.o
 .ARM.attributes
                0x00000217       0x33 src/ASF/common/utils/interrupt/interrupt_sam_nvic.o
 .ARM.attributes
                0x0000024a       0x33 src/ASF/sam/boards/sam4l_xplained_pro/init.o
 .ARM.attributes
                0x0000027d       0x33 src/ASF/sam/drivers/bpm/bpm.o
 .ARM.attributes
                0x000002b0       0x33 src/ASF/sam/drivers/wdt/wdt_sam4l.o
 .ARM.attributes
                0x000002e3       0x33 src/ASF/sam/utils/cmsis/sam4l/source/templates/exceptions.o
 .ARM.attributes
                0x00000316       0x33 src/ASF/sam/utils/cmsis/sam4l/source/templates/gcc/startup_sam4l.o
 .ARM.attributes
                0x00000349       0x33 src/ASF/sam/utils/syscalls/gcc/syscalls.o
 .ARM.attributes
                0x0000037c       0x33 src/main.o
 .ARM.attributes
                0x000003af       0x2e c:/program files (x86)/atmel/studio/7.0/toolchain/arm/arm-gnu-toolchain/bin/../lib/gcc/arm-none-eabi/6.3.1/../../../../arm-none-eabi/lib/thumb/v7e-m\libc.a(lib_a-impure.o)
 .ARM.attributes
                0x000003dd       0x2e c:/program files (x86)/atmel/studio/7.0/toolchain/arm/arm-gnu-toolchain/bin/../lib/gcc/arm-none-eabi/6.3.1/../../../../arm-none-eabi/lib/thumb/v7e-m\libc.a(lib_a-init.o)
 .ARM.attributes
                0x0000040b       0x2e c:/program files (x86)/atmel/studio/7.0/toolchain/arm/arm-gnu-toolchain/bin/../lib/gcc/arm-none-eabi/6.3.1/../../../../arm-none-eabi/lib/thumb/v7e-m\libc.a(lib_a-iprintf.o)
 .ARM.attributes
                0x00000439       0x2e c:/program files (x86)/atmel/studio/7.0/toolchain/arm/arm-gnu-toolchain/bin/../lib/gcc/arm-none-eabi/6.3.1/../../../../arm-none-eabi/lib/thumb/v7e-m\libc.a(lib_a-memset.o)
 .ARM.attributes
                0x00000467       0x2e c:/program files (x86)/atmel/studio/7.0/toolchain/arm/arm-gnu-toolchain/bin/../lib/gcc/arm-none-eabi/6.3.1/../../../../arm-none-eabi/lib/thumb/v7e-m\libc.a(lib_a-setbuf.o)
 .ARM.attributes
                0x00000495       0x2e c:/program files (x86)/atmel/studio/7.0/toolchain/arm/arm-gnu-toolchain/bin/../lib/gcc/arm-none-eabi/6.3.1/../../../../arm-none-eabi/lib/thumb/v7e-m\libc.a(lib_a-setvbuf.o)
 .ARM.attributes
                0x000004c3       0x2e c:/program files (x86)/atmel/studio/7.0/toolchain/arm/arm-gnu-toolchain/bin/../lib/gcc/arm-none-eabi/6.3.1/../../../../arm-none-eabi/lib/thumb/v7e-m\libc.a(lib_a-vfiprintf.o)
 .ARM.attributes
                0x000004f1       0x2e c:/program files (x86)/atmel/studio/7.0/toolchain/arm/arm-gnu-toolchain/bin/../lib/gcc/arm-none-eabi/6.3.1/../../../../arm-none-eabi/lib/thumb/v7e-m\libc.a(lib_a-wsetup.o)
 .ARM.attributes
                0x0000051f       0x2e c:/program files (x86)/atmel/studio/7.0/toolchain/arm/arm-gnu-toolchain/bin/../lib/gcc/arm-none-eabi/6.3.1/../../../../arm-none-eabi/lib/thumb/v7e-m\libc.a(lib_a-__call_atexit.o)
 .ARM.attributes
                0x0000054d       0x2e c:/program files (x86)/atmel/studio/7.0/toolchain/arm/arm-gnu-toolchain/bin/../lib/gcc/arm-none-eabi/6.3.1/../../../../arm-none-eabi/lib/thumb/v7e-m\libc.a(lib_a-atexit.o)
 .ARM.attributes
                0x0000057b       0x2e c:/program files (x86)/atmel/studio/7.0/toolchain/arm/arm-gnu-toolchain/bin/../lib/gcc/arm-none-eabi/6.3.1/../../../../arm-none-eabi/lib/thumb/v7e-m\libc.a(lib_a-fflush.o)
 .ARM.attributes
                0x000005a9       0x2e c:/program files (x86)/atmel/studio/7.0/toolchain/arm/arm-gnu-toolchain/bin/../lib/gcc/arm-none-eabi/6.3.1/../../../../arm-none-eabi/lib/thumb/v7e-m\libc.a(lib_a-findfp.o)
 .ARM.attributes
                0x000005d7       0x2e c:/program files (x86)/atmel/studio/7.0/toolchain/arm/arm-gnu-toolchain/bin/../lib/gcc/arm-none-eabi/6.3.1/../../../../arm-none-eabi/lib/thumb/v7e-m\libc.a(lib_a-fini.o)
 .ARM.attributes
                0x00000605       0x2e c:/program files (x86)/atmel/studio/7.0/toolchain/arm/arm-gnu-toolchain/bin/../lib/gcc/arm-none-eabi/6.3.1/../../../../arm-none-eabi/lib/thumb/v7e-m\libc.a(lib_a-fputwc.o)
 .ARM.attributes
                0x00000633       0x2e c:/program files (x86)/atmel/studio/7.0/toolchain/arm/arm-gnu-toolchain/bin/../lib/gcc/arm-none-eabi/6.3.1/../../../../arm-none-eabi/lib/thumb/v7e-m\libc.a(lib_a-freer.o)
 .ARM.attributes
                0x00000661       0x2e c:/program files (x86)/atmel/studio/7.0/toolchain/arm/arm-gnu-toolchain/bin/../lib/gcc/arm-none-eabi/6.3.1/../../../../arm-none-eabi/lib/thumb/v7e-m\libc.a(lib_a-fvwrite.o)
 .ARM.attributes
                0x0000068f       0x2e c:/program files (x86)/atmel/studio/7.0/toolchain/arm/arm-gnu-toolchain/bin/../lib/gcc/arm-none-eabi/6.3.1/../../../../arm-none-eabi/lib/thumb/v7e-m\libc.a(lib_a-fwalk.o)
 .ARM.attributes
                0x000006bd       0x2e c:/program files (x86)/atmel/studio/7.0/toolchain/arm/arm-gnu-toolchain/bin/../lib/gcc/arm-none-eabi/6.3.1/../../../../arm-none-eabi/lib/thumb/v7e-m\libc.a(lib_a-locale.o)
 .ARM.attributes
                0x000006eb       0x2e c:/program files (x86)/atmel/studio/7.0/toolchain/arm/arm-gnu-toolchain/bin/../lib/gcc/arm-none-eabi/6.3.1/../../../../arm-none-eabi/lib/thumb/v7e-m\libc.a(lib_a-lock.o)
 .ARM.attributes
                0x00000719       0x2e c:/program files (x86)/atmel/studio/7.0/toolchain/arm/arm-gnu-toolchain/bin/../lib/gcc/arm-none-eabi/6.3.1/../../../../arm-none-eabi/lib/thumb/v7e-m\libc.a(lib_a-makebuf.o)
 .ARM.attributes
                0x00000747       0x2e c:/program files (x86)/atmel/studio/7.0/toolchain/arm/arm-gnu-toolchain/bin/../lib/gcc/arm-none-eabi/6.3.1/../../../../arm-none-eabi/lib/thumb/v7e-m\libc.a(lib_a-malloc.o)
 .ARM.attributes
                0x00000775       0x2e c:/program files (x86)/atmel/studio/7.0/toolchain/arm/arm-gnu-toolchain/bin/../lib/gcc/arm-none-eabi/6.3.1/../../../../arm-none-eabi/lib/thumb/v7e-m\libc.a(lib_a-mallocr.o)
 .ARM.attributes
                0x000007a3       0x2e c:/program files (x86)/atmel/studio/7.0/toolchain/arm/arm-gnu-toolchain/bin/../lib/gcc/arm-none-eabi/6.3.1/../../../../arm-none-eabi/lib/thumb/v7e-m\libc.a(lib_a-mbtowc_r.o)
 .ARM.attributes
                0x000007d1       0x1c c:/program files (x86)/atmel/studio/7.0/toolchain/arm/arm-gnu-toolchain/bin/../lib/gcc/arm-none-eabi/6.3.1/../../../../arm-none-eabi/lib/thumb/v7e-m\libc.a(lib_a-memchr.o)
 .ARM.attributes
                0x000007ed       0x1c c:/program files (x86)/atmel/studio/7.0/toolchain/arm/arm-gnu-toolchain/bin/../lib/gcc/arm-none-eabi/6.3.1/../../../../arm-none-eabi/lib/thumb/v7e-m\libc.a(lib_a-memcpy.o)
 .ARM.attributes
                0x00000809       0x2e c:/program files (x86)/atmel/studio/7.0/toolchain/arm/arm-gnu-toolchain/bin/../lib/gcc/arm-none-eabi/6.3.1/../../../../arm-none-eabi/lib/thumb/v7e-m\libc.a(lib_a-memmove.o)
 .ARM.attributes
                0x00000837       0x2e c:/program files (x86)/atmel/studio/7.0/toolchain/arm/arm-gnu-toolchain/bin/../lib/gcc/arm-none-eabi/6.3.1/../../../../arm-none-eabi/lib/thumb/v7e-m\libc.a(lib_a-mlock.o)
 .ARM.attributes
                0x00000865       0x2e c:/program files (x86)/atmel/studio/7.0/toolchain/arm/arm-gnu-toolchain/bin/../lib/gcc/arm-none-eabi/6.3.1/../../../../arm-none-eabi/lib/thumb/v7e-m\libc.a(lib_a-reallocr.o)
 .ARM.attributes
                0x00000893       0x2e c:/program files (x86)/atmel/studio/7.0/toolchain/arm/arm-gnu-toolchain/bin/../lib/gcc/arm-none-eabi/6.3.1/../../../../arm-none-eabi/lib/thumb/v7e-m\libc.a(lib_a-sbrkr.o)
 .ARM.attributes
                0x000008c1       0x2e c:/program files (x86)/atmel/studio/7.0/toolchain/arm/arm-gnu-toolchain/bin/../lib/gcc/arm-none-eabi/6.3.1/../../../../arm-none-eabi/lib/thumb/v7e-m\libc.a(lib_a-stdio.o)
 .ARM.attributes
                0x000008ef       0x1c c:/program files (x86)/atmel/studio/7.0/toolchain/arm/arm-gnu-toolchain/bin/../lib/gcc/arm-none-eabi/6.3.1/../../../../arm-none-eabi/lib/thumb/v7e-m\libc.a(lib_a-strlen.o)
 .ARM.attributes
                0x0000090b       0x2e c:/program files (x86)/atmel/studio/7.0/toolchain/arm/arm-gnu-toolchain/bin/../lib/gcc/arm-none-eabi/6.3.1/../../../../arm-none-eabi/lib/thumb/v7e-m\libc.a(lib_a-wbuf.o)
 .ARM.attributes
                0x00000939       0x2e c:/program files (x86)/atmel/studio/7.0/toolchain/arm/arm-gnu-toolchain/bin/../lib/gcc/arm-none-eabi/6.3.1/../../../../arm-none-eabi/lib/thumb/v7e-m\libc.a(lib_a-wcrtomb.o)
 .ARM.attributes
                0x00000967       0x2e c:/program files (x86)/atmel/studio/7.0/toolchain/arm/arm-gnu-toolchain/bin/../lib/gcc/arm-none-eabi/6.3.1/../../../../arm-none-eabi/lib/thumb/v7e-m\libc.a(lib_a-wctomb_r.o)
 .ARM.attributes
                0x00000995       0x2e c:/program files (x86)/atmel/studio/7.0/toolchain/arm/arm-gnu-toolchain/bin/../lib/gcc/arm-none-eabi/6.3.1/../../../../arm-none-eabi/lib/thumb/v7e-m\libc.a(lib_a-writer.o)
 .ARM.attributes
                0x000009c3       0x2e c:/program files (x86)/atmel/studio/7.0/toolchain/arm/arm-gnu-toolchain/bin/../lib/gcc/arm-none-eabi/6.3.1/../../../../arm-none-eabi/lib/thumb/v7e-m\libc.a(lib_a-__atexit.o)
 .ARM.attributes
                0x000009f1       0x2e c:/program files (x86)/atmel/studio/7.0/toolchain/arm/arm-gnu-toolchain/bin/../lib/gcc/arm-none-eabi/6.3.1/../../../../arm-none-eabi/lib/thumb/v7e-m\libc.a(lib_a-closer.o)
 .ARM.attributes
                0x00000a1f       0x2e c:/program files (x86)/atmel/studio/7.0/toolchain/arm/arm-gnu-toolchain/bin/../lib/gcc/arm-none-eabi/6.3.1/../../../../arm-none-eabi/lib/thumb/v7e-m\libc.a(lib_a-ctype_.o)
 .ARM.attributes
                0x00000a4d       0x2e c:/program files (x86)/atmel/studio/7.0/toolchain/arm/arm-gnu-toolchain/bin/../lib/gcc/arm-none-eabi/6.3.1/../../../../arm-none-eabi/lib/thumb/v7e-m\libc.a(lib_a-fclose.o)
 .ARM.attributes
                0x00000a7b       0x2e c:/program files (x86)/atmel/studio/7.0/toolchain/arm/arm-gnu-toolchain/bin/../lib/gcc/arm-none-eabi/6.3.1/../../../../arm-none-eabi/lib/thumb/v7e-m\libc.a(lib_a-fstatr.o)
 .ARM.attributes
                0x00000aa9       0x2e c:/program files (x86)/atmel/studio/7.0/toolchain/arm/arm-gnu-toolchain/bin/../lib/gcc/arm-none-eabi/6.3.1/../../../../arm-none-eabi/lib/thumb/v7e-m\libc.a(lib_a-isattyr.o)
 .ARM.attributes
                0x00000ad7       0x2e c:/program files (x86)/atmel/studio/7.0/toolchain/arm/arm-gnu-toolchain/bin/../lib/gcc/arm-none-eabi/6.3.1/../../../../arm-none-eabi/lib/thumb/v7e-m\libc.a(lib_a-lseekr.o)
 .ARM.attributes
                0x00000b05       0x2e c:/program files (x86)/atmel/studio/7.0/toolchain/arm/arm-gnu-toolchain/bin/../lib/gcc/arm-none-eabi/6.3.1/../../../../arm-none-eabi/lib/thumb/v7e-m\libc.a(lib_a-readr.o)
 .ARM.attributes
                0x00000b33       0x2e c:/program files (x86)/atmel/studio/7.0/toolchain/arm/arm-gnu-toolchain/bin/../lib/gcc/arm-none-eabi/6.3.1/../../../../arm-none-eabi/lib/thumb/v7e-m\libc.a(lib_a-reent.o)
 .ARM.attributes
                0x00000b61       0x1e c:/program files (x86)/atmel/studio/7.0/toolchain/arm/arm-gnu-toolchain/bin/../lib/gcc/arm-none-eabi/6.3.1/thumb/v7e-m\libgcc.a(_aeabi_uldivmod.o)
 .ARM.attributes
                0x00000b7f       0x2e c:/program files (x86)/atmel/studio/7.0/toolchain/arm/arm-gnu-toolchain/bin/../lib/gcc/arm-none-eabi/6.3.1/thumb/v7e-m\libgcc.a(_udivmoddi4.o)
 .ARM.attributes
                0x00000bad       0x1e c:/program files (x86)/atmel/studio/7.0/toolchain/arm/arm-gnu-toolchain/bin/../lib/gcc/arm-none-eabi/6.3.1/thumb/v7e-m\libgcc.a(_dvmd_tls.o)
 .ARM.attributes
                0x00000bcb       0x1e c:/program files (x86)/atmel/studio/7.0/toolchain/arm/arm-gnu-toolchain/bin/../lib/gcc/arm-none-eabi/6.3.1/thumb/v7e-m/crtn.o

.comment        0x00000000       0x59
 .comment       0x00000000       0x59 src/ASF/common/services/sleepmgr/sam4l/sleepmgr.o
                                 0x5a (size before relaxing)
 .comment       0x00000059       0x5a src/ASF/common/utils/stdio/read.o
 .comment       0x00000059       0x5a src/ASF/sam/drivers/ast/ast.o
 .comment       0x00000059       0x5a src/ASF/sam/drivers/usart/usart.o
 .comment       0x00000059       0x5a src/ASF/common/utils/stdio/write.o
 .comment       0x00000059       0x5a src/ASF/sam/drivers/tc/tc.o
 .comment       0x00000059       0x5a src/uart.o
 .comment       0x00000059       0x5a src/ASF/common/services/clock/sam4l/osc.o
 .comment       0x00000059       0x5a src/ASF/common/services/clock/sam4l/sysclk.o
 .comment       0x00000059       0x5a src/ASF/common/utils/interrupt/interrupt_sam_nvic.o
 .comment       0x00000059       0x5a src/ASF/sam/boards/sam4l_xplained_pro/init.o
 .comment       0x00000059       0x5a src/ASF/sam/drivers/bpm/bpm.o
 .comment       0x00000059       0x5a src/ASF/sam/drivers/wdt/wdt_sam4l.o
 .comment       0x00000059       0x5a src/ASF/sam/utils/cmsis/sam4l/source/templates/exceptions.o
 .comment       0x00000059       0x5a src/ASF/sam/utils/cmsis/sam4l/source/templates/gcc/startup_sam4l.o
 .comment       0x00000059       0x5a src/ASF/sam/utils/syscalls/gcc/syscalls.o
 .comment       0x00000059       0x5a src/main.o

.debug_info     0x00000000    0x15bb6
 .debug_info    0x00000000      0xa9a src/ASF/common/services/sleepmgr/sam4l/sleepmgr.o
 .debug_info    0x00000a9a      0xac9 src/ASF/common/utils/stdio/read.o
 .debug_info    0x00001563     0x219e src/ASF/sam/drivers/ast/ast.o
 .debug_info    0x00003701     0x2406 src/ASF/sam/drivers/usart/usart.o
 .debug_info    0x00005b07      0xac6 src/ASF/common/utils/stdio/write.o
 .debug_info    0x000065cd     0x1222 src/ASF/sam/drivers/tc/tc.o
 .debug_info    0x000077ef     0x110d src/uart.o
 .debug_info    0x000088fc     0x1a54 src/ASF/common/services/clock/sam4l/osc.o
 .debug_info    0x0000a350     0x33e2 src/ASF/common/services/clock/sam4l/sysclk.o
 .debug_info    0x0000d732      0xb01 src/ASF/common/utils/interrupt/interrupt_sam_nvic.o
 .debug_info    0x0000e233     0x1974 src/ASF/sam/boards/sam4l_xplained_pro/init.o
 .debug_info    0x0000fba7     0x1713 src/ASF/sam/drivers/bpm/bpm.o
 .debug_info    0x000112ba      0xfa7 src/ASF/sam/drivers/wdt/wdt_sam4l.o
 .debug_info    0x00012261       0xdd src/ASF/sam/utils/cmsis/sam4l/source/templates/exceptions.o
 .debug_info    0x0001233e      0x3cb src/ASF/sam/utils/cmsis/sam4l/source/templates/gcc/startup_sam4l.o
 .debug_info    0x00012709      0xdb0 src/ASF/sam/utils/syscalls/gcc/syscalls.o
 .debug_info    0x000134b9     0x26fd src/main.o

.debug_abbrev   0x00000000     0x2e5b
 .debug_abbrev  0x00000000      0x1b2 src/ASF/common/services/sleepmgr/sam4l/sleepmgr.o
 .debug_abbrev  0x000001b2      0x1fe src/ASF/common/utils/stdio/read.o
 .debug_abbrev  0x000003b0      0x4fa src/ASF/sam/drivers/ast/ast.o
 .debug_abbrev  0x000008aa      0x3ea src/ASF/sam/drivers/usart/usart.o
 .debug_abbrev  0x00000c94      0x1e9 src/ASF/common/utils/stdio/write.o
 .debug_abbrev  0x00000e7d      0x2a0 src/ASF/sam/drivers/tc/tc.o
 .debug_abbrev  0x0000111d      0x2d7 src/uart.o
 .debug_abbrev  0x000013f4      0x290 src/ASF/common/services/clock/sam4l/osc.o
 .debug_abbrev  0x00001684      0x482 src/ASF/common/services/clock/sam4l/sysclk.o
 .debug_abbrev  0x00001b06      0x212 src/ASF/common/utils/interrupt/interrupt_sam_nvic.o
 .debug_abbrev  0x00001d18      0x30c src/ASF/sam/boards/sam4l_xplained_pro/init.o
 .debug_abbrev  0x00002024      0x357 src/ASF/sam/drivers/bpm/bpm.o
 .debug_abbrev  0x0000237b      0x2fb src/ASF/sam/drivers/wdt/wdt_sam4l.o
 .debug_abbrev  0x00002676       0x7d src/ASF/sam/utils/cmsis/sam4l/source/templates/exceptions.o
 .debug_abbrev  0x000026f3      0x11d src/ASF/sam/utils/cmsis/sam4l/source/templates/gcc/startup_sam4l.o
 .debug_abbrev  0x00002810      0x264 src/ASF/sam/utils/syscalls/gcc/syscalls.o
 .debug_abbrev  0x00002a74      0x3e7 src/main.o

.debug_aranges  0x00000000      0x7d8
 .debug_aranges
                0x00000000       0x18 src/ASF/common/services/sleepmgr/sam4l/sleepmgr.o
 .debug_aranges
                0x00000018       0x20 src/ASF/common/utils/stdio/read.o
 .debug_aranges
                0x00000038       0xd0 src/ASF/sam/drivers/ast/ast.o
 .debug_aranges
                0x00000108      0x298 src/ASF/sam/drivers/usart/usart.o
 .debug_aranges
                0x000003a0       0x20 src/ASF/common/utils/stdio/write.o
 .debug_aranges
                0x000003c0       0xc0 src/ASF/sam/drivers/tc/tc.o
 .debug_aranges
                0x00000480       0x30 src/uart.o
 .debug_aranges
                0x000004b0       0x78 src/ASF/common/services/clock/sam4l/osc.o
 .debug_aranges
                0x00000528       0x88 src/ASF/common/services/clock/sam4l/sysclk.o
 .debug_aranges
                0x000005b0       0x28 src/ASF/common/utils/interrupt/interrupt_sam_nvic.o
 .debug_aranges
                0x000005d8       0x20 src/ASF/sam/boards/sam4l_xplained_pro/init.o
 .debug_aranges
                0x000005f8       0xc0 src/ASF/sam/drivers/bpm/bpm.o
 .debug_aranges
                0x000006b8       0x50 src/ASF/sam/drivers/wdt/wdt_sam4l.o
 .debug_aranges
                0x00000708       0x20 src/ASF/sam/utils/cmsis/sam4l/source/templates/exceptions.o
 .debug_aranges
                0x00000728       0x20 src/ASF/sam/utils/cmsis/sam4l/source/templates/gcc/startup_sam4l.o
 .debug_aranges
                0x00000748       0x60 src/ASF/sam/utils/syscalls/gcc/syscalls.o
 .debug_aranges
                0x000007a8       0x30 src/main.o

.debug_macro    0x00000000    0x30c70
 .debug_macro   0x00000000      0x605 src/ASF/common/services/sleepmgr/sam4l/sleepmgr.o
 .debug_macro   0x00000605      0x8da src/ASF/common/services/sleepmgr/sam4l/sleepmgr.o
 .debug_macro   0x00000edf      0x16d src/ASF/common/services/sleepmgr/sam4l/sleepmgr.o
 .debug_macro   0x0000104c      0x64b src/ASF/common/services/sleepmgr/sam4l/sleepmgr.o
 .debug_macro   0x00001697       0x76 src/ASF/common/services/sleepmgr/sam4l/sleepmgr.o
 .debug_macro   0x0000170d       0x16 src/ASF/common/services/sleepmgr/sam4l/sleepmgr.o
 .debug_macro   0x00001723      0x6e4 src/ASF/common/services/sleepmgr/sam4l/sleepmgr.o
 .debug_macro   0x00001e07       0x22 src/ASF/common/services/sleepmgr/sam4l/sleepmgr.o
 .debug_macro   0x00001e29       0x87 src/ASF/common/services/sleepmgr/sam4l/sleepmgr.o
 .debug_macro   0x00001eb0       0x51 src/ASF/common/services/sleepmgr/sam4l/sleepmgr.o
 .debug_macro   0x00001f01       0xef src/ASF/common/services/sleepmgr/sam4l/sleepmgr.o
 .debug_macro   0x00001ff0       0x6a src/ASF/common/services/sleepmgr/sam4l/sleepmgr.o
 .debug_macro   0x0000205a      0x1df src/ASF/common/services/sleepmgr/sam4l/sleepmgr.o
 .debug_macro   0x00002239       0x64 src/ASF/common/services/sleepmgr/sam4l/sleepmgr.o
 .debug_macro   0x0000229d       0x3b src/ASF/common/services/sleepmgr/sam4l/sleepmgr.o
 .debug_macro   0x000022d8       0x2d src/ASF/common/services/sleepmgr/sam4l/sleepmgr.o
 .debug_macro   0x00002305       0x26 src/ASF/common/services/sleepmgr/sam4l/sleepmgr.o
 .debug_macro   0x0000232b      0xbbf src/ASF/common/services/sleepmgr/sam4l/sleepmgr.o
 .debug_macro   0x00002eea      0x330 src/ASF/common/services/sleepmgr/sam4l/sleepmgr.o
 .debug_macro   0x0000321a      0x9b1 src/ASF/common/services/sleepmgr/sam4l/sleepmgr.o
 .debug_macro   0x00003bcb      0x81b src/ASF/common/services/sleepmgr/sam4l/sleepmgr.o
 .debug_macro   0x000043e6      0x30d src/ASF/common/services/sleepmgr/sam4l/sleepmgr.o
 .debug_macro   0x000046f3      0x913 src/ASF/common/services/sleepmgr/sam4l/sleepmgr.o
 .debug_macro   0x00005006      0x4e7 src/ASF/common/services/sleepmgr/sam4l/sleepmgr.o
 .debug_macro   0x000054ed      0xb32 src/ASF/common/services/sleepmgr/sam4l/sleepmgr.o
 .debug_macro   0x0000601f      0x509 src/ASF/common/services/sleepmgr/sam4l/sleepmgr.o
 .debug_macro   0x00006528      0x2c9 src/ASF/common/services/sleepmgr/sam4l/sleepmgr.o
 .debug_macro   0x000067f1      0x28b src/ASF/common/services/sleepmgr/sam4l/sleepmgr.o
 .debug_macro   0x00006a7c      0x1df src/ASF/common/services/sleepmgr/sam4l/sleepmgr.o
 .debug_macro   0x00006c5b      0xdf2 src/ASF/common/services/sleepmgr/sam4l/sleepmgr.o
 .debug_macro   0x00007a4d      0x6c4 src/ASF/common/services/sleepmgr/sam4l/sleepmgr.o
 .debug_macro   0x00008111      0x1f2 src/ASF/common/services/sleepmgr/sam4l/sleepmgr.o
 .debug_macro   0x00008303       0xb8 src/ASF/common/services/sleepmgr/sam4l/sleepmgr.o
 .debug_macro   0x000083bb     0x8f16 src/ASF/common/services/sleepmgr/sam4l/sleepmgr.o
 .debug_macro   0x000112d1      0x170 src/ASF/common/services/sleepmgr/sam4l/sleepmgr.o
 .debug_macro   0x00011441      0x420 src/ASF/common/services/sleepmgr/sam4l/sleepmgr.o
 .debug_macro   0x00011861      0x682 src/ASF/common/services/sleepmgr/sam4l/sleepmgr.o
 .debug_macro   0x00011ee3      0x77a src/ASF/common/services/sleepmgr/sam4l/sleepmgr.o
 .debug_macro   0x0001265d      0x219 src/ASF/common/services/sleepmgr/sam4l/sleepmgr.o
 .debug_macro   0x00012876      0x52c src/ASF/common/services/sleepmgr/sam4l/sleepmgr.o
 .debug_macro   0x00012da2      0x4c3 src/ASF/common/services/sleepmgr/sam4l/sleepmgr.o
 .debug_macro   0x00013265      0x100 src/ASF/common/services/sleepmgr/sam4l/sleepmgr.o
 .debug_macro   0x00013365      0xa2d src/ASF/common/services/sleepmgr/sam4l/sleepmgr.o
 .debug_macro   0x00013d92      0xbf6 src/ASF/common/services/sleepmgr/sam4l/sleepmgr.o
 .debug_macro   0x00014988      0x343 src/ASF/common/services/sleepmgr/sam4l/sleepmgr.o
 .debug_macro   0x00014ccb      0x98e src/ASF/common/services/sleepmgr/sam4l/sleepmgr.o
 .debug_macro   0x00015659      0xff2 src/ASF/common/services/sleepmgr/sam4l/sleepmgr.o
 .debug_macro   0x0001664b      0x10c src/ASF/common/services/sleepmgr/sam4l/sleepmgr.o
 .debug_macro   0x00016757      0x913 src/ASF/common/services/sleepmgr/sam4l/sleepmgr.o
 .debug_macro   0x0001706a      0x832 src/ASF/common/services/sleepmgr/sam4l/sleepmgr.o
 .debug_macro   0x0001789c     0x3d76 src/ASF/common/services/sleepmgr/sam4l/sleepmgr.o
 .debug_macro   0x0001b612     0x64db src/ASF/common/services/sleepmgr/sam4l/sleepmgr.o
 .debug_macro   0x00021aed      0x20f src/ASF/common/services/sleepmgr/sam4l/sleepmgr.o
 .debug_macro   0x00021cfc       0x64 src/ASF/common/services/sleepmgr/sam4l/sleepmgr.o
 .debug_macro   0x00021d60       0x8e src/ASF/common/services/sleepmgr/sam4l/sleepmgr.o
 .debug_macro   0x00021dee       0xa6 src/ASF/common/services/sleepmgr/sam4l/sleepmgr.o
 .debug_macro   0x00021e94       0xb8 src/ASF/common/services/sleepmgr/sam4l/sleepmgr.o
 .debug_macro   0x00021f4c       0xa6 src/ASF/common/services/sleepmgr/sam4l/sleepmgr.o
 .debug_macro   0x00021ff2       0x9a src/ASF/common/services/sleepmgr/sam4l/sleepmgr.o
 .debug_macro   0x0002208c      0x118 src/ASF/common/services/sleepmgr/sam4l/sleepmgr.o
 .debug_macro   0x000221a4       0xa0 src/ASF/common/services/sleepmgr/sam4l/sleepmgr.o
 .debug_macro   0x00022244       0x16 src/ASF/common/services/sleepmgr/sam4l/sleepmgr.o
 .debug_macro   0x0002225a       0x6a src/ASF/common/services/sleepmgr/sam4l/sleepmgr.o
 .debug_macro   0x000222c4       0x58 src/ASF/common/services/sleepmgr/sam4l/sleepmgr.o
 .debug_macro   0x0002231c       0xa0 src/ASF/common/services/sleepmgr/sam4l/sleepmgr.o
 .debug_macro   0x000223bc       0x34 src/ASF/common/services/sleepmgr/sam4l/sleepmgr.o
 .debug_macro   0x000223f0      0x106 src/ASF/common/services/sleepmgr/sam4l/sleepmgr.o
 .debug_macro   0x000224f6       0x3a src/ASF/common/services/sleepmgr/sam4l/sleepmgr.o
 .debug_macro   0x00022530      0x830 src/ASF/common/services/sleepmgr/sam4l/sleepmgr.o
 .debug_macro   0x00022d60       0x40 src/ASF/common/services/sleepmgr/sam4l/sleepmgr.o
 .debug_macro   0x00022da0      0x2b1 src/ASF/common/services/sleepmgr/sam4l/sleepmgr.o
 .debug_macro   0x00023051       0x70 src/ASF/common/services/sleepmgr/sam4l/sleepmgr.o
 .debug_macro   0x000230c1       0xb2 src/ASF/common/services/sleepmgr/sam4l/sleepmgr.o
 .debug_macro   0x00023173       0x46 src/ASF/common/services/sleepmgr/sam4l/sleepmgr.o
 .debug_macro   0x000231b9      0x5c8 src/ASF/common/services/sleepmgr/sam4l/sleepmgr.o
 .debug_macro   0x00023781      0x38a src/ASF/common/services/sleepmgr/sam4l/sleepmgr.o
 .debug_macro   0x00023b0b       0x28 src/ASF/common/services/sleepmgr/sam4l/sleepmgr.o
 .debug_macro   0x00023b33      0x14b src/ASF/common/services/sleepmgr/sam4l/sleepmgr.o
 .debug_macro   0x00023c7e      0x2cd src/ASF/common/services/sleepmgr/sam4l/sleepmgr.o
 .debug_macro   0x00023f4b       0x46 src/ASF/common/services/sleepmgr/sam4l/sleepmgr.o
 .debug_macro   0x00023f91       0x7c src/ASF/common/services/sleepmgr/sam4l/sleepmgr.o
 .debug_macro   0x0002400d      0x119 src/ASF/common/services/sleepmgr/sam4l/sleepmgr.o
 .debug_macro   0x00024126      0x119 src/ASF/common/services/sleepmgr/sam4l/sleepmgr.o
 .debug_macro   0x0002423f       0x34 src/ASF/common/services/sleepmgr/sam4l/sleepmgr.o
 .debug_macro   0x00024273       0x7c src/ASF/common/services/sleepmgr/sam4l/sleepmgr.o
 .debug_macro   0x000242ef       0x7c src/ASF/common/services/sleepmgr/sam4l/sleepmgr.o
 .debug_macro   0x0002436b       0x7c src/ASF/common/services/sleepmgr/sam4l/sleepmgr.o
 .debug_macro   0x000243e7       0x7c src/ASF/common/services/sleepmgr/sam4l/sleepmgr.o
 .debug_macro   0x00024463       0x76 src/ASF/common/services/sleepmgr/sam4l/sleepmgr.o
 .debug_macro   0x000244d9       0x76 src/ASF/common/services/sleepmgr/sam4l/sleepmgr.o
 .debug_macro   0x0002454f       0x9a src/ASF/common/services/sleepmgr/sam4l/sleepmgr.o
 .debug_macro   0x000245e9       0x9a src/ASF/common/services/sleepmgr/sam4l/sleepmgr.o
 .debug_macro   0x00024683       0x9a src/ASF/common/services/sleepmgr/sam4l/sleepmgr.o
 .debug_macro   0x0002471d       0x9a src/ASF/common/services/sleepmgr/sam4l/sleepmgr.o
 .debug_macro   0x000247b7      0x447 src/ASF/common/services/sleepmgr/sam4l/sleepmgr.o
 .debug_macro   0x00024bfe       0x46 src/ASF/common/services/sleepmgr/sam4l/sleepmgr.o
 .debug_macro   0x00024c44      0x591 src/ASF/common/services/sleepmgr/sam4l/sleepmgr.o
 .debug_macro   0x000251d5     0x2eee src/ASF/common/services/sleepmgr/sam4l/sleepmgr.o
 .debug_macro   0x000280c3      0x146 src/ASF/common/services/sleepmgr/sam4l/sleepmgr.o
 .debug_macro   0x00028209       0x58 src/ASF/common/services/sleepmgr/sam4l/sleepmgr.o
 .debug_macro   0x00028261       0x35 src/ASF/common/services/sleepmgr/sam4l/sleepmgr.o
 .debug_macro   0x00028296       0x9c src/ASF/common/services/sleepmgr/sam4l/sleepmgr.o
 .debug_macro   0x00028332       0x16 src/ASF/common/services/sleepmgr/sam4l/sleepmgr.o
 .debug_macro   0x00028348       0x35 src/ASF/common/services/sleepmgr/sam4l/sleepmgr.o
 .debug_macro   0x0002837d      0x353 src/ASF/common/services/sleepmgr/sam4l/sleepmgr.o
 .debug_macro   0x000286d0       0x10 src/ASF/common/services/sleepmgr/sam4l/sleepmgr.o
 .debug_macro   0x000286e0       0x58 src/ASF/common/services/sleepmgr/sam4l/sleepmgr.o
 .debug_macro   0x00028738       0x1f src/ASF/common/services/sleepmgr/sam4l/sleepmgr.o
 .debug_macro   0x00028757       0x43 src/ASF/common/services/sleepmgr/sam4l/sleepmgr.o
 .debug_macro   0x0002879a       0x20 src/ASF/common/services/sleepmgr/sam4l/sleepmgr.o
 .debug_macro   0x000287ba      0x187 src/ASF/common/services/sleepmgr/sam4l/sleepmgr.o
 .debug_macro   0x00028941       0x10 src/ASF/common/services/sleepmgr/sam4l/sleepmgr.o
 .debug_macro   0x00028951       0x1c src/ASF/common/services/sleepmgr/sam4l/sleepmgr.o
 .debug_macro   0x0002896d       0x52 src/ASF/common/services/sleepmgr/sam4l/sleepmgr.o
 .debug_macro   0x000289bf       0x40 src/ASF/common/services/sleepmgr/sam4l/sleepmgr.o
 .debug_macro   0x000289ff       0x10 src/ASF/common/services/sleepmgr/sam4l/sleepmgr.o
 .debug_macro   0x00028a0f       0x40 src/ASF/common/services/sleepmgr/sam4l/sleepmgr.o
 .debug_macro   0x00028a4f       0xd7 src/ASF/common/services/sleepmgr/sam4l/sleepmgr.o
 .debug_macro   0x00028b26       0x16 src/ASF/common/services/sleepmgr/sam4l/sleepmgr.o
 .debug_macro   0x00028b3c      0x18b src/ASF/common/services/sleepmgr/sam4l/sleepmgr.o
 .debug_macro   0x00028cc7       0x22 src/ASF/common/services/sleepmgr/sam4l/sleepmgr.o
 .debug_macro   0x00028ce9       0x16 src/ASF/common/services/sleepmgr/sam4l/sleepmgr.o
 .debug_macro   0x00028cff       0x16 src/ASF/common/services/sleepmgr/sam4l/sleepmgr.o
 .debug_macro   0x00028d15       0x29 src/ASF/common/services/sleepmgr/sam4l/sleepmgr.o
 .debug_macro   0x00028d3e       0x75 src/ASF/common/services/sleepmgr/sam4l/sleepmgr.o
 .debug_macro   0x00028db3       0x3f src/ASF/common/services/sleepmgr/sam4l/sleepmgr.o
 .debug_macro   0x00028df2      0x3ca src/ASF/common/services/sleepmgr/sam4l/sleepmgr.o
 .debug_macro   0x000291bc       0x10 src/ASF/common/services/sleepmgr/sam4l/sleepmgr.o
 .debug_macro   0x000291cc       0xce src/ASF/common/services/sleepmgr/sam4l/sleepmgr.o
 .debug_macro   0x0002929a      0x5db src/ASF/common/utils/stdio/read.o
 .debug_macro   0x00029875      0x6cb src/ASF/sam/drivers/ast/ast.o
 .debug_macro   0x00029f40       0x27 src/ASF/sam/drivers/ast/ast.o
 .debug_macro   0x00029f67       0x52 src/ASF/sam/drivers/ast/ast.o
 .debug_macro   0x00029fb9      0x2c6 src/ASF/sam/drivers/ast/ast.o
 .debug_macro   0x0002a27f       0x58 src/ASF/sam/drivers/ast/ast.o
 .debug_macro   0x0002a2d7      0x9b4 src/ASF/sam/drivers/ast/ast.o
 .debug_macro   0x0002ac8b      0x211 src/ASF/sam/drivers/ast/ast.o
 .debug_macro   0x0002ae9c       0x6a src/ASF/sam/drivers/ast/ast.o
 .debug_macro   0x0002af06       0x10 src/ASF/sam/drivers/ast/ast.o
 .debug_macro   0x0002af16      0x130 src/ASF/sam/drivers/ast/ast.o
 .debug_macro   0x0002b046       0x87 src/ASF/sam/drivers/ast/ast.o
 .debug_macro   0x0002b0cd       0x12 src/ASF/sam/drivers/ast/ast.o
 .debug_macro   0x0002b0df       0x10 src/ASF/sam/drivers/ast/ast.o
 .debug_macro   0x0002b0ef      0x627 src/ASF/sam/drivers/usart/usart.o
 .debug_macro   0x0002b716       0x28 src/ASF/sam/drivers/usart/usart.o
 .debug_macro   0x0002b73e      0x5db src/ASF/common/utils/stdio/write.o
 .debug_macro   0x0002bd19      0x5f2 src/ASF/sam/drivers/tc/tc.o
 .debug_macro   0x0002c30b       0x52 src/ASF/sam/drivers/tc/tc.o
 .debug_macro   0x0002c35d       0x8d src/ASF/sam/drivers/tc/tc.o
 .debug_macro   0x0002c3ea       0x16 src/ASF/sam/drivers/tc/tc.o
 .debug_macro   0x0002c400       0x57 src/ASF/sam/drivers/tc/tc.o
 .debug_macro   0x0002c457       0x1c src/ASF/sam/drivers/tc/tc.o
 .debug_macro   0x0002c473      0x764 src/uart.o
 .debug_macro   0x0002cbd7       0x47 src/uart.o
 .debug_macro   0x0002cc1e      0x217 src/uart.o
 .debug_macro   0x0002ce35       0x8e src/uart.o
 .debug_macro   0x0002cec3       0x1c src/uart.o
 .debug_macro   0x0002cedf       0x32 src/uart.o
 .debug_macro   0x0002cf11      0x62b src/ASF/common/services/clock/sam4l/osc.o
 .debug_macro   0x0002d53c      0x2c0 src/ASF/common/services/clock/sam4l/osc.o
 .debug_macro   0x0002d7fc      0x6d0 src/ASF/common/services/clock/sam4l/sysclk.o
 .debug_macro   0x0002decc      0x5db src/ASF/common/utils/interrupt/interrupt_sam_nvic.o
 .debug_macro   0x0002e4a7      0x6b2 src/ASF/sam/boards/sam4l_xplained_pro/init.o
 .debug_macro   0x0002eb59      0x5e5 src/ASF/sam/drivers/bpm/bpm.o
 .debug_macro   0x0002f13e      0x6a2 src/ASF/sam/drivers/wdt/wdt_sam4l.o
 .debug_macro   0x0002f7e0       0x2c src/ASF/sam/drivers/wdt/wdt_sam4l.o
 .debug_macro   0x0002f80c      0x3df src/ASF/sam/utils/cmsis/sam4l/source/templates/exceptions.o
 .debug_macro   0x0002fbeb      0x3df src/ASF/sam/utils/cmsis/sam4l/source/templates/gcc/startup_sam4l.o
 .debug_macro   0x0002ffca      0x1d6 src/ASF/sam/utils/syscalls/gcc/syscalls.o
 .debug_macro   0x000301a0       0x97 src/ASF/sam/utils/syscalls/gcc/syscalls.o
 .debug_macro   0x00030237       0xf6 src/ASF/sam/utils/syscalls/gcc/syscalls.o
 .debug_macro   0x0003032d       0x4c src/ASF/sam/utils/syscalls/gcc/syscalls.o
 .debug_macro   0x00030379       0x16 src/ASF/sam/utils/syscalls/gcc/syscalls.o
 .debug_macro   0x0003038f       0x10 src/ASF/sam/utils/syscalls/gcc/syscalls.o
 .debug_macro   0x0003039f       0x10 src/ASF/sam/utils/syscalls/gcc/syscalls.o
 .debug_macro   0x000303af       0x35 src/ASF/sam/utils/syscalls/gcc/syscalls.o
 .debug_macro   0x000303e4      0x122 src/ASF/sam/utils/syscalls/gcc/syscalls.o
 .debug_macro   0x00030506      0x76a src/main.o

.debug_line     0x00000000     0xf102
 .debug_line    0x00000000      0xcdf src/ASF/common/services/sleepmgr/sam4l/sleepmgr.o
 .debug_line    0x00000cdf      0xc77 src/ASF/common/utils/stdio/read.o
 .debug_line    0x00001956     0x13e3 src/ASF/sam/drivers/ast/ast.o
 .debug_line    0x00002d39     0x1330 src/ASF/sam/drivers/usart/usart.o
 .debug_line    0x00004069      0xc6f src/ASF/common/utils/stdio/write.o
 .debug_line    0x00004cd8      0xdf2 src/ASF/sam/drivers/tc/tc.o
 .debug_line    0x00005aca     0x10d6 src/uart.o
 .debug_line    0x00006ba0     0x10cd src/ASF/common/services/clock/sam4l/osc.o
 .debug_line    0x00007c6d     0x13aa src/ASF/common/services/clock/sam4l/sysclk.o
 .debug_line    0x00009017      0xc91 src/ASF/common/utils/interrupt/interrupt_sam_nvic.o
 .debug_line    0x00009ca8      0xe4b src/ASF/sam/boards/sam4l_xplained_pro/init.o
 .debug_line    0x0000aaf3      0xe69 src/ASF/sam/drivers/bpm/bpm.o
 .debug_line    0x0000b95c      0xe89 src/ASF/sam/drivers/wdt/wdt_sam4l.o
 .debug_line    0x0000c7e5      0x9f3 src/ASF/sam/utils/cmsis/sam4l/source/templates/exceptions.o
 .debug_line    0x0000d1d8      0xa3a src/ASF/sam/utils/cmsis/sam4l/source/templates/gcc/startup_sam4l.o
 .debug_line    0x0000dc12      0x40b src/ASF/sam/utils/syscalls/gcc/syscalls.o
 .debug_line    0x0000e01d     0x10e5 src/main.o

.debug_str      0x00000000    0xe6b68
 .debug_str     0x00000000    0xddcaf src/ASF/common/services/sleepmgr/sam4l/sleepmgr.o
                              0xde546 (size before relaxing)
 .debug_str     0x000ddcaf       0x3f src/ASF/common/utils/stdio/read.o
                              0xddfc0 (size before relaxing)
 .debug_str     0x000ddcee     0x513d src/ASF/sam/drivers/ast/ast.o
                              0xe36f0 (size before relaxing)
 .debug_str     0x000e2e2b      0xb61 src/ASF/sam/drivers/usart/usart.o
                              0xdeb6a (size before relaxing)
 .debug_str     0x000e398c       0x2e src/ASF/common/utils/stdio/write.o
                              0xddfc1 (size before relaxing)
 .debug_str     0x000e39ba      0x344 src/ASF/sam/drivers/tc/tc.o
                              0xde311 (size before relaxing)
 .debug_str     0x000e3cfe      0x8ba src/uart.o
                              0xe355f (size before relaxing)
 .debug_str     0x000e45b8      0x4d0 src/ASF/common/services/clock/sam4l/osc.o
                              0xe1e2f (size before relaxing)
 .debug_str     0x000e4a88      0xa68 src/ASF/common/services/clock/sam4l/sysclk.o
                              0xe3c3b (size before relaxing)
 .debug_str     0x000e54f0       0x65 src/ASF/common/utils/interrupt/interrupt_sam_nvic.o
                              0xde017 (size before relaxing)
 .debug_str     0x000e5555      0x968 src/ASF/sam/boards/sam4l_xplained_pro/init.o
                              0xe3291 (size before relaxing)
 .debug_str     0x000e5ebd      0x210 src/ASF/sam/drivers/bpm/bpm.o
                              0xdea19 (size before relaxing)
 .debug_str     0x000e60cd       0x94 src/ASF/sam/drivers/wdt/wdt_sam4l.o
                              0xe2a6b (size before relaxing)
 .debug_str     0x000e6161       0x4d src/ASF/sam/utils/cmsis/sam4l/source/templates/exceptions.o
                              0xce5ba (size before relaxing)
 .debug_str     0x000e61ae       0xd9 src/ASF/sam/utils/cmsis/sam4l/source/templates/gcc/startup_sam4l.o
                              0xce6b6 (size before relaxing)
 .debug_str     0x000e6287      0x771 src/ASF/sam/utils/syscalls/gcc/syscalls.o
                               0x743a (size before relaxing)
 .debug_str     0x000e69f8      0x170 src/main.o
                              0xe42dc (size before relaxing)

.debug_loc      0x00000000     0x4785
 .debug_loc     0x00000000       0xb3 src/ASF/common/utils/stdio/read.o
 .debug_loc     0x000000b3      0xac4 src/ASF/sam/drivers/ast/ast.o
 .debug_loc     0x00000b77     0x1055 src/ASF/sam/drivers/usart/usart.o
 .debug_loc     0x00001bcc      0x12b src/ASF/common/utils/stdio/write.o
 .debug_loc     0x00001cf7      0x557 src/ASF/sam/drivers/tc/tc.o
 .debug_loc     0x0000224e      0x2da src/uart.o
 .debug_loc     0x00002528      0x36d src/ASF/common/services/clock/sam4l/osc.o
 .debug_loc     0x00002895     0x13e2 src/ASF/common/services/clock/sam4l/sysclk.o
 .debug_loc     0x00003c77      0x158 src/ASF/sam/boards/sam4l_xplained_pro/init.o
 .debug_loc     0x00003dcf      0x47e src/ASF/sam/drivers/bpm/bpm.o
 .debug_loc     0x0000424d      0x1e5 src/ASF/sam/drivers/wdt/wdt_sam4l.o
 .debug_loc     0x00004432       0x6b src/ASF/sam/utils/cmsis/sam4l/source/templates/gcc/startup_sam4l.o
 .debug_loc     0x0000449d       0xfd src/ASF/sam/utils/syscalls/gcc/syscalls.o
 .debug_loc     0x0000459a      0x1eb src/main.o

.debug_ranges   0x00000000      0x738
 .debug_ranges  0x00000000       0x10 src/ASF/common/utils/stdio/read.o
 .debug_ranges  0x00000010       0xd8 src/ASF/sam/drivers/ast/ast.o
 .debug_ranges  0x000000e8      0x288 src/ASF/sam/drivers/usart/usart.o
 .debug_ranges  0x00000370       0x10 src/ASF/common/utils/stdio/write.o
 .debug_ranges  0x00000380       0xb0 src/ASF/sam/drivers/tc/tc.o
 .debug_ranges  0x00000430       0x20 src/uart.o
 .debug_ranges  0x00000450       0x68 src/ASF/common/services/clock/sam4l/osc.o
 .debug_ranges  0x000004b8       0xc0 src/ASF/common/services/clock/sam4l/sysclk.o
 .debug_ranges  0x00000578       0x18 src/ASF/common/utils/interrupt/interrupt_sam_nvic.o
 .debug_ranges  0x00000590       0x10 src/ASF/sam/boards/sam4l_xplained_pro/init.o
 .debug_ranges  0x000005a0       0xb0 src/ASF/sam/drivers/bpm/bpm.o
 .debug_ranges  0x00000650       0x40 src/ASF/sam/drivers/wdt/wdt_sam4l.o
 .debug_ranges  0x00000690       0x10 src/ASF/sam/utils/cmsis/sam4l/source/templates/exceptions.o
 .debug_ranges  0x000006a0       0x10 src/ASF/sam/utils/cmsis/sam4l/source/templates/gcc/startup_sam4l.o
 .debug_ranges  0x000006b0       0x50 src/ASF/sam/utils/syscalls/gcc/syscalls.o
 .debug_ranges  0x00000700       0x38 src/main.o

.debug_frame    0x00000000     0x1df8
 .debug_frame   0x00000000       0x30 src/ASF/common/utils/stdio/read.o
 .debug_frame   0x00000030      0x1d4 src/ASF/sam/drivers/ast/ast.o
 .debug_frame   0x00000204      0x5b4 src/ASF/sam/drivers/usart/usart.o
 .debug_frame   0x000007b8       0x48 src/ASF/common/utils/stdio/write.o
 .debug_frame   0x00000800      0x184 src/ASF/sam/drivers/tc/tc.o
 .debug_frame   0x00000984       0x78 src/uart.o
 .debug_frame   0x000009fc      0x130 src/ASF/common/services/clock/sam4l/osc.o
 .debug_frame   0x00000b2c      0x1bc src/ASF/common/services/clock/sam4l/sysclk.o
 .debug_frame   0x00000ce8       0x30 src/ASF/common/utils/interrupt/interrupt_sam_nvic.o
 .debug_frame   0x00000d18       0x2c src/ASF/sam/boards/sam4l_xplained_pro/init.o
 .debug_frame   0x00000d44      0x184 src/ASF/sam/drivers/bpm/bpm.o
 .debug_frame   0x00000ec8       0xb8 src/ASF/sam/drivers/wdt/wdt_sam4l.o
 .debug_frame   0x00000f80       0x20 src/ASF/sam/utils/cmsis/sam4l/source/templates/exceptions.o
 .debug_frame   0x00000fa0       0x28 src/ASF/sam/utils/cmsis/sam4l/source/templates/gcc/startup_sam4l.o
 .debug_frame   0x00000fc8       0xa0 src/ASF/sam/utils/syscalls/gcc/syscalls.o
 .debug_frame   0x00001068       0x5c src/main.o
 .debug_frame   0x000010c4       0x2c c:/program files (x86)/atmel/studio/7.0/toolchain/arm/arm-gnu-toolchain/bin/../lib/gcc/arm-none-eabi/6.3.1/../../../../arm-none-eabi/lib/thumb/v7e-m\libc.a(lib_a-init.o)
 .debug_frame   0x000010f0       0x74 c:/program files (x86)/atmel/studio/7.0/toolchain/arm/arm-gnu-toolchain/bin/../lib/gcc/arm-none-eabi/6.3.1/../../../../arm-none-eabi/lib/thumb/v7e-m\libc.a(lib_a-iprintf.o)
 .debug_frame   0x00001164       0x34 c:/program files (x86)/atmel/studio/7.0/toolchain/arm/arm-gnu-toolchain/bin/../lib/gcc/arm-none-eabi/6.3.1/../../../../arm-none-eabi/lib/thumb/v7e-m\libc.a(lib_a-memset.o)
 .debug_frame   0x00001198       0x20 c:/program files (x86)/atmel/studio/7.0/toolchain/arm/arm-gnu-toolchain/bin/../lib/gcc/arm-none-eabi/6.3.1/../../../../arm-none-eabi/lib/thumb/v7e-m\libc.a(lib_a-setbuf.o)
 .debug_frame   0x000011b8       0x48 c:/program files (x86)/atmel/studio/7.0/toolchain/arm/arm-gnu-toolchain/bin/../lib/gcc/arm-none-eabi/6.3.1/../../../../arm-none-eabi/lib/thumb/v7e-m\libc.a(lib_a-setvbuf.o)
 .debug_frame   0x00001200       0xd8 c:/program files (x86)/atmel/studio/7.0/toolchain/arm/arm-gnu-toolchain/bin/../lib/gcc/arm-none-eabi/6.3.1/../../../../arm-none-eabi/lib/thumb/v7e-m\libc.a(lib_a-vfiprintf.o)
 .debug_frame   0x000012d8       0x2c c:/program files (x86)/atmel/studio/7.0/toolchain/arm/arm-gnu-toolchain/bin/../lib/gcc/arm-none-eabi/6.3.1/../../../../arm-none-eabi/lib/thumb/v7e-m\libc.a(lib_a-wsetup.o)
 .debug_frame   0x00001304       0x5c c:/program files (x86)/atmel/studio/7.0/toolchain/arm/arm-gnu-toolchain/bin/../lib/gcc/arm-none-eabi/6.3.1/../../../../arm-none-eabi/lib/thumb/v7e-m\libc.a(lib_a-__call_atexit.o)
 .debug_frame   0x00001360       0x20 c:/program files (x86)/atmel/studio/7.0/toolchain/arm/arm-gnu-toolchain/bin/../lib/gcc/arm-none-eabi/6.3.1/../../../../arm-none-eabi/lib/thumb/v7e-m\libc.a(lib_a-atexit.o)
 .debug_frame   0x00001380       0x5c c:/program files (x86)/atmel/studio/7.0/toolchain/arm/arm-gnu-toolchain/bin/../lib/gcc/arm-none-eabi/6.3.1/../../../../arm-none-eabi/lib/thumb/v7e-m\libc.a(lib_a-fflush.o)
 .debug_frame   0x000013dc      0x148 c:/program files (x86)/atmel/studio/7.0/toolchain/arm/arm-gnu-toolchain/bin/../lib/gcc/arm-none-eabi/6.3.1/../../../../arm-none-eabi/lib/thumb/v7e-m\libc.a(lib_a-findfp.o)
 .debug_frame   0x00001524       0x34 c:/program files (x86)/atmel/studio/7.0/toolchain/arm/arm-gnu-toolchain/bin/../lib/gcc/arm-none-eabi/6.3.1/../../../../arm-none-eabi/lib/thumb/v7e-m\libc.a(lib_a-fini.o)
 .debug_frame   0x00001558       0x94 c:/program files (x86)/atmel/studio/7.0/toolchain/arm/arm-gnu-toolchain/bin/../lib/gcc/arm-none-eabi/6.3.1/../../../../arm-none-eabi/lib/thumb/v7e-m\libc.a(lib_a-fputwc.o)
 .debug_frame   0x000015ec       0x74 c:/program files (x86)/atmel/studio/7.0/toolchain/arm/arm-gnu-toolchain/bin/../lib/gcc/arm-none-eabi/6.3.1/../../../../arm-none-eabi/lib/thumb/v7e-m\libc.a(lib_a-freer.o)
 .debug_frame   0x00001660       0x68 c:/program files (x86)/atmel/studio/7.0/toolchain/arm/arm-gnu-toolchain/bin/../lib/gcc/arm-none-eabi/6.3.1/../../../../arm-none-eabi/lib/thumb/v7e-m\libc.a(lib_a-fvwrite.o)
 .debug_frame   0x000016c8       0x54 c:/program files (x86)/atmel/studio/7.0/toolchain/arm/arm-gnu-toolchain/bin/../lib/gcc/arm-none-eabi/6.3.1/../../../../arm-none-eabi/lib/thumb/v7e-m\libc.a(lib_a-fwalk.o)
 .debug_frame   0x0000171c       0x6c c:/program files (x86)/atmel/studio/7.0/toolchain/arm/arm-gnu-toolchain/bin/../lib/gcc/arm-none-eabi/6.3.1/../../../../arm-none-eabi/lib/thumb/v7e-m\libc.a(lib_a-locale.o)
 .debug_frame   0x00001788       0xb0 c:/program files (x86)/atmel/studio/7.0/toolchain/arm/arm-gnu-toolchain/bin/../lib/gcc/arm-none-eabi/6.3.1/../../../../arm-none-eabi/lib/thumb/v7e-m\libc.a(lib_a-lock.o)
 .debug_frame   0x00001838       0x68 c:/program files (x86)/atmel/studio/7.0/toolchain/arm/arm-gnu-toolchain/bin/../lib/gcc/arm-none-eabi/6.3.1/../../../../arm-none-eabi/lib/thumb/v7e-m\libc.a(lib_a-makebuf.o)
 .debug_frame   0x000018a0       0x30 c:/program files (x86)/atmel/studio/7.0/toolchain/arm/arm-gnu-toolchain/bin/../lib/gcc/arm-none-eabi/6.3.1/../../../../arm-none-eabi/lib/thumb/v7e-m\libc.a(lib_a-malloc.o)
 .debug_frame   0x000018d0       0x58 c:/program files (x86)/atmel/studio/7.0/toolchain/arm/arm-gnu-toolchain/bin/../lib/gcc/arm-none-eabi/6.3.1/../../../../arm-none-eabi/lib/thumb/v7e-m\libc.a(lib_a-mallocr.o)
 .debug_frame   0x00001928       0x4c c:/program files (x86)/atmel/studio/7.0/toolchain/arm/arm-gnu-toolchain/bin/../lib/gcc/arm-none-eabi/6.3.1/../../../../arm-none-eabi/lib/thumb/v7e-m\libc.a(lib_a-mbtowc_r.o)
 .debug_frame   0x00001974       0x30 c:/program files (x86)/atmel/studio/7.0/toolchain/arm/arm-gnu-toolchain/bin/../lib/gcc/arm-none-eabi/6.3.1/../../../../arm-none-eabi/lib/thumb/v7e-m\libc.a(lib_a-memmove.o)
 .debug_frame   0x000019a4       0x30 c:/program files (x86)/atmel/studio/7.0/toolchain/arm/arm-gnu-toolchain/bin/../lib/gcc/arm-none-eabi/6.3.1/../../../../arm-none-eabi/lib/thumb/v7e-m\libc.a(lib_a-mlock.o)
 .debug_frame   0x000019d4       0x68 c:/program files (x86)/atmel/studio/7.0/toolchain/arm/arm-gnu-toolchain/bin/../lib/gcc/arm-none-eabi/6.3.1/../../../../arm-none-eabi/lib/thumb/v7e-m\libc.a(lib_a-reallocr.o)
 .debug_frame   0x00001a3c       0x2c c:/program files (x86)/atmel/studio/7.0/toolchain/arm/arm-gnu-toolchain/bin/../lib/gcc/arm-none-eabi/6.3.1/../../../../arm-none-eabi/lib/thumb/v7e-m\libc.a(lib_a-sbrkr.o)
 .debug_frame   0x00001a68       0x88 c:/program files (x86)/atmel/studio/7.0/toolchain/arm/arm-gnu-toolchain/bin/../lib/gcc/arm-none-eabi/6.3.1/../../../../arm-none-eabi/lib/thumb/v7e-m\libc.a(lib_a-stdio.o)
 .debug_frame   0x00001af0       0x40 c:/program files (x86)/atmel/studio/7.0/toolchain/arm/arm-gnu-toolchain/bin/../lib/gcc/arm-none-eabi/6.3.1/../../../../arm-none-eabi/lib/thumb/v7e-m\libc.a(lib_a-wbuf.o)
 .debug_frame   0x00001b30       0x5c c:/program files (x86)/atmel/studio/7.0/toolchain/arm/arm-gnu-toolchain/bin/../lib/gcc/arm-none-eabi/6.3.1/../../../../arm-none-eabi/lib/thumb/v7e-m\libc.a(lib_a-wcrtomb.o)
 .debug_frame   0x00001b8c       0x3c c:/program files (x86)/atmel/studio/7.0/toolchain/arm/arm-gnu-toolchain/bin/../lib/gcc/arm-none-eabi/6.3.1/../../../../arm-none-eabi/lib/thumb/v7e-m\libc.a(lib_a-wctomb_r.o)
 .debug_frame   0x00001bc8       0x2c c:/program files (x86)/atmel/studio/7.0/toolchain/arm/arm-gnu-toolchain/bin/../lib/gcc/arm-none-eabi/6.3.1/../../../../arm-none-eabi/lib/thumb/v7e-m\libc.a(lib_a-writer.o)
 .debug_frame   0x00001bf4       0x34 c:/program files (x86)/atmel/studio/7.0/toolchain/arm/arm-gnu-toolchain/bin/../lib/gcc/arm-none-eabi/6.3.1/../../../../arm-none-eabi/lib/thumb/v7e-m\libc.a(lib_a-__atexit.o)
 .debug_frame   0x00001c28       0x2c c:/program files (x86)/atmel/studio/7.0/toolchain/arm/arm-gnu-toolchain/bin/../lib/gcc/arm-none-eabi/6.3.1/../../../../arm-none-eabi/lib/thumb/v7e-m\libc.a(lib_a-closer.o)
 .debug_frame   0x00001c54       0x3c c:/program files (x86)/atmel/studio/7.0/toolchain/arm/arm-gnu-toolchain/bin/../lib/gcc/arm-none-eabi/6.3.1/../../../../arm-none-eabi/lib/thumb/v7e-m\libc.a(lib_a-fclose.o)